Archive member included because of file (symbol)

C:\Users\holger\Desktop\FloatSat\Workspace\rodos\Debug_STM32F4\librodos.a(application.o)
                              ./Main.o (RODOS::Application::Application(char const*, long))
C:\Users\holger\Desktop\FloatSat\Workspace\rodos\Debug_STM32F4\librodos.a(debug.o)
                              C:\Users\holger\Desktop\FloatSat\Workspace\rodos\Debug_STM32F4\librodos.a(application.o) (RODOS::PRINTF(char const*, ...))
C:\Users\holger\Desktop\FloatSat\Workspace\rodos\Debug_STM32F4\librodos.a(listelement.o)
                              C:\Users\holger\Desktop\FloatSat\Workspace\rodos\Debug_STM32F4\librodos.a(application.o) (RODOS::ListElement::ListElement(RODOS::ListElement*&, char const*, void*))
C:\Users\holger\Desktop\FloatSat\Workspace\rodos\Debug_STM32F4\librodos.a(printfverbosity.o)
                              C:\Users\holger\Desktop\FloatSat\Workspace\rodos\Debug_STM32F4\librodos.a(debug.o) (printfVerbosity)
C:\Users\holger\Desktop\FloatSat\Workspace\rodos\Debug_STM32F4\librodos.a(string_pico.o)
                              ./CommHandler.o (strlen)
C:\Users\holger\Desktop\FloatSat\Workspace\rodos\Debug_STM32F4\librodos.a(subscriber.o)
                              ./PID/AnglePID.o (vtable for RODOS::Subscriber)
C:\Users\holger\Desktop\FloatSat\Workspace\rodos\Debug_STM32F4\librodos.a(thread.o)
                              ./Hardware/UserButton.o (RODOS::Thread::setPeriodicBeat(long long, long long))
C:\Users\holger\Desktop\FloatSat\Workspace\rodos\Debug_STM32F4\librodos.a(timemodel.o)
                              ./tst/TestClass.o (RODOS::TimeModel::getNanoseconds())
C:\Users\holger\Desktop\FloatSat\Workspace\rodos\Debug_STM32F4\librodos.a(topic.o)
                              ./Hardware/IMU.o (RODOS::TopicInterface::TopicInterface(long, long, char const*))
C:\Users\holger\Desktop\FloatSat\Workspace\rodos\Debug_STM32F4\librodos.a(yprintf.o)
                              C:\Users\holger\Desktop\FloatSat\Workspace\rodos\Debug_STM32F4\librodos.a(debug.o) (RODOS::Yprintf::vaprintf(char const*))
C:\Users\holger\Desktop\FloatSat\Workspace\rodos\Debug_STM32F4\librodos.a(call_constructors.o)
                              ./PID/AnglePID.o (__dso_handle)
C:\Users\holger\Desktop\FloatSat\Workspace\rodos\Debug_STM32F4\librodos.a(startup_stm32f4xx.o)
                              (Reset_Handler)
C:\Users\holger\Desktop\FloatSat\Workspace\rodos\Debug_STM32F4\librodos.a(hal_gpio.o)
                              ./tst/TestClass.o (RODOS::HAL_GPIO::HAL_GPIO(RODOS::GPIO_PIN))
C:\Users\holger\Desktop\FloatSat\Workspace\rodos\Debug_STM32F4\librodos.a(hal_i2c.o)
                              ./Main.o (RODOS::HAL_I2C::HAL_I2C(RODOS::I2C_IDX))
C:\Users\holger\Desktop\FloatSat\Workspace\rodos\Debug_STM32F4\librodos.a(hal_pwm.o)
                              ./Hardware/Motor.o (RODOS::HAL_PWM::HAL_PWM(RODOS::PWM_IDX))
C:\Users\holger\Desktop\FloatSat\Workspace\rodos\Debug_STM32F4\librodos.a(hal_uart.o)
                              ./Main.o (RODOS::HAL_UART::HAL_UART(RODOS::UART_IDX))
C:\Users\holger\Desktop\FloatSat\Workspace\rodos\Debug_STM32F4\librodos.a(stm32f4xx_dma.o)
                              C:\Users\holger\Desktop\FloatSat\Workspace\rodos\Debug_STM32F4\librodos.a(hal_uart.o) (DMA_Init)
C:\Users\holger\Desktop\FloatSat\Workspace\rodos\Debug_STM32F4\librodos.a(stm32f4xx_gpio.o)
                              C:\Users\holger\Desktop\FloatSat\Workspace\rodos\Debug_STM32F4\librodos.a(hal_gpio.o) (GPIO_DeInit)
C:\Users\holger\Desktop\FloatSat\Workspace\rodos\Debug_STM32F4\librodos.a(stm32f4xx_i2c.o)
                              C:\Users\holger\Desktop\FloatSat\Workspace\rodos\Debug_STM32F4\librodos.a(hal_i2c.o) (I2C_DeInit)
C:\Users\holger\Desktop\FloatSat\Workspace\rodos\Debug_STM32F4\librodos.a(stm32f4xx_rcc.o)
                              C:\Users\holger\Desktop\FloatSat\Workspace\rodos\Debug_STM32F4\librodos.a(hal_pwm.o) (RCC_GetClocksFreq)
C:\Users\holger\Desktop\FloatSat\Workspace\rodos\Debug_STM32F4\librodos.a(stm32f4xx_syscfg.o)
                              C:\Users\holger\Desktop\FloatSat\Workspace\rodos\Debug_STM32F4\librodos.a(hal_gpio.o) (SYSCFG_EXTILineConfig)
C:\Users\holger\Desktop\FloatSat\Workspace\rodos\Debug_STM32F4\librodos.a(stm32f4xx_tim.o)
                              C:\Users\holger\Desktop\FloatSat\Workspace\rodos\Debug_STM32F4\librodos.a(hal_pwm.o) (TIM_DeInit)
C:\Users\holger\Desktop\FloatSat\Workspace\rodos\Debug_STM32F4\librodos.a(stm32f4xx_usart.o)
                              C:\Users\holger\Desktop\FloatSat\Workspace\rodos\Debug_STM32F4\librodos.a(hal_uart.o) (USART_DeInit)
C:\Users\holger\Desktop\FloatSat\Workspace\rodos\Debug_STM32F4\librodos.a(hw_specific.o)
                              C:\Users\holger\Desktop\FloatSat\Workspace\rodos\Debug_STM32F4\librodos.a(listelement.o) (RODOS::taskRunning)
C:\Users\holger\Desktop\FloatSat\Workspace\rodos\Debug_STM32F4\librodos.a(hw_timer.o)
[...]
Memory Configuration

Name             Origin             Length             Attributes
FLASH            0x08000000         0x00100000         xr
RAM              0x20000000         0x00020000         xrw
CCMRAM           0x10000000         0x00010000         xrw
MEMORY_B1        0x60000000         0x00000000         xr
*default*        0x00000000         0xffffffff

Linker script and memory map

LOAD ./tst/TestClass.o
LOAD ./PID/AnglePID.o
LOAD ./PID/RotPID.o
LOAD ./Hardware/Acc.o
LOAD ./Hardware/Gyro.o
LOAD ./Hardware/IMU.o
LOAD ./Hardware/LightSensor.o
LOAD ./Hardware/Motor.o
LOAD ./Hardware/MotorThread.o
LOAD ./Hardware/UserButton.o
LOAD ./CommHandler.o
LOAD ./Main.o
LOAD ./Satellite.o
LOAD ./TC.o
LOAD ./TM.o
LOAD C:\Users\holger\Desktop\FloatSat\Workspace\rodos\Debug_STM32F4\librodos.a
LOAD C:\Users\holger\Desktop\FloatSat\Workspace\support_libs\Debug_STM32F4\libsupport.a
LOAD c:/users/holger/desktop/floatsat/gnu tools arm embedded/4.8 2014q3/bin/../lib/gcc/arm-none-eabi/4.8.4/../../../../arm-none-eabi/lib/armv7e-m/softfp\libm.a
                0x20020000                _estack = 0x20020000
                0x00001000                _Min_Heap_Size = 0x1000
                0x00000400                _Min_Stack_Size = 0x400

.isr_vector     0x08000000      0x18c
                0x08000000                . = ALIGN (0x4)
                0x08000000                _image_address = .
 *(.isr_vector)
 .isr_vector    0x08000000      0x18c C:\Users\holger\Desktop\FloatSat\Workspace\rodos\Debug_STM32F4\librodos.a(startup_stm32f4xx.o)
                0x08000000                g_pfnVectors
                0x0800018c                . = ALIGN (0x4)

.text           0x08000190    0x15564
                0x08000190                . = ALIGN (0x4)
 *(.text)
 .text          0x08000190      0x370 c:/users/holger/desktop/floatsat/gnu tools arm embedded/4.8 2014q3/bin/../lib/gcc/arm-none-eabi/4.8.4/armv7e-m/softfp\libgcc.a(_arm_addsubdf3.o)
                0x08000190                __aeabi_drsub
                0x08000198                __aeabi_dsub
                0x08000198                __subdf3
                0x0800019c                __aeabi_dadd
                0x0800019c                __adddf3
                0x08000414                __floatunsidf
                0x08000414                __aeabi_ui2d
                0x08000434                __floatsidf
                0x08000434                __aeabi_i2d
                0x08000458                __aeabi_f2d
                0x08000458                __extendsfdf2
                0x08000494                __floatundidf
                0x08000494                __aeabi_ul2d
                0x080004a4                __floatdidf
                0x080004a4                __aeabi_l2d
 .text          0x08000500      0x424 c:/users/holger/desktop/floatsat/gnu tools arm embedded/4.8 2014q3/bin/../lib/gcc/arm-none-eabi/4.8.4/armv7e-m/softfp\libgcc.a(_arm_muldivdf3.o)
                0x08000500                __aeabi_dmul
                0x08000500                __muldf3
                0x08000754                __divdf3
                0x08000754                __aeabi_ddiv
 .text          0x08000924      0x110 c:/users/holger/desktop/floatsat/gnu tools arm embedded/4.8 2014q3/bin/../lib/gcc/arm-none-eabi/4.8.4/armv7e-m/softfp\libgcc.a(_arm_cmpdf2.o)
                0x08000924                __gtdf2
                0x08000924                __gedf2
                0x0800092c                __ltdf2
                0x0800092c                __ledf2
                0x08000934                __nedf2
                0x08000934                __eqdf2
                0x08000934                __cmpdf2
                0x080009b0                __aeabi_cdrcmple
                0x080009c0                __aeabi_cdcmpeq
                0x080009c0                __aeabi_cdcmple
                0x080009d0                __aeabi_dcmpeq
                0x080009e4                __aeabi_dcmplt
                0x080009f8                __aeabi_dcmple
                0x08000a0c                __aeabi_dcmpge
                0x08000a20                __aeabi_dcmpgt
 .text          0x08000a34       0x50 c:/users/holger/desktop/floatsat/gnu tools arm embedded/4.8 2014q3/bin/../lib/gcc/arm-none-eabi/4.8.4/armv7e-m/softfp\libgcc.a(_arm_fixdfsi.o)
                0x08000a34                __aeabi_d2iz
                0x08000a34                __fixdfsi
 .text          0x08000a84       0x40 c:/users/holger/desktop/floatsat/gnu tools arm embedded/4.8 2014q3/bin/../lib/gcc/arm-none-eabi/4.8.4/armv7e-m/softfp\libgcc.a(_arm_fixunsdfsi.o)
                0x08000a84                __aeabi_d2uiz
                0x08000a84                __fixunsdfsi
 .text          0x08000ac4       0xa0 c:/users/holger/desktop/floatsat/gnu tools arm embedded/4.8 2014q3/bin/../lib/gcc/arm-none-eabi/4.8.4/armv7e-m/softfp\libgcc.a(_arm_truncdfsf2.o)
                0x08000ac4                __truncdfsf2
                0x08000ac4                __aeabi_d2f
 .text          0x08000b64       0x38 c:/users/holger/desktop/floatsat/gnu tools arm embedded/4.8 2014q3/bin/../lib/gcc/arm-none-eabi/4.8.4/armv7e-m/softfp\libgcc.a(_aeabi_ldivmod.o)
                0x08000b64                __aeabi_ldivmod
 .text          0x08000b9c       0x2c c:/users/holger/desktop/floatsat/gnu tools arm embedded/4.8 2014q3/bin/../lib/gcc/arm-none-eabi/4.8.4/armv7e-m/softfp\libgcc.a(_aeabi_uldivmod.o)
                0x08000b9c                __aeabi_uldivmod
 .text          0x08000bc8       0x30 c:/users/holger/desktop/floatsat/gnu tools arm embedded/4.8 2014q3/bin/../lib/gcc/arm-none-eabi/4.8.4/armv7e-m/softfp\libgcc.a(_fixdfdi.o)
                0x08000bc8                __fixdfdi
                0x08000bc8                __aeabi_d2lz
 .text          0x08000bf8       0x44 c:/users/holger/desktop/floatsat/gnu tools arm embedded/4.8 2014q3/bin/../lib/gcc/arm-none-eabi/4.8.4/armv7e-m/softfp\libgcc.a(_fixunsdfdi.o)
                0x08000bf8                __fixunsdfdi
                0x08000bf8                __aeabi_d2ulz
 .text          0x08000c3c       0x60 c:/users/holger/desktop/floatsat/gnu tools arm embedded/4.8 2014q3/bin/../lib/gcc/arm-none-eabi/4.8.4/armv7e-m/softfp\libgcc.a(bpabi.o)
                0x08000c3c                __gnu_ldivmod_helper
                0x08000c6c                __gnu_uldivmod_helper
 .text          0x08000c9c        0x4 c:/users/holger/desktop/floatsat/gnu tools arm embedded/4.8 2014q3/bin/../lib/gcc/arm-none-eabi/4.8.4/armv7e-m/softfp\libgcc.a(_dvmd_tls.o)
                0x08000c9c                __aeabi_idiv0
                0x08000c9c                __aeabi_ldiv0
 .text          0x08000ca0      0x298 c:/users/holger/desktop/floatsat/gnu tools arm embedded/4.8 2014q3/bin/../lib/gcc/arm-none-eabi/4.8.4/armv7e-m/softfp\libgcc.a(_divdi3.o)
                0x08000ca0                __divdi3
 .text          0x08000f38      0x284 c:/users/holger/desktop/floatsat/gnu tools arm embedded/4.8 2014q3/bin/../lib/gcc/arm-none-eabi/4.8.4/armv7e-m/softfp\libgcc.a(_udivdi3.o)
                0x08000f38                __udivdi3
 *(.text*)
 .text._Z41__static_initialization_and_destruction_0ii
                0x080011bc       0x44 ./tst/TestClass.o
 .text._GLOBAL__sub_I_ledg
                0x08001200       0x10 ./tst/TestClass.o
 .text._ZN5RODOS10SubscriberD2Ev
                0x08001210       0x3c ./PID/AnglePID.o
                0x08001210                RODOS::Subscriber::~Subscriber()
                0x08001210                RODOS::Subscriber::~Subscriber()
 .text._ZN5RODOS10SubscriberD0Ev
                0x0800124c       0x20 ./PID/AnglePID.o
                0x0800124c                RODOS::Subscriber::~Subscriber()
 .text._ZN5RODOS6PutterD2Ev
                0x0800126c       0x28 ./PID/AnglePID.o
                0x0800126c                RODOS::Putter::~Putter()
                0x0800126c                RODOS::Putter::~Putter()
 .text._ZN5RODOS6PutterD0Ev
                0x08001294       0x20 ./PID/AnglePID.o
                0x08001294                RODOS::Putter::~Putter()
 .text._ZN5RODOS6Putter10putGenericEljPKvRKNS_10NetMsgInfoE
                0x080012b4       0x24 ./PID/AnglePID.o
                0x080012b4                RODOS::Putter::putGeneric(long, unsigned int, void const*, RODOS::NetMsgInfo const&)
 .text._ZN8AnglePIDC2Ev
                0x080012d8       0x74 ./PID/AnglePID.o
                0x080012d8                AnglePID::AnglePID()
                0x080012d8                AnglePID::AnglePID()
 .text._ZN8AnglePID3runEv
                0x0800134c      0x188 ./PID/AnglePID.o
                0x0800134c                AnglePID::run()
 .text._ZN8AnglePID19setDestinationAngleEf
                0x080014d4       0xb4 ./PID/AnglePID.o
                0x080014d4                AnglePID::setDestinationAngle(float)
 .text._ZN8AnglePID4setPEf
                0x08001588       0x3c ./PID/AnglePID.o
                0x08001588                AnglePID::setP(float)
 .text._ZN8AnglePID4setIEf
                0x080015c4       0x3c ./PID/AnglePID.o
                0x080015c4                AnglePID::setI(float)
 .text._ZN8AnglePID4setDEf
                0x08001600       0x3c ./PID/AnglePID.o
                0x08001600                AnglePID::setD(float)
 .text._ZN5RODOS6PutterC2Ev
                0x0800163c       0x20 ./PID/AnglePID.o
                0x0800163c                RODOS::Putter::Putter()
                0x0800163c                RODOS::Putter::Putter()
 .text._ZN5RODOS4FifoIfLi5EEC2Ev
                0x0800165c       0x30 ./PID/AnglePID.o
                0x0800165c                RODOS::Fifo<float, 5>::Fifo()
                0x0800165c                RODOS::Fifo<float, 5>::Fifo()
 .text._ZN5RODOS4FifoIfLi5EE3getERf
                0x0800168c       0x50 ./PID/AnglePID.o
                0x0800168c                RODOS::Fifo<float, 5>::get(float&)
 .text._ZN5RODOS4FifoIfLi5EE12advanceIndexEi
                0x080016dc       0x24 ./PID/AnglePID.o
                0x080016dc                RODOS::Fifo<float, 5>::advanceIndex(int)
 .text._ZN5RODOS4FifoIfLi5EED2Ev
                0x08001700       0x30 ./PID/AnglePID.o
                0x08001700                RODOS::Fifo<float, 5>::~Fifo()
                0x08001700                RODOS::Fifo<float, 5>::~Fifo()
 .text._ZN5RODOS4FifoIfLi5EED0Ev
                0x08001730       0x20 ./PID/AnglePID.o
                0x08001730                RODOS::Fifo<float, 5>::~Fifo()
 .text._Z41__static_initialization_and_destruction_0ii
                0x08001750       0x68 ./PID/AnglePID.o
 .text._ZN5RODOS4FifoIfLi5EE10putGenericEljPKvRKNS_10NetMsgInfoE
                0x080017b8       0x34 ./PID/AnglePID.o
                0x080017b8                RODOS::Fifo<float, 5>::putGeneric(long, unsigned int, void const*, RODOS::NetMsgInfo const&)
 .text._ZN5RODOS4FifoIfLi5EE3putERKf
                0x080017ec       0x50 ./PID/AnglePID.o
                0x080017ec                RODOS::Fifo<float, 5>::put(float const&)
 .text._GLOBAL__sub_I_angleFifo
                0x0800183c       0x10 ./PID/AnglePID.o
 .text._ZN6RotPIDC2Ev
                0x0800184c       0x3c ./PID/RotPID.o
                0x0800184c                RotPID::RotPID()
                0x0800184c                RotPID::RotPID()
 .text._ZN6RotPID3runEv
                0x08001888       0x14 ./PID/RotPID.o
                0x08001888                RotPID::run()
 .text._ZN5RODOS18GenericIOInterface4readEz
                0x0800189c       0x14 ./Hardware/Acc.o
                0x0800189c                RODOS::GenericIOInterface::read(...)
 .text._ZN5RODOS18GenericIOInterfaceaSERKS0_
                0x080018b0       0x40 ./Hardware/Acc.o
                0x080018b0                RODOS::GenericIOInterface::operator=(RODOS::GenericIOInterface const&)
 .text._ZN5RODOS8HAL_GPIOaSERKS0_
                0x080018f0       0x28 ./Hardware/Acc.o
                0x080018f0                RODOS::HAL_GPIO::operator=(RODOS::HAL_GPIO const&)
 .text._ZN3Acc4initEv
                0x08001918      0x254 ./Hardware/Acc.o
                0x08001918                Acc::init()
 .text._ZN3Acc4readEv
                0x08001b6c      0x1b8 ./Hardware/Acc.o
                0x08001b6c                Acc::read()
 .text._ZN3Acc10setAccBiasEttt
                0x08001d24       0x38 ./Hardware/Acc.o
                0x08001d24                Acc::setAccBias(unsigned short, unsigned short, unsigned short)
 .text._ZN3Acc10setMagBiasEttt
                0x08001d5c       0x38 ./Hardware/Acc.o
                0x08001d5c                Acc::setMagBias(unsigned short, unsigned short, unsigned short)
 .text._ZN3Acc7getTempEv
                0x08001d94       0x1c ./Hardware/Acc.o
                0x08001d94                Acc::getTemp()
 .text._ZN3Acc7getAccXEv
                0x08001db0       0x2c ./Hardware/Acc.o
                0x08001db0                Acc::getAccX()
 .text._ZN3Acc7getAccYEv
                0x08001ddc       0x2c ./Hardware/Acc.o
                0x08001ddc                Acc::getAccY()
 .text._ZN3Acc7getAccZEv
                0x08001e08       0x2c ./Hardware/Acc.o
                0x08001e08                Acc::getAccZ()
 .text._ZN3Acc7getMagXEv
                0x08001e34       0x2c ./Hardware/Acc.o
                0x08001e34                Acc::getMagX()
 .text._ZN3Acc7getMagYEv
                0x08001e60       0x2c ./Hardware/Acc.o
                0x08001e60                Acc::getMagY()
 .text._ZN3Acc7getMagZEv
                0x08001e8c       0x2c ./Hardware/Acc.o
                0x08001e8c                Acc::getMagZ()
 .text._ZN3Acc11getAccXBiasEv
                0x08001eb8       0x1c ./Hardware/Acc.o
                0x08001eb8                Acc::getAccXBias()
 .text._ZN3Acc11getAccYBiasEv
                0x08001ed4       0x1c ./Hardware/Acc.o
                0x08001ed4                Acc::getAccYBias()
 .text._ZN3Acc11getAccZBiasEv
                0x08001ef0       0x1c ./Hardware/Acc.o
                0x08001ef0                Acc::getAccZBias()
 .text._ZN3Acc11getMagXBiasEv
                0x08001f0c       0x1c ./Hardware/Acc.o
                0x08001f0c                Acc::getMagXBias()
 .text._ZN3Acc11getMagYBiasEv
                0x08001f28       0x1c ./Hardware/Acc.o
                0x08001f28                Acc::getMagYBias()
 .text._ZN3Acc11getMagZBiasEv
                0x08001f44       0x1c ./Hardware/Acc.o
                0x08001f44                Acc::getMagZBias()
 .text._Z12vector_crossP8Vector3DS0_S0_
                0x08001f60       0x94 ./Hardware/Acc.o
                0x08001f60                vector_cross(Vector3D*, Vector3D*, Vector3D*)
 .text._Z10vector_dotP8Vector3DS0_
                0x08001ff4       0x54 ./Hardware/Acc.o
                0x08001ff4                vector_dot(Vector3D*, Vector3D*)
 .text._Z16vector_normalizeP8Vector3D
                0x08002048       0x78 ./Hardware/Acc.o
                0x08002048                vector_normalize(Vector3D*)
 .text._ZN3Acc14getOrientationEv
                0x080020c0      0x218 ./Hardware/Acc.o
                0x080020c0                Acc::getOrientation()
 .text._ZN4Gyro4initEv
                0x080022d8      0x180 ./Hardware/Gyro.o
                0x080022d8                Gyro::init()
 .text._ZN4Gyro7setBiasEttt
                0x08002458       0x30 ./Hardware/Gyro.o
                0x08002458                Gyro::setBias(unsigned short, unsigned short, unsigned short)
 .text._ZN4Gyro4readEv
                0x08002488       0xf4 ./Hardware/Gyro.o
                0x08002488                Gyro::read()
 .text._ZN4Gyro4getXEv
                0x0800257c       0x5c ./Hardware/Gyro.o
                0x0800257c                Gyro::getX()
 .text._ZN4Gyro4getYEv
                0x080025d8       0x5c ./Hardware/Gyro.o
                0x080025d8                Gyro::getY()
 .text._ZN4Gyro4getZEv
                0x08002634       0x5c ./Hardware/Gyro.o
                0x08002634                Gyro::getZ()
 .text._ZN4Gyro8getXBiasEv
                0x08002690       0x1c ./Hardware/Gyro.o
                0x08002690                Gyro::getXBias()
 .text._ZN4Gyro8getYBiasEv
                0x080026ac       0x1c ./Hardware/Gyro.o
                0x080026ac                Gyro::getYBias()
 .text._ZN4Gyro8getZBiasEv
                0x080026c8       0x1c ./Hardware/Gyro.o
                0x080026c8                Gyro::getZBias()
 .text._ZN5RODOS14TopicInterfaceD2Ev
                0x080026e4       0x3c ./Hardware/IMU.o
                0x080026e4                RODOS::TopicInterface::~TopicInterface()
                0x080026e4                RODOS::TopicInterface::~TopicInterface()
 .text._ZN5RODOS14TopicInterfaceD0Ev
                0x08002720       0x20 ./Hardware/IMU.o
                0x08002720                RODOS::TopicInterface::~TopicInterface()
 .text._ZN4GyroC2Ev
                0x08002740       0x20 ./Hardware/IMU.o
                0x08002740                Gyro::Gyro()
                0x08002740                Gyro::Gyro()
 .text._ZN3AccC2Ev
                0x08002760       0x20 ./Hardware/IMU.o
                0x08002760                Acc::Acc()
                0x08002760                Acc::Acc()
 .text._ZN3IMUC2EPKcy
                0x08002780       0x68 ./Hardware/IMU.o
                0x08002780                IMU::IMU(char const*, unsigned long long)
                0x08002780                IMU::IMU(char const*, unsigned long long)
 .text._ZN4GyroaSERKS_
                0x080027e8       0xc8 ./Hardware/IMU.o
                0x080027e8                Gyro::operator=(Gyro const&)
 .text._ZN3AccaSERKS_
                0x080028b0      0x118 ./Hardware/IMU.o
                0x080028b0                Acc::operator=(Acc const&)
 .text._ZN3IMU4initEv
                0x080029c8       0xdc ./Hardware/IMU.o
                0x080029c8                IMU::init()
 .text._ZN3IMU8calcBiasEv
                0x08002aa4      0x278 ./Hardware/IMU.o
                0x08002aa4                IMU::calcBias()
 .text._ZN3IMU10setPeriodeEy
                0x08002d1c       0x38 ./Hardware/IMU.o
                0x08002d1c                IMU::setPeriode(unsigned long long)
 .text._ZN3IMU3runEv
                0x08002d54      0x1b8 ./Hardware/IMU.o
                0x08002d54                IMU::run()
 .text._ZN5RODOS5TopicI11RawVector3DEC2ElPKc
                0x08002f0c       0x30 ./Hardware/IMU.o
                0x08002f0c                RODOS::Topic<RawVector3D>::Topic(long, char const*)
                0x08002f0c                RODOS::Topic<RawVector3D>::Topic(long, char const*)
 .text._ZN5RODOS5TopicIfEC2ElPKc
                0x08002f3c       0x30 ./Hardware/IMU.o
                0x08002f3c                RODOS::Topic<float>::Topic(long, char const*)
                0x08002f3c                RODOS::Topic<float>::Topic(long, char const*)
 .text._ZN5RODOS5TopicI11RawVector3DE7publishERS1_b
                0x08002f6c       0x28 ./Hardware/IMU.o
                0x08002f6c                RODOS::Topic<RawVector3D>::publish(RawVector3D&, bool)
 .text._ZN5RODOS5TopicIfE7publishERfb
                0x08002f94       0x28 ./Hardware/IMU.o
                0x08002f94                RODOS::Topic<float>::publish(float&, bool)
 .text._ZN3IMUD2Ev
                0x08002fbc       0x30 ./Hardware/IMU.o
                0x08002fbc                IMU::~IMU()
                0x08002fbc                IMU::~IMU()
 .text._ZN3IMUD0Ev
                0x08002fec       0x20 ./Hardware/IMU.o
                0x08002fec                IMU::~IMU()
 .text._Z41__static_initialization_and_destruction_0ii
                0x0800300c       0xc4 ./Hardware/IMU.o
 .text._ZN5RODOS5TopicIfED2Ev
                0x080030d0       0x3c ./Hardware/IMU.o
                0x080030d0                RODOS::Topic<float>::~Topic()
                0x080030d0                RODOS::Topic<float>::~Topic()
 .text._ZN5RODOS5TopicIfED0Ev
                0x0800310c       0x20 ./Hardware/IMU.o
                0x0800310c                RODOS::Topic<float>::~Topic()
 .text._ZN5RODOS5TopicI11RawVector3DED2Ev
                0x0800312c       0x3c ./Hardware/IMU.o
                0x0800312c                RODOS::Topic<RawVector3D>::~Topic()
                0x0800312c                RODOS::Topic<RawVector3D>::~Topic()
 .text._ZN5RODOS5TopicI11RawVector3DED0Ev
                0x08003168       0x20 ./Hardware/IMU.o
                0x08003168                RODOS::Topic<RawVector3D>::~Topic()
 .text._GLOBAL__sub_I_accTopic
                0x08003188       0x10 ./Hardware/IMU.o
 .text._ZN11LightSensorC2EPKcPN5RODOS7HAL_I2CEy
                0x08003198       0x80 ./Hardware/LightSensor.o
                0x08003198                LightSensor::LightSensor(char const*, RODOS::HAL_I2C*, unsigned long long)
                0x08003198                LightSensor::LightSensor(char const*, RODOS::HAL_I2C*, unsigned long long)
 .text._ZN11LightSensor6turnOnEv
                0x08003218       0x1c ./Hardware/LightSensor.o
                0x08003218                LightSensor::turnOn()
 .text._ZN11LightSensor7turnOffEv
                0x08003234       0x1c ./Hardware/LightSensor.o
                0x08003234                LightSensor::turnOff()
 .text._ZN11LightSensor4initEv
                0x08003250       0xbc ./Hardware/LightSensor.o
                0x08003250                LightSensor::init()
 .text._ZN11LightSensor3runEv
                0x0800330c      0x100 ./Hardware/LightSensor.o
                0x0800330c                LightSensor::run()
 .text._ZN11LightSensor12calculateLuxEtt
                0x0800340c      0x120 ./Hardware/LightSensor.o
                0x0800340c                LightSensor::calculateLux(unsigned short, unsigned short)
 .text._ZN11LightSensor10setPeriodeEy
                0x0800352c       0x38 ./Hardware/LightSensor.o
                0x0800352c                LightSensor::setPeriode(unsigned long long)
 .text._ZN5RODOS5TopicImEC2ElPKc
                0x08003564       0x30 ./Hardware/LightSensor.o
                0x08003564                RODOS::Topic<unsigned long>::Topic(long, char const*)
                0x08003564                RODOS::Topic<unsigned long>::Topic(long, char const*)
 .text._ZN5RODOS5TopicImE7publishERmb
                0x08003594       0x28 ./Hardware/LightSensor.o
                0x08003594                RODOS::Topic<unsigned long>::publish(unsigned long&, bool)
 .text._ZN11LightSensorD2Ev
                0x080035bc       0x30 ./Hardware/LightSensor.o
                0x080035bc                LightSensor::~LightSensor()
                0x080035bc                LightSensor::~LightSensor()
 .text._ZN11LightSensorD0Ev
                0x080035ec       0x20 ./Hardware/LightSensor.o
                0x080035ec                LightSensor::~LightSensor()
 .text._Z41__static_initialization_and_destruction_0ii
                0x0800360c       0x48 ./Hardware/LightSensor.o
 .text._ZN5RODOS5TopicImED2Ev
                0x08003654       0x3c ./Hardware/LightSensor.o
                0x08003654                RODOS::Topic<unsigned long>::~Topic()
                0x08003654                RODOS::Topic<unsigned long>::~Topic()
 .text._ZN5RODOS5TopicImED0Ev
                0x08003690       0x20 ./Hardware/LightSensor.o
                0x08003690                RODOS::Topic<unsigned long>::~Topic()
 .text._GLOBAL__sub_I_lightTopic
                0x080036b0       0x10 ./Hardware/LightSensor.o
 .text._ZN5Motor4initEv
                0x080036c0       0x68 ./Hardware/Motor.o
                0x080036c0                Motor::init()
 .text._ZN5Motor10startMotorEv
                0x08003728       0x24 ./Hardware/Motor.o
                0x08003728                Motor::startMotor()
 .text._ZN5Motor9stopMotorEv
                0x0800374c       0x30 ./Hardware/Motor.o
                0x0800374c                Motor::stopMotor()
 .text._ZN5Motor8setSpeedEh
                0x0800377c       0x68 ./Hardware/Motor.o
                0x0800377c                Motor::setSpeed(unsigned char)
 .text._Z41__static_initialization_and_destruction_0ii
                0x080037e4       0x5c ./Hardware/Motor.o
 .text._GLOBAL__sub_I_inAGPIO
                0x08003840       0x10 ./Hardware/Motor.o
 .text._ZN11MotorThreadC2EPKc
                0x08003850       0x30 ./Hardware/MotorThread.o
                0x08003850                MotorThread::MotorThread(char const*)
                0x08003850                MotorThread::MotorThread(char const*)
 .text._ZN11MotorThread4initEv
                0x08003880       0x30 ./Hardware/MotorThread.o
                0x08003880                MotorThread::init()
 .text._ZN11MotorThread3runEv
                0x080038b0       0x18 ./Hardware/MotorThread.o
                0x080038b0                MotorThread::run()
 .text._ZN11MotorThread13setMotorSpeedEh
                0x080038c8       0x24 ./Hardware/MotorThread.o
                0x080038c8                MotorThread::setMotorSpeed(unsigned char)
 .text._ZN11MotorThreadD2Ev
                0x080038ec       0x30 ./Hardware/MotorThread.o
                0x080038ec                MotorThread::~MotorThread()
                0x080038ec                MotorThread::~MotorThread()
 .text._ZN11MotorThreadD0Ev
                0x0800391c       0x20 ./Hardware/MotorThread.o
                0x0800391c                MotorThread::~MotorThread()
 .text._ZN5RODOS5TopicIbEC2ElPKc
                0x0800393c       0x30 ./Hardware/UserButton.o
                0x0800393c                RODOS::Topic<bool>::Topic(long, char const*)
                0x0800393c                RODOS::Topic<bool>::Topic(long, char const*)
 .text._Z41__static_initialization_and_destruction_0ii
                0x0800396c       0x48 ./Hardware/UserButton.o
 .text._ZN5RODOS5TopicIbED2Ev
                0x080039b4       0x3c ./Hardware/UserButton.o
                0x080039b4                RODOS::Topic<bool>::~Topic()
                0x080039b4                RODOS::Topic<bool>::~Topic()
 .text._ZN5RODOS5TopicIbED0Ev
                0x080039f0       0x20 ./Hardware/UserButton.o
                0x080039f0                RODOS::Topic<bool>::~Topic()
 .text._GLOBAL__sub_I_buttonTopic
                0x08003a10       0x10 ./Hardware/UserButton.o
 .text._ZN11CommHandlerC2EPKcPN5RODOS8HAL_UARTEy
                0x08003a20       0x40 ./CommHandler.o
                0x08003a20                CommHandler::CommHandler(char const*, RODOS::HAL_UART*, unsigned long long)
                0x08003a20                CommHandler::CommHandler(char const*, RODOS::HAL_UART*, unsigned long long)
 .text._ZN11CommHandler4initEv
                0x08003a60       0x1c ./CommHandler.o
                0x08003a60                CommHandler::init()
 .text._ZN11CommHandler3runEv
                0x08003a7c       0xf4 ./CommHandler.o
                0x08003a7c                CommHandler::run()
 .text._ZN11CommHandler19parseStringToPacketEPciP10CommStruct
                0x08003b70       0xd0 ./CommHandler.o
                0x08003b70                CommHandler::parseStringToPacket(char*, int, CommStruct*)
 .text._ZN11CommHandler19parsePacketToStringEPcP10CommStruct
                0x08003c40       0x24 ./CommHandler.o
                0x08003c40                CommHandler::parsePacketToString(char*, CommStruct*)
 .text._ZN5RODOS5TopicI10CommStructEC2ElPKc
                0x08003c64       0x30 ./CommHandler.o
                0x08003c64                RODOS::Topic<CommStruct>::Topic(long, char const*)
                0x08003c64                RODOS::Topic<CommStruct>::Topic(long, char const*)
 .text._ZN5RODOS4FifoI10CommStructLi64EEC2Ev
                0x08003c94       0x3c ./CommHandler.o
                0x08003c94                RODOS::Fifo<CommStruct, 64>::Fifo()
                0x08003c94                RODOS::Fifo<CommStruct, 64>::Fifo()
 .text._ZN5RODOS5TopicI10CommStructE7publishERS1_b
                0x08003cd0       0x28 ./CommHandler.o
                0x08003cd0                RODOS::Topic<CommStruct>::publish(CommStruct&, bool)
 .text._ZN5RODOS4FifoI10CommStructLi64EE3getERS1_
                0x08003cf8       0x80 ./CommHandler.o
                0x08003cf8                RODOS::Fifo<CommStruct, 64>::get(CommStruct&)
 .text._ZN5RODOS4FifoI10CommStructLi64EE12advanceIndexEi
                0x08003d78       0x24 ./CommHandler.o
                0x08003d78                RODOS::Fifo<CommStruct, 64>::advanceIndex(int)
 .text._ZN5RODOS4FifoI10CommStructLi64EED2Ev
                0x08003d9c       0x30 ./CommHandler.o
                0x08003d9c                RODOS::Fifo<CommStruct, 64>::~Fifo()
                0x08003d9c                RODOS::Fifo<CommStruct, 64>::~Fifo()
 .text._ZN5RODOS4FifoI10CommStructLi64EED0Ev
                0x08003dcc       0x20 ./CommHandler.o
                0x08003dcc                RODOS::Fifo<CommStruct, 64>::~Fifo()
 .text._ZN11CommHandlerD2Ev
                0x08003dec       0x30 ./CommHandler.o
                0x08003dec                CommHandler::~CommHandler()
                0x08003dec                CommHandler::~CommHandler()
 .text._ZN11CommHandlerD0Ev
                0x08003e1c       0x20 ./CommHandler.o
                0x08003e1c                CommHandler::~CommHandler()
 .text._Z41__static_initialization_and_destruction_0ii
                0x08003e3c       0xa4 ./CommHandler.o
 .text._ZN5RODOS4FifoI10CommStructLi64EE10putGenericEljPKvRKNS_10NetMsgInfoE
                0x08003ee0       0x34 ./CommHandler.o
                0x08003ee0                RODOS::Fifo<CommStruct, 64>::putGeneric(long, unsigned int, void const*, RODOS::NetMsgInfo const&)
 .text._ZN5RODOS5TopicI10CommStructED2Ev
                0x08003f14       0x3c ./CommHandler.o
                0x08003f14                RODOS::Topic<CommStruct>::~Topic()
                0x08003f14                RODOS::Topic<CommStruct>::~Topic()
 .text._ZN5RODOS5TopicI10CommStructED0Ev
                0x08003f50       0x20 ./CommHandler.o
                0x08003f50                RODOS::Topic<CommStruct>::~Topic()
 .text._ZN5RODOS4FifoI10CommStructLi64EE3putERKS1_
                0x08003f70       0x7c ./CommHandler.o
                0x08003f70                RODOS::Fifo<CommStruct, 64>::put(CommStruct const&)
 .text._GLOBAL__sub_I_tcTopic
                0x08003fec       0x10 ./CommHandler.o
 .text._ZN2TMD2Ev
                0x08003ffc       0x30 ./Main.o
                0x08003ffc                TM::~TM()
                0x08003ffc                TM::~TM()
 .text._ZN2TMD0Ev
                0x0800402c       0x20 ./Main.o
                0x0800402c                TM::~TM()
 .text._ZN2TCD2Ev
                0x0800404c       0x44 ./Main.o
                0x0800404c                TC::~TC()
                0x0800404c                TC::~TC()
 .text._ZN2TCD1Ev
                0x08004090        0x8 ./Main.o
                0x08004090                non-virtual thunk to TC::~TC()
 .text._ZN2TCD0Ev
                0x08004098       0x28 ./Main.o
                0x08004098                TC::~TC()
                0x080040b8                non-virtual thunk to TC::~TC()
 .text._ZN9SatelliteD2Ev
                0x080040c0       0x30 ./Main.o
                0x080040c0                Satellite::~Satellite()
                0x080040c0                Satellite::~Satellite()
 .text._ZN9SatelliteD0Ev
                0x080040f0       0x20 ./Main.o
                0x080040f0                Satellite::~Satellite()
 .text._Z41__static_initialization_and_destruction_0ii
                0x08004110      0x190 ./Main.o
 .text._GLOBAL__sub_I_uart_usb
                0x080042a0       0x10 ./Main.o
 .text._ZN9SatelliteC2EPKcy
                0x080042b0       0xd8 ./Satellite.o
                0x080042b0                Satellite::Satellite(char const*, unsigned long long)
                0x080042b0                Satellite::Satellite(char const*, unsigned long long)
 .text._ZN9Satellite4initEv
                0x08004388       0x14 ./Satellite.o
                0x08004388                Satellite::init()
 .text._ZN9Satellite19setDestinationAngleEh
                0x0800439c       0x34 ./Satellite.o
                0x0800439c                Satellite::setDestinationAngle(unsigned char)
 .text._ZN9Satellite3runEv
                0x080043d0       0x34 ./Satellite.o
                0x080043d0                Satellite::run()
 .text._ZN9Satellite18handleModePeriodicEv
                0x08004404       0x38 ./Satellite.o
                0x08004404                Satellite::handleModePeriodic()
 .text._ZN9Satellite7setModeE10SkyNetMode
                0x0800443c       0x30 ./Satellite.o
                0x0800443c                Satellite::setMode(SkyNetMode)
 .text._ZN9Satellite10switchModeEv
                0x0800446c       0x50 ./Satellite.o
                0x0800446c                Satellite::switchMode()
 .text._ZN9Satellite16setAnglePIDConstE11PIDConstantf
                0x080044bc       0x50 ./Satellite.o
                0x080044bc                Satellite::setAnglePIDConst(PIDConstant, float)
 .text._ZN2TCC2EPKcP3IMUP11LightSensorP11MotorThread
                0x0800450c       0x6c ./TC.o
                0x0800450c                TC::TC(char const*, IMU*, LightSensor*, MotorThread*)
                0x0800450c                TC::TC(char const*, IMU*, LightSensor*, MotorThread*)
 .text._ZN2TC3putEllPKvRKN5RODOS10NetMsgInfoE
                0x08004578       0x2c ./TC.o
                0x08004578                TC::put(long, long, void const*, RODOS::NetMsgInfo const&)
 .text._ZThn80_N2TC3putEllPKvRKN5RODOS10NetMsgInfoE
                0x080045a4        0x8 ./TC.o
                0x080045a4                non-virtual thunk to TC::put(long, long, void const*, RODOS::NetMsgInfo const&)
 .text._ZN2TC4initEv
                0x080045ac       0x14 ./TC.o
                0x080045ac                TC::init()
 .text._ZN2TC3runEv
                0x080045c0       0x44 ./TC.o
                0x080045c0                TC::run()
 .text._ZN2TC12handlePacketEP10CommStruct
                0x08004604      0x530 ./TC.o
                0x08004604                TC::handlePacket(CommStruct*)
 .text._ZN2TC14paramIsEqualToEP10CommStructPKc
                0x08004b34       0x2c ./TC.o
                0x08004b34                TC::paramIsEqualTo(CommStruct*, char const*)
 .text._ZN2TC12msgIsEqualToEP10CommStructPKc
                0x08004b60       0x2c ./TC.o
                0x08004b60                TC::msgIsEqualTo(CommStruct*, char const*)
 .text._ZN5RODOS4FifoI10CommStructLi5EEC2Ev
                0x08004b8c       0x34 ./TC.o
                0x08004b8c                RODOS::Fifo<CommStruct, 5>::Fifo()
                0x08004b8c                RODOS::Fifo<CommStruct, 5>::Fifo()
 .text._ZN5RODOS4FifoI10CommStructLi5EE3putERKS1_
                0x08004bc0       0x6c ./TC.o
                0x08004bc0                RODOS::Fifo<CommStruct, 5>::put(CommStruct const&)
 .text._ZN5RODOS4FifoI10CommStructLi5EE3getERS1_
                0x08004c2c       0x6c ./TC.o
                0x08004c2c                RODOS::Fifo<CommStruct, 5>::get(CommStruct&)
 .text._ZN5RODOS4FifoI10CommStructLi5EE12advanceIndexEi
                0x08004c98       0x24 ./TC.o
                0x08004c98                RODOS::Fifo<CommStruct, 5>::advanceIndex(int)
 .text._ZN5RODOS4FifoI10CommStructLi5EED2Ev
                0x08004cbc       0x30 ./TC.o
                0x08004cbc                RODOS::Fifo<CommStruct, 5>::~Fifo()
                0x08004cbc                RODOS::Fifo<CommStruct, 5>::~Fifo()
 .text._ZN5RODOS4FifoI10CommStructLi5EED0Ev
                0x08004cec       0x20 ./TC.o
                0x08004cec                RODOS::Fifo<CommStruct, 5>::~Fifo()
 .text._Z41__static_initialization_and_destruction_0ii
                0x08004d0c       0x3c ./TC.o
 .text._ZN5RODOS4FifoI10CommStructLi5EE10putGenericEljPKvRKNS_10NetMsgInfoE
                0x08004d48       0x34 ./TC.o
                0x08004d48                RODOS::Fifo<CommStruct, 5>::putGeneric(long, unsigned int, void const*, RODOS::NetMsgInfo const&)
 .text._GLOBAL__sub_I_tcBuffer
                0x08004d7c       0x10 ./TC.o
 .text._ZN2TMC2EPKcy
                0x08004d8c       0x44 ./TM.o
                0x08004d8c                TM::TM(char const*, unsigned long long)
                0x08004d8c                TM::TM(char const*, unsigned long long)
 .text._ZN2TM4initEv
                0x08004dd0       0x14 ./TM.o
                0x08004dd0                TM::init()
 .text._ZN2TM3runEv
                0x08004de4       0x3c ./TM.o
                0x08004de4                TM::run()
 .text._Z20raw_vector_to_stringPcP11RawVector3D
                0x08004e20       0x30 ./TM.o
                0x08004e20                raw_vector_to_string(char*, RawVector3D*)
 .text._Z17raw_vector_to_msgP10CommStructP11RawVector3D
                0x08004e50       0x54 ./TM.o
                0x08004e50                raw_vector_to_msg(CommStruct*, RawVector3D*)
 .text._ZN2TM20sendHousekeepingDataEv
                0x08004ea4      0x16c ./TM.o
                0x08004ea4                TM::sendHousekeepingData()
 .text._ZN2TM6turnOnEv
                0x08005010       0x1c ./TM.o
                0x08005010                TM::turnOn()
 .text._ZN2TM7turnOffEv
                0x0800502c       0x1c ./TM.o
                0x0800502c                TM::turnOff()
 .text._ZN5RODOS4FifoImLi5EEC2Ev
                0x08005048       0x30 ./TM.o
                0x08005048                RODOS::Fifo<unsigned long, 5>::Fifo()
                0x08005048                RODOS::Fifo<unsigned long, 5>::Fifo()
 .text._ZN5RODOS4FifoI11RawVector3DLi5EEC2Ev
                0x08005078       0x30 ./TM.o
                0x08005078                RODOS::Fifo<RawVector3D, 5>::Fifo()
                0x08005078                RODOS::Fifo<RawVector3D, 5>::Fifo()
 .text._ZN5RODOS4FifoI11RawVector3DLi5EE3getERS1_
                0x080050a8       0x60 ./TM.o
                0x080050a8                RODOS::Fifo<RawVector3D, 5>::get(RawVector3D&)
 .text._ZN5RODOS4FifoImLi5EE3getERm
                0x08005108       0x50 ./TM.o
                0x08005108                RODOS::Fifo<unsigned long, 5>::get(unsigned long&)
 .text._ZN5RODOS4FifoI11RawVector3DLi5EE12advanceIndexEi
                0x08005158       0x24 ./TM.o
                0x08005158                RODOS::Fifo<RawVector3D, 5>::advanceIndex(int)
 .text._ZN5RODOS4FifoImLi5EE12advanceIndexEi
                0x0800517c       0x24 ./TM.o
                0x0800517c                RODOS::Fifo<unsigned long, 5>::advanceIndex(int)
 .text._ZN5RODOS4FifoI11RawVector3DLi5EED2Ev
                0x080051a0       0x30 ./TM.o
                0x080051a0                RODOS::Fifo<RawVector3D, 5>::~Fifo()
                0x080051a0                RODOS::Fifo<RawVector3D, 5>::~Fifo()
 .text._ZN5RODOS4FifoI11RawVector3DLi5EED0Ev
                0x080051d0       0x20 ./TM.o
                0x080051d0                RODOS::Fifo<RawVector3D, 5>::~Fifo()
 .text._ZN5RODOS4FifoImLi5EED2Ev
                0x080051f0       0x30 ./TM.o
                0x080051f0                RODOS::Fifo<unsigned long, 5>::~Fifo()
                0x080051f0                RODOS::Fifo<unsigned long, 5>::~Fifo()
 .text._ZN5RODOS4FifoImLi5EED0Ev
                0x08005220       0x20 ./TM.o
                0x08005220                RODOS::Fifo<unsigned long, 5>::~Fifo()
 .text._Z41__static_initialization_and_destruction_0ii
                0x08005240      0x194 ./TM.o
 .text._ZN5RODOS4FifoI11RawVector3DLi5EE10putGenericEljPKvRKNS_10NetMsgInfoE
                0x080053d4       0x34 ./TM.o
                0x080053d4                RODOS::Fifo<RawVector3D, 5>::putGeneric(long, unsigned int, void const*, RODOS::NetMsgInfo const&)
 .text._ZN5RODOS4FifoImLi5EE10putGenericEljPKvRKNS_10NetMsgInfoE
                0x08005408       0x34 ./TM.o
                0x08005408                RODOS::Fifo<unsigned long, 5>::putGeneric(long, unsigned int, void const*, RODOS::NetMsgInfo const&)
 .text._ZN5RODOS4FifoI11RawVector3DLi5EE3putERKS1_
                0x0800543c       0x5c ./TM.o
                0x0800543c                RODOS::Fifo<RawVector3D, 5>::put(RawVector3D const&)
 .text._ZN5RODOS4FifoImLi5EE3putERKm
                0x08005498       0x50 ./TM.o
                0x08005498                RODOS::Fifo<unsigned long, 5>::put(unsigned long const&)
 .text._GLOBAL__sub_I_lightFifo
                0x080054e8       0x10 ./TM.o
 .text._ZNK5RODOS11ListElement7getNextEv
                0x080054f8       0x18 C:\Users\holger\Desktop\FloatSat\Workspace\rodos\Debug_STM32F4\librodos.a(application.o)
                0x080054f8                RODOS::ListElement::getNext() const
 .text._ZNK5RODOS11ListElement7getNameEv
                0x08005510       0x18 C:\Users\holger\Desktop\FloatSat\Workspace\rodos\Debug_STM32F4\librodos.a(application.o)
                0x08005510                RODOS::ListElement::getName() const
 .text._ZN5RODOS11Application4initEv
                0x08005528       0x14 C:\Users\holger\Desktop\FloatSat\Workspace\rodos\Debug_STM32F4\librodos.a(application.o)
                0x08005528                RODOS::Application::init()
 .text._ZN5RODOS11ApplicationC2EPKcl
                0x0800553c       0x40 C:\Users\holger\Desktop\FloatSat\Workspace\rodos\Debug_STM32F4\librodos.a(application.o)
                0x0800553c                RODOS::Application::Application(char const*, long)
                0x0800553c                RODOS::Application::Application(char const*, long)
 .text._ZN5RODOS11ApplicationD2Ev
                0x0800557c       0x3c C:\Users\holger\Desktop\FloatSat\Workspace\rodos\Debug_STM32F4\librodos.a(application.o)
                0x0800557c                RODOS::Application::~Application()
                0x0800557c                RODOS::Application::~Application()
 .text._ZN5RODOS11ApplicationD0Ev
                0x080055b8       0x20 C:\Users\holger\Desktop\FloatSat\Workspace\rodos\Debug_STM32F4\librodos.a(application.o)
                0x080055b8                RODOS::Application::~Application()
 .text._ZN5RODOS11Application8activateEv
                0x080055d8       0x18 C:\Users\holger\Desktop\FloatSat\Workspace\rodos\Debug_STM32F4\librodos.a(application.o)
                0x080055d8                RODOS::Application::activate()
 .text._ZN5RODOS11Application10deactivateEv
                0x080055f0       0x18 C:\Users\holger\Desktop\FloatSat\Workspace\rodos\Debug_STM32F4\librodos.a(application.o)
                0x080055f0                RODOS::Application::deactivate()
 .text._ZN5RODOS11Application7requestEPviS1_i
                0x08005608       0x20 C:\Users\holger\Desktop\FloatSat\Workspace\rodos\Debug_STM32F4\librodos.a(application.o)
                0x08005608                RODOS::Application::request(void*, int, void*, int)
 .text._ZN5RODOS11Application17printApplicationsEv
                0x08005628       0x64 C:\Users\holger\Desktop\FloatSat\Workspace\rodos\Debug_STM32F4\librodos.a(application.o)
                0x08005628                RODOS::Application::printApplications()
 .text._ZN5RODOS7YprintfD2Ev
                0x0800568c       0x28 C:\Users\holger\Desktop\FloatSat\Workspace\rodos\Debug_STM32F4\librodos.a(debug.o)
                0x0800568c                RODOS::Yprintf::~Yprintf()
                0x0800568c                RODOS::Yprintf::~Yprintf()
 .text._ZN5RODOS7YprintfD0Ev
                0x080056b4       0x20 C:\Users\holger\Desktop\FloatSat\Workspace\rodos\Debug_STM32F4\librodos.a(debug.o)
                0x080056b4                RODOS::Yprintf::~Yprintf()
 .text._ZN5RODOS7Yprintf5yputcEc
                0x080056d4       0x1c C:\Users\holger\Desktop\FloatSat\Workspace\rodos\Debug_STM32F4\librodos.a(debug.o)
                0x080056d4                RODOS::Yprintf::yputc(char)
 .text._ZN5RODOS7YprintfC2Ev
                0x080056f0       0x20 C:\Users\holger\Desktop\FloatSat\Workspace\rodos\Debug_STM32F4\librodos.a(debug.o)
                0x080056f0                RODOS::Yprintf::Yprintf()
                0x080056f0                RODOS::Yprintf::Yprintf()
 .text._ZN5RODOS6PRINTFEPKcz
                0x08005710       0x8c C:\Users\holger\Desktop\FloatSat\Workspace\rodos\Debug_STM32F4\librodos.a(debug.o)
                0x08005710                RODOS::PRINTF(char const*, ...)
 .text._ZN5RODOS5ERROREPKc
                0x0800579c       0x34 C:\Users\holger\Desktop\FloatSat\Workspace\rodos\Debug_STM32F4\librodos.a(debug.o)
                0x0800579c                RODOS::ERROR(char const*)
 .text._Z41__static_initialization_and_destruction_0ii
                0x080057d0       0x2c C:\Users\holger\Desktop\FloatSat\Workspace\rodos\Debug_STM32F4\librodos.a(debug.o)
 .text._GLOBAL__sub_I__ZN5RODOS12errorCounterE
                0x080057fc       0x10 C:\Users\holger\Desktop\FloatSat\Workspace\rodos\Debug_STM32F4\librodos.a(debug.o)
 .text._ZN5RODOS11ListElementC2ERPS0_PKcPv
                0x0800580c       0x40 C:\Users\holger\Desktop\FloatSat\Workspace\rodos\Debug_STM32F4\librodos.a(listelement.o)
                0x0800580c                RODOS::ListElement::ListElement(RODOS::ListElement*&, char const*, void*)
                0x0800580c                RODOS::ListElement::ListElement(RODOS::ListElement*&, char const*, void*)
 .text._ZN5RODOS11ListElement6appendERPS0_
                0x0800584c       0x50 C:\Users\holger\Desktop\FloatSat\Workspace\rodos\Debug_STM32F4\librodos.a(listelement.o)
                0x0800584c                RODOS::ListElement::append(RODOS::ListElement*&)
 .text._ZN5RODOS11ListElementD2Ev
                0x0800589c       0x1c C:\Users\holger\Desktop\FloatSat\Workspace\rodos\Debug_STM32F4\librodos.a(listelement.o)
                0x0800589c                RODOS::ListElement::~ListElement()
                0x0800589c                RODOS::ListElement::~ListElement()
 .text.strlen   0x080058b8       0x3c C:\Users\holger\Desktop\FloatSat\Workspace\rodos\Debug_STM32F4\librodos.a(string_pico.o)
                0x080058b8                strlen
 .text.strcpy   0x080058f4       0x50 C:\Users\holger\Desktop\FloatSat\Workspace\rodos\Debug_STM32F4\librodos.a(string_pico.o)
                0x080058f4                strcpy
 .text.memset   0x08005944       0x44 C:\Users\holger\Desktop\FloatSat\Workspace\rodos\Debug_STM32F4\librodos.a(string_pico.o)
                0x08005944                memset
 .text.memcpy   0x08005988       0x54 C:\Users\holger\Desktop\FloatSat\Workspace\rodos\Debug_STM32F4\librodos.a(string_pico.o)
                0x08005988                memcpy
 .text.strncpy  0x080059dc       0x60 C:\Users\holger\Desktop\FloatSat\Workspace\rodos\Debug_STM32F4\librodos.a(string_pico.o)
                0x080059dc                strncpy
 .text.strcmp   0x08005a3c       0x6c C:\Users\holger\Desktop\FloatSat\Workspace\rodos\Debug_STM32F4\librodos.a(string_pico.o)
                0x08005a3c                strcmp
 .text.strncmp  0x08005aa8       0x80 C:\Users\holger\Desktop\FloatSat\Workspace\rodos\Debug_STM32F4\librodos.a(string_pico.o)
                0x08005aa8                strncmp
 .text._ZdlPv   0x08005b28       0x14 C:\Users\holger\Desktop\FloatSat\Workspace\rodos\Debug_STM32F4\librodos.a(string_pico.o)
                0x08005b28                operator delete(void*)
 .text._ZN5RODOS10SubscriberC2ERNS_14TopicInterfaceERNS_6PutterEPKcb
                0x08005b3c       0x64 C:\Users\holger\Desktop\FloatSat\Workspace\rodos\Debug_STM32F4\librodos.a(subscriber.o)
                0x08005b3c                RODOS::Subscriber::Subscriber(RODOS::TopicInterface&, RODOS::Putter&, char const*, bool)
                0x08005b3c                RODOS::Subscriber::Subscriber(RODOS::TopicInterface&, RODOS::Putter&, char const*, bool)
 .text._ZN5RODOS10SubscriberC2ERNS_14TopicInterfaceEPKc
                0x08005ba0       0x60 C:\Users\holger\Desktop\FloatSat\Workspace\rodos\Debug_STM32F4\librodos.a(subscriber.o)
                0x08005ba0                RODOS::Subscriber::Subscriber(RODOS::TopicInterface&, char const*)
                0x08005ba0                RODOS::Subscriber::Subscriber(RODOS::TopicInterface&, char const*)
 .text._ZN5RODOS10Subscriber3putEllPKvl
                0x08005c00       0x20 C:\Users\holger\Desktop\FloatSat\Workspace\rodos\Debug_STM32F4\librodos.a(subscriber.o)
                0x08005c00                RODOS::Subscriber::put(long, long, void const*, long)
 .text._ZN5RODOS10Subscriber3putEllPKvRKNS_10NetMsgInfoE
                0x08005c20       0xac C:\Users\holger\Desktop\FloatSat\Workspace\rodos\Debug_STM32F4\librodos.a(subscriber.o)
                0x08005c20                RODOS::Subscriber::put(long, long, void const*, RODOS::NetMsgInfo const&)
 .text._ZN5RODOS10Subscriber16putFromInterruptElPKvi
                0x08005ccc       0x3c C:\Users\holger\Desktop\FloatSat\Workspace\rodos\Debug_STM32F4\librodos.a(subscriber.o)
                0x08005ccc                RODOS::Subscriber::putFromInterrupt(long, void const*, int)
 .text._ZN5RODOS6Thread15setPeriodicBeatExx
                0x08005d08       0x2c C:\Users\holger\Desktop\FloatSat\Workspace\rodos\Debug_STM32F4\librodos.a(thread.o)
                0x08005d08                RODOS::Thread::setPeriodicBeat(long long, long long)
 .text._ZN5RODOS6Thread20suspendUntilNextBeatEv
                0x08005d34       0x64 C:\Users\holger\Desktop\FloatSat\Workspace\rodos\Debug_STM32F4\librodos.a(thread.o)
                0x08005d34                RODOS::Thread::suspendUntilNextBeat()
 .text._ZN5RODOS6Thread20setPrioCurrentRunnerEl
                0x08005d98       0x28 C:\Users\holger\Desktop\FloatSat\Workspace\rodos\Debug_STM32F4\librodos.a(thread.o)
                0x08005d98                RODOS::Thread::setPrioCurrentRunner(long)
 .text._ZN5RODOS9TimeModelC2Ev
                0x08005dc0       0x48 C:\Users\holger\Desktop\FloatSat\Workspace\rodos\Debug_STM32F4\librodos.a(timemodel.o)
                0x08005dc0                RODOS::TimeModel::TimeModel()
                0x08005dc0                RODOS::TimeModel::TimeModel()
 .text._ZN5RODOS9TimeModel14getNanosecondsEv
                0x08005e08       0x14 C:\Users\holger\Desktop\FloatSat\Workspace\rodos\Debug_STM32F4\librodos.a(timemodel.o)
                0x08005e08                RODOS::TimeModel::getNanoseconds()
 .text._ZN5RODOS9TimeModel15computeNextBeatExxx
                0x08005e1c       0x88 C:\Users\holger\Desktop\FloatSat\Workspace\rodos\Debug_STM32F4\librodos.a(timemodel.o)
                0x08005e1c                RODOS::TimeModel::computeNextBeat(long long, long long, long long)
 .text._Z41__static_initialization_and_destruction_0ii
                0x08005ea4       0x2c C:\Users\holger\Desktop\FloatSat\Workspace\rodos\Debug_STM32F4\librodos.a(timemodel.o)
 .text._GLOBAL__sub_I__ZN5RODOS7sysTimeE
                0x08005ed0       0x10 C:\Users\holger\Desktop\FloatSat\Workspace\rodos\Debug_STM32F4\librodos.a(timemodel.o)
 .text._ZN5RODOS14TopicInterfaceC2EllPKc
                0x08005ee0       0xe0 C:\Users\holger\Desktop\FloatSat\Workspace\rodos\Debug_STM32F4\librodos.a(topic.o)
                0x08005ee0                RODOS::TopicInterface::TopicInterface(long, long, char const*)
                0x08005ee0                RODOS::TopicInterface::TopicInterface(long, long, char const*)
 .text._ZN5RODOS14TopicInterface7publishEPvbPNS_10NetMsgInfoE
                0x08005fc0       0x30 C:\Users\holger\Desktop\FloatSat\Workspace\rodos\Debug_STM32F4\librodos.a(topic.o)
                0x08005fc0                RODOS::TopicInterface::publish(void*, bool, RODOS::NetMsgInfo*)
 .text._ZN5RODOS14TopicInterface14publishMsgPartEPvjbPNS_10NetMsgInfoE
                0x08005ff0      0x134 C:\Users\holger\Desktop\FloatSat\Workspace\rodos\Debug_STM32F4\librodos.a(topic.o)
                0x08005ff0                RODOS::TopicInterface::publishMsgPart(void*, unsigned int, bool, RODOS::NetMsgInfo*)
 .text._ZN5RODOS5TopicINS_13GenericMsgRefEED2Ev
                0x08006124       0x3c C:\Users\holger\Desktop\FloatSat\Workspace\rodos\Debug_STM32F4\librodos.a(topic.o)
                0x08006124                RODOS::Topic<RODOS::GenericMsgRef>::~Topic()
                0x08006124                RODOS::Topic<RODOS::GenericMsgRef>::~Topic()
 .text._ZN5RODOS5TopicINS_13GenericMsgRefEED0Ev
                0x08006160       0x20 C:\Users\holger\Desktop\FloatSat\Workspace\rodos\Debug_STM32F4\librodos.a(topic.o)
                0x08006160                RODOS::Topic<RODOS::GenericMsgRef>::~Topic()
 .text._ZN5RODOS5TopicINS_13GenericMsgRefEEC2ElPKc
                0x08006180       0x30 C:\Users\holger\Desktop\FloatSat\Workspace\rodos\Debug_STM32F4\librodos.a(topic.o)
                0x08006180                RODOS::Topic<RODOS::GenericMsgRef>::Topic(long, char const*)
                0x08006180                RODOS::Topic<RODOS::GenericMsgRef>::Topic(long, char const*)
 .text._ZN5RODOS5TopicINS_14NetworkMessageEEC2ElPKc
                0x080061b0       0x30 C:\Users\holger\Desktop\FloatSat\Workspace\rodos\Debug_STM32F4\librodos.a(topic.o)
                0x080061b0                RODOS::Topic<RODOS::NetworkMessage>::Topic(long, char const*)
                0x080061b0                RODOS::Topic<RODOS::NetworkMessage>::Topic(long, char const*)
 .text._ZN5RODOS5TopicIPvEC2ElPKc
                0x080061e0       0x30 C:\Users\holger\Desktop\FloatSat\Workspace\rodos\Debug_STM32F4\librodos.a(topic.o)
                0x080061e0                RODOS::Topic<void*>::Topic(long, char const*)
                0x080061e0                RODOS::Topic<void*>::Topic(long, char const*)
 .text._Z41__static_initialization_and_destruction_0ii
                0x08006210      0x104 C:\Users\holger\Desktop\FloatSat\Workspace\rodos\Debug_STM32F4\librodos.a(topic.o)
 .text._ZN5RODOS5TopicIPvED2Ev
                0x08006314       0x3c C:\Users\holger\Desktop\FloatSat\Workspace\rodos\Debug_STM32F4\librodos.a(topic.o)
                0x08006314                RODOS::Topic<void*>::~Topic()
                0x08006314                RODOS::Topic<void*>::~Topic()
 .text._ZN5RODOS5TopicIPvED0Ev
                0x08006350       0x20 C:\Users\holger\Desktop\FloatSat\Workspace\rodos\Debug_STM32F4\librodos.a(topic.o)
                0x08006350                RODOS::Topic<void*>::~Topic()
 .text._ZN5RODOS5TopicINS_14NetworkMessageEED2Ev
                0x08006370       0x3c C:\Users\holger\Desktop\FloatSat\Workspace\rodos\Debug_STM32F4\librodos.a(topic.o)
                0x08006370                RODOS::Topic<RODOS::NetworkMessage>::~Topic()
                0x08006370                RODOS::Topic<RODOS::NetworkMessage>::~Topic()
 .text._ZN5RODOS5TopicINS_14NetworkMessageEED0Ev
                0x080063ac       0x20 C:\Users\holger\Desktop\FloatSat\Workspace\rodos\Debug_STM32F4\librodos.a(topic.o)
                0x080063ac                RODOS::Topic<RODOS::NetworkMessage>::~Topic()
 .text._GLOBAL__sub_I__ZN5RODOS14TopicInterfaceC2EllPKc
                0x080063cc       0x10 C:\Users\holger\Desktop\FloatSat\Workspace\rodos\Debug_STM32F4\librodos.a(topic.o)
 .text._ZN5RODOS7Yprintf8vaprintfEPKc
                0x080063dc      0x4e4 C:\Users\holger\Desktop\FloatSat\Workspace\rodos\Debug_STM32F4\librodos.a(yprintf.o)
                0x080063dc                RODOS::Yprintf::vaprintf(char const*)
 .text._ZN5RODOS7xprintfEPKcz
                0x080068c0       0x40 C:\Users\holger\Desktop\FloatSat\Workspace\rodos\Debug_STM32F4\librodos.a(yprintf.o)
                0x080068c0                RODOS::xprintf(char const*, ...)
 .text.call_constructors
                0x08006900       0x40 C:\Users\holger\Desktop\FloatSat\Workspace\rodos\Debug_STM32F4\librodos.a(call_constructors.o)
                0x08006900                call_constructors
 .text.__cxa_atexit
                0x08006940       0x1c C:\Users\holger\Desktop\FloatSat\Workspace\rodos\Debug_STM32F4\librodos.a(call_constructors.o)
                0x08006940                __cxa_atexit
 .text.__cxa_pure_virtual
                0x0800695c        0x8 C:\Users\holger\Desktop\FloatSat\Workspace\rodos\Debug_STM32F4\librodos.a(call_constructors.o)
                0x0800695c                __cxa_pure_virtual
 .text.Reset_Handler
                0x08006964       0x6c C:\Users\holger\Desktop\FloatSat\Workspace\rodos\Debug_STM32F4\librodos.a(startup_stm32f4xx.o)
                0x08006964                Reset_Handler
 .text.Default_Handler
                0x080069d0        0x4 C:\Users\holger\Desktop\FloatSat\Workspace\rodos\Debug_STM32F4\librodos.a(startup_stm32f4xx.o)
                0x080069d0                RTC_Alarm_IRQHandler
                0x080069d0                HASH_RNG_IRQHandler
                0x080069d0                TIM8_CC_IRQHandler
                0x080069d0                DebugMon_Handler
                0x080069d0                TIM1_CC_IRQHandler
                0x080069d0                HardFault_Handler
                0x080069d0                PVD_IRQHandler
                0x080069d0                SDIO_IRQHandler
                0x080069d0                TAMP_STAMP_IRQHandler
                0x080069d0                NMI_Handler
                0x080069d0                CAN2_RX1_IRQHandler
                0x080069d0                TIM8_TRG_COM_TIM14_IRQHandler
                0x080069d0                TIM1_UP_TIM10_IRQHandler
                0x080069d0                TIM8_UP_TIM13_IRQHandler
                0x080069d0                I2C3_ER_IRQHandler
                0x080069d0                I2C2_EV_IRQHandler
                0x080069d0                DMA1_Stream2_IRQHandler
                0x080069d0                CAN1_RX0_IRQHandler
                0x080069d0                FPU_IRQHandler
                0x080069d0                OTG_HS_WKUP_IRQHandler
                0x080069d0                UsageFault_Handler
                0x080069d0                CAN2_SCE_IRQHandler
                0x080069d0                DMA2_Stream2_IRQHandler
                0x080069d0                SPI1_IRQHandler
                0x080069d0                TIM6_DAC_IRQHandler
                0x080069d0                TIM1_BRK_TIM9_IRQHandler
                0x080069d0                DCMI_IRQHandler
                0x080069d0                CAN2_RX0_IRQHandler
                0x080069d0                DMA2_Stream3_IRQHandler
                0x080069d0                CRYP_IRQHandler
                0x080069d0                CAN1_RX1_IRQHandler
                0x080069d0                DMA2_Stream0_IRQHandler
                0x080069d0                TIM4_IRQHandler
                0x080069d0                I2C1_EV_IRQHandler
                0x080069d0                DMA1_Stream6_IRQHandler
                0x080069d0                TIM3_IRQHandler
                0x080069d0                RCC_IRQHandler
                0x080069d0                TIM8_BRK_TIM12_IRQHandler
                0x080069d0                Default_Handler
                0x080069d0                ADC_IRQHandler
                0x080069d0                DMA1_Stream7_IRQHandler
                0x080069d0                CAN2_TX_IRQHandler
                0x080069d0                I2C3_EV_IRQHandler
                0x080069d0                RTC_WKUP_IRQHandler
                0x080069d0                ETH_WKUP_IRQHandler
                0x080069d0                SPI2_IRQHandler
                0x080069d0                OTG_HS_EP1_IN_IRQHandler
                0x080069d0                MemManage_Handler
                0x080069d0                DMA1_Stream0_IRQHandler
                0x080069d0                CAN1_TX_IRQHandler
                0x080069d0                FSMC_IRQHandler
                0x080069d0                ETH_IRQHandler
                0x080069d0                OTG_HS_EP1_OUT_IRQHandler
                0x080069d0                WWDG_IRQHandler
                0x080069d0                TIM2_IRQHandler
                0x080069d0                OTG_FS_WKUP_IRQHandler
                0x080069d0                TIM1_TRG_COM_TIM11_IRQHandler
                0x080069d0                OTG_HS_IRQHandler
                0x080069d0                I2C2_ER_IRQHandler
                0x080069d0                DMA2_Stream1_IRQHandler
                0x080069d0                CAN1_SCE_IRQHandler
                0x080069d0                FLASH_IRQHandler
                0x080069d0                DMA2_Stream4_IRQHandler
                0x080069d0                BusFault_Handler
                0x080069d0                OTG_FS_IRQHandler
                0x080069d0                SPI3_IRQHandler
                0x080069d0                DMA1_Stream4_IRQHandler
                0x080069d0                I2C1_ER_IRQHandler
                0x080069d0                DMA2_Stream6_IRQHandler
 .text._ZnwjPv  0x080069d4       0x18 C:\Users\holger\Desktop\FloatSat\Workspace\rodos\Debug_STM32F4\librodos.a(hal_gpio.o)
                0x080069d4                operator new(unsigned int, void*)
 .text._ZN5RODOS18GenericIOInterface4initEz
                0x080069ec       0x14 C:\Users\holger\Desktop\FloatSat\Workspace\rodos\Debug_STM32F4\librodos.a(hal_gpio.o)
                0x080069ec                RODOS::GenericIOInterface::init(...)
 .text._ZN5RODOS18GenericIOInterface6configEz
                0x08006a00       0x14 C:\Users\holger\Desktop\FloatSat\Workspace\rodos\Debug_STM32F4\librodos.a(hal_gpio.o)
                0x08006a00                RODOS::GenericIOInterface::config(...)
 .text._ZN5RODOS18GenericIOInterface6statusEz
                0x08006a14       0x14 C:\Users\holger\Desktop\FloatSat\Workspace\rodos\Debug_STM32F4\librodos.a(hal_gpio.o)
                0x08006a14                RODOS::GenericIOInterface::status(...)
 .text._ZN5RODOS18GenericIOInterface5writeEz
                0x08006a28       0x14 C:\Users\holger\Desktop\FloatSat\Workspace\rodos\Debug_STM32F4\librodos.a(hal_gpio.o)
                0x08006a28                RODOS::GenericIOInterface::write(...)
 .text._ZN5RODOS18GenericIOInterface9writeReadEz
                0x08006a3c       0x14 C:\Users\holger\Desktop\FloatSat\Workspace\rodos\Debug_STM32F4\librodos.a(hal_gpio.o)
                0x08006a3c                RODOS::GenericIOInterface::writeRead(...)
 .text._ZN5RODOS8HAL_GPIO15isWriteFinishedEv
                0x08006a50       0x18 C:\Users\holger\Desktop\FloatSat\Workspace\rodos\Debug_STM32F4\librodos.a(hal_gpio.o)
                0x08006a50                RODOS::HAL_GPIO::isWriteFinished()
 .text._ZN5RODOS8HAL_GPIO14isReadFinishedEv
                0x08006a68       0x18 C:\Users\holger\Desktop\FloatSat\Workspace\rodos\Debug_STM32F4\librodos.a(hal_gpio.o)
                0x08006a68                RODOS::HAL_GPIO::isReadFinished()
 .text.NVIC_EnableIRQ
                0x08006a80       0x30 C:\Users\holger\Desktop\FloatSat\Workspace\rodos\Debug_STM32F4\librodos.a(hal_gpio.o)
 .text.NVIC_ClearPendingIRQ
                0x08006ab0       0x34 C:\Users\holger\Desktop\FloatSat\Workspace\rodos\Debug_STM32F4\librodos.a(hal_gpio.o)
 .text._ZN5RODOS17initEXTInterruptsEv
                0x08006ae4       0x54 C:\Users\holger\Desktop\FloatSat\Workspace\rodos\Debug_STM32F4\librodos.a(hal_gpio.o)
                0x08006ae4                RODOS::initEXTInterrupts()
 .text._ZN5RODOS11HW_HAL_GPIOC2ENS_8GPIO_PINEhb
                0x08006b38       0x64 C:\Users\holger\Desktop\FloatSat\Workspace\rodos\Debug_STM32F4\librodos.a(hal_gpio.o)
                0x08006b38                RODOS::HW_HAL_GPIO::HW_HAL_GPIO(RODOS::GPIO_PIN, unsigned char, bool)
                0x08006b38                RODOS::HW_HAL_GPIO::HW_HAL_GPIO(RODOS::GPIO_PIN, unsigned char, bool)
 .text._ZN5RODOS11HW_HAL_GPIO10setPinMaskEv
                0x08006b9c       0x6c C:\Users\holger\Desktop\FloatSat\Workspace\rodos\Debug_STM32F4\librodos.a(hal_gpio.o)
                0x08006b9c                RODOS::HW_HAL_GPIO::setPinMask()
 .text._ZN5RODOS11HW_HAL_GPIO15setGPIOPortVarsEv
                0x08006c08      0x110 C:\Users\holger\Desktop\FloatSat\Workspace\rodos\Debug_STM32F4\librodos.a(hal_gpio.o)
                0x08006c08                RODOS::HW_HAL_GPIO::setGPIOPortVars()
 .text._ZN5RODOS11HW_HAL_GPIO13EXTIRQHandlerEv
                0x08006d18       0x3c C:\Users\holger\Desktop\FloatSat\Workspace\rodos\Debug_STM32F4\librodos.a(hal_gpio.o)
                0x08006d18                RODOS::HW_HAL_GPIO::EXTIRQHandler()
 .text._ZN5RODOS8HAL_GPIOC2ENS_8GPIO_PINE
                0x08006d54       0x68 C:\Users\holger\Desktop\FloatSat\Workspace\rodos\Debug_STM32F4\librodos.a(hal_gpio.o)
                0x08006d54                RODOS::HAL_GPIO::HAL_GPIO(RODOS::GPIO_PIN)
                0x08006d54                RODOS::HAL_GPIO::HAL_GPIO(RODOS::GPIO_PIN)
 .text._ZN5RODOS8HAL_GPIO4initEbmm
                0x08006dbc       0x88 C:\Users\holger\Desktop\FloatSat\Workspace\rodos\Debug_STM32F4\librodos.a(hal_gpio.o)
                0x08006dbc                RODOS::HAL_GPIO::init(bool, unsigned long, unsigned long)
 .text._ZN5RODOS8HAL_GPIO6configENS_13GPIO_CFG_TYPEEm
                0x08006e44      0x158 C:\Users\holger\Desktop\FloatSat\Workspace\rodos\Debug_STM32F4\librodos.a(hal_gpio.o)
                0x08006e44                RODOS::HAL_GPIO::config(RODOS::GPIO_CFG_TYPE, unsigned long)
 .text._ZN5RODOS8HAL_GPIO5resetEv
                0x08006f9c       0x3c C:\Users\holger\Desktop\FloatSat\Workspace\rodos\Debug_STM32F4\librodos.a(hal_gpio.o)
                0x08006f9c                RODOS::HAL_GPIO::reset()
 .text._ZN5RODOS8HAL_GPIO7setPinsEm
                0x08006fd8       0x98 C:\Users\holger\Desktop\FloatSat\Workspace\rodos\Debug_STM32F4\librodos.a(hal_gpio.o)
                0x08006fd8                RODOS::HAL_GPIO::setPins(unsigned long)
 .text._ZN5RODOS8HAL_GPIO11isDataReadyEv
                0x08007070       0x1c C:\Users\holger\Desktop\FloatSat\Workspace\rodos\Debug_STM32F4\librodos.a(hal_gpio.o)
                0x08007070                RODOS::HAL_GPIO::isDataReady()
 .text._ZN5RODOS8HAL_GPIO15interruptEnableEb
                0x0800708c      0x158 C:\Users\holger\Desktop\FloatSat\Workspace\rodos\Debug_STM32F4\librodos.a(hal_gpio.o)
                0x0800708c                RODOS::HAL_GPIO::interruptEnable(bool)
 .text.EXTI0_IRQHandler
                0x080071e4       0x24 C:\Users\holger\Desktop\FloatSat\Workspace\rodos\Debug_STM32F4\librodos.a(hal_gpio.o)
                0x080071e4                EXTI0_IRQHandler
 .text.EXTI1_IRQHandler
                0x08007208       0x24 C:\Users\holger\Desktop\FloatSat\Workspace\rodos\Debug_STM32F4\librodos.a(hal_gpio.o)
                0x08007208                EXTI1_IRQHandler
 .text.EXTI2_IRQHandler
                0x0800722c       0x24 C:\Users\holger\Desktop\FloatSat\Workspace\rodos\Debug_STM32F4\librodos.a(hal_gpio.o)
                0x0800722c                EXTI2_IRQHandler
 .text.EXTI3_IRQHandler
                0x08007250       0x24 C:\Users\holger\Desktop\FloatSat\Workspace\rodos\Debug_STM32F4\librodos.a(hal_gpio.o)
                0x08007250                EXTI3_IRQHandler
 .text.EXTI4_IRQHandler
                0x08007274       0x24 C:\Users\holger\Desktop\FloatSat\Workspace\rodos\Debug_STM32F4\librodos.a(hal_gpio.o)
                0x08007274                EXTI4_IRQHandler
 .text.EXTI9_5_IRQHandler
                0x08007298       0x5c C:\Users\holger\Desktop\FloatSat\Workspace\rodos\Debug_STM32F4\librodos.a(hal_gpio.o)
                0x08007298                EXTI9_5_IRQHandler
 .text.EXTI15_10_IRQHandler
                0x080072f4       0x5c C:\Users\holger\Desktop\FloatSat\Workspace\rodos\Debug_STM32F4\librodos.a(hal_gpio.o)
                0x080072f4                EXTI15_10_IRQHandler
 .text._ZN5RODOS18GenericIOInterface11isDataReadyEv
                0x08007350       0x18 C:\Users\holger\Desktop\FloatSat\Workspace\rodos\Debug_STM32F4\librodos.a(hal_i2c.o)
                0x08007350                RODOS::GenericIOInterface::isDataReady()
 .text._ZN5RODOS10HW_HAL_I2CC2ENS_7I2C_IDXE
                0x08007368       0x20 C:\Users\holger\Desktop\FloatSat\Workspace\rodos\Debug_STM32F4\librodos.a(hal_i2c.o)
                0x08007368                RODOS::HW_HAL_I2C::HW_HAL_I2C(RODOS::I2C_IDX)
                0x08007368                RODOS::HW_HAL_I2C::HW_HAL_I2C(RODOS::I2C_IDX)
 .text._ZN5RODOS10HW_HAL_I2CC2Ev
                0x08007388       0x18 C:\Users\holger\Desktop\FloatSat\Workspace\rodos\Debug_STM32F4\librodos.a(hal_i2c.o)
                0x08007388                RODOS::HW_HAL_I2C::HW_HAL_I2C()
                0x08007388                RODOS::HW_HAL_I2C::HW_HAL_I2C()
 .text._ZN5RODOS7HAL_I2CC2ENS_7I2C_IDXE
                0x080073a0      0x1d0 C:\Users\holger\Desktop\FloatSat\Workspace\rodos\Debug_STM32F4\librodos.a(hal_i2c.o)
                0x080073a0                RODOS::HAL_I2C::HAL_I2C(RODOS::I2C_IDX)
                0x080073a0                RODOS::HAL_I2C::HAL_I2C(RODOS::I2C_IDX)
 .text._ZN5RODOS7HAL_I2C4initEm
                0x08007570      0x118 C:\Users\holger\Desktop\FloatSat\Workspace\rodos\Debug_STM32F4\librodos.a(hal_i2c.o)
                0x08007570                RODOS::HAL_I2C::init(unsigned long)
 .text._ZN5RODOS7HAL_I2C5resetEv
                0x08007688       0x78 C:\Users\holger\Desktop\FloatSat\Workspace\rodos\Debug_STM32F4\librodos.a(hal_i2c.o)
                0x08007688                RODOS::HAL_I2C::reset()
 .text._ZN5RODOS7HAL_I2C15isWriteFinishedEv
                0x08007700       0x18 C:\Users\holger\Desktop\FloatSat\Workspace\rodos\Debug_STM32F4\librodos.a(hal_i2c.o)
                0x08007700                RODOS::HAL_I2C::isWriteFinished()
 .text._ZN5RODOS7HAL_I2C14isReadFinishedEv
                0x08007718       0x18 C:\Users\holger\Desktop\FloatSat\Workspace\rodos\Debug_STM32F4\librodos.a(hal_i2c.o)
                0x08007718                RODOS::HAL_I2C::isReadFinished()
 .text._ZN5RODOS7HAL_I2C5writeEhPKhm
                0x08007730       0x68 C:\Users\holger\Desktop\FloatSat\Workspace\rodos\Debug_STM32F4\librodos.a(hal_i2c.o)
                0x08007730                RODOS::HAL_I2C::write(unsigned char, unsigned char const*, unsigned long)
 .text._ZN5RODOS7HAL_I2C9writeReadEhPKhmPhm
                0x08007798      0x120 C:\Users\holger\Desktop\FloatSat\Workspace\rodos\Debug_STM32F4\librodos.a(hal_i2c.o)
                0x08007798                RODOS::HAL_I2C::writeRead(unsigned char, unsigned char const*, unsigned long, unsigned char*, unsigned long)
 .text._ZN5RODOS10HW_HAL_I2C15mstrWriteNoStopEhPKhm
                0x080078b8      0x134 C:\Users\holger\Desktop\FloatSat\Workspace\rodos\Debug_STM32F4\librodos.a(hal_i2c.o)
                0x080078b8                RODOS::HW_HAL_I2C::mstrWriteNoStop(unsigned char, unsigned char const*, unsigned long)
 .text._ZN5RODOS10HW_HAL_I2C9mstrWriteEhPKhm
                0x080079ec       0x50 C:\Users\holger\Desktop\FloatSat\Workspace\rodos\Debug_STM32F4\librodos.a(hal_i2c.o)
                0x080079ec                RODOS::HW_HAL_I2C::mstrWrite(unsigned char, unsigned char const*, unsigned long)
 .text._ZN5RODOS10HW_HAL_I2C5startEv
                0x08007a3c       0xd0 C:\Users\holger\Desktop\FloatSat\Workspace\rodos\Debug_STM32F4\librodos.a(hal_i2c.o)
                0x08007a3c                RODOS::HW_HAL_I2C::start()
 .text._ZN5RODOS10HW_HAL_I2C4stopEv
                0x08007b0c       0x74 C:\Users\holger\Desktop\FloatSat\Workspace\rodos\Debug_STM32F4\librodos.a(hal_i2c.o)
                0x08007b0c                RODOS::HW_HAL_I2C::stop()
 .text._ZN5RODOS10HW_HAL_I2C8sendAddrEhh
                0x08007b80       0xa0 C:\Users\holger\Desktop\FloatSat\Workspace\rodos\Debug_STM32F4\librodos.a(hal_i2c.o)
                0x08007b80                RODOS::HW_HAL_I2C::sendAddr(unsigned char, unsigned char)
 .text._ZN5RODOS10HW_HAL_I2C15mstrReadNoStartEhPhm
                0x08007c20      0x54c C:\Users\holger\Desktop\FloatSat\Workspace\rodos\Debug_STM32F4\librodos.a(hal_i2c.o)
                0x08007c20                RODOS::HW_HAL_I2C::mstrReadNoStart(unsigned char, unsigned char*, unsigned long)
 .text._Z41__static_initialization_and_destruction_0ii
                0x0800816c       0x3c C:\Users\holger\Desktop\FloatSat\Workspace\rodos\Debug_STM32F4\librodos.a(hal_i2c.o)
 .text._GLOBAL__sub_I__ZN5RODOS16I2C_contextArrayE
                0x080081a8       0x10 C:\Users\holger\Desktop\FloatSat\Workspace\rodos\Debug_STM32F4\librodos.a(hal_i2c.o)
 .text._ZN5RODOS18GenericIOInterface14isReadFinishedEv
                0x080081b8       0x18 C:\Users\holger\Desktop\FloatSat\Workspace\rodos\Debug_STM32F4\librodos.a(hal_pwm.o)
                0x080081b8                RODOS::GenericIOInterface::isReadFinished()
 .text._ZN5RODOS7HAL_PWM15isWriteFinishedEv
                0x080081d0       0x18 C:\Users\holger\Desktop\FloatSat\Workspace\rodos\Debug_STM32F4\librodos.a(hal_pwm.o)
                0x080081d0                RODOS::HAL_PWM::isWriteFinished()
 .text._ZN5RODOS7HAL_PWMC2ENS_7PWM_IDXE
                0x080081e8       0x54 C:\Users\holger\Desktop\FloatSat\Workspace\rodos\Debug_STM32F4\librodos.a(hal_pwm.o)
                0x080081e8                RODOS::HAL_PWM::HAL_PWM(RODOS::PWM_IDX)
                0x080081e8                RODOS::HAL_PWM::HAL_PWM(RODOS::PWM_IDX)
 .text._ZN5RODOS7HAL_PWM4initEii
                0x0800823c      0x67c C:\Users\holger\Desktop\FloatSat\Workspace\rodos\Debug_STM32F4\librodos.a(hal_pwm.o)
                0x0800823c                RODOS::HAL_PWM::init(int, int)
 .text._ZN5RODOS7HAL_PWM5resetEv
                0x080088b8      0x248 C:\Users\holger\Desktop\FloatSat\Workspace\rodos\Debug_STM32F4\librodos.a(hal_pwm.o)
                0x080088b8                RODOS::HAL_PWM::reset()
 .text._ZN5RODOS7HAL_PWM5writeEj
                0x08008b00      0x190 C:\Users\holger\Desktop\FloatSat\Workspace\rodos\Debug_STM32F4\librodos.a(hal_pwm.o)
                0x08008b00                RODOS::HAL_PWM::write(unsigned int)
 .text._ZN5RODOS10HW_HAL_PWMC2ENS_7PWM_IDXE
                0x08008c90       0xe0 C:\Users\holger\Desktop\FloatSat\Workspace\rodos\Debug_STM32F4\librodos.a(hal_pwm.o)
                0x08008c90                RODOS::HW_HAL_PWM::HW_HAL_PWM(RODOS::PWM_IDX)
                0x08008c90                RODOS::HW_HAL_PWM::HW_HAL_PWM(RODOS::PWM_IDX)
 .text._ZN5RODOS10HW_HAL_PWM14updateSettingsEv
                0x08008d70      0x10c C:\Users\holger\Desktop\FloatSat\Workspace\rodos\Debug_STM32F4\librodos.a(hal_pwm.o)
                0x08008d70                RODOS::HW_HAL_PWM::updateSettings()
 .text._ZN5RODOS6Thread4initEv
                0x08008e7c       0x14 C:\Users\holger\Desktop\FloatSat\Workspace\rodos\Debug_STM32F4\librodos.a(hal_uart.o)
                0x08008e7c                RODOS::Thread::init()
 .text.NVIC_EnableIRQ
                0x08008e90       0x30 C:\Users\holger\Desktop\FloatSat\Workspace\rodos\Debug_STM32F4\librodos.a(hal_uart.o)
 .text.NVIC_DisableIRQ
                0x08008ec0       0x34 C:\Users\holger\Desktop\FloatSat\Workspace\rodos\Debug_STM32F4\librodos.a(hal_uart.o)
 .text.NVIC_ClearPendingIRQ
                0x08008ef4       0x34 C:\Users\holger\Desktop\FloatSat\Workspace\rodos\Debug_STM32F4\librodos.a(hal_uart.o)
 .text._ZN5RODOS14ReceiveTriggerC2Ev
                0x08008f28       0x30 C:\Users\holger\Desktop\FloatSat\Workspace\rodos\Debug_STM32F4\librodos.a(hal_uart.o)
                0x08008f28                RODOS::ReceiveTrigger::ReceiveTrigger()
                0x08008f28                RODOS::ReceiveTrigger::ReceiveTrigger()
 .text._ZN5RODOS11HW_HAL_UARTC2Ev
                0x08008f58       0x28 C:\Users\holger\Desktop\FloatSat\Workspace\rodos\Debug_STM32F4\librodos.a(hal_uart.o)
                0x08008f58                RODOS::HW_HAL_UART::HW_HAL_UART()
                0x08008f58                RODOS::HW_HAL_UART::HW_HAL_UART()
 .text._ZN5RODOS14ReceiveTrigger3runEv
                0x08008f80       0xc0 C:\Users\holger\Desktop\FloatSat\Workspace\rodos\Debug_STM32F4\librodos.a(hal_uart.o)
                0x08008f80                RODOS::ReceiveTrigger::run()
 .text._ZN5RODOS8HAL_UARTC2ENS_8UART_IDXE
                0x08009040      0x2f0 C:\Users\holger\Desktop\FloatSat\Workspace\rodos\Debug_STM32F4\librodos.a(hal_uart.o)
                0x08009040                RODOS::HAL_UART::HAL_UART(RODOS::UART_IDX)
                0x08009040                RODOS::HAL_UART::HAL_UART(RODOS::UART_IDX)
 .text.USART1_IRQHandler
                0x08009330       0x18 C:\Users\holger\Desktop\FloatSat\Workspace\rodos\Debug_STM32F4\librodos.a(hal_uart.o)
                0x08009330                USART1_IRQHandler
 .text.USART2_IRQHandler
                0x08009348       0x18 C:\Users\holger\Desktop\FloatSat\Workspace\rodos\Debug_STM32F4\librodos.a(hal_uart.o)
                0x08009348                USART2_IRQHandler
 .text.USART3_IRQHandler
                0x08009360       0x18 C:\Users\holger\Desktop\FloatSat\Workspace\rodos\Debug_STM32F4\librodos.a(hal_uart.o)
                0x08009360                USART3_IRQHandler
 .text.UART4_IRQHandler
                0x08009378       0x18 C:\Users\holger\Desktop\FloatSat\Workspace\rodos\Debug_STM32F4\librodos.a(hal_uart.o)
                0x08009378                UART4_IRQHandler
 .text.UART5_IRQHandler
                0x08009390       0x18 C:\Users\holger\Desktop\FloatSat\Workspace\rodos\Debug_STM32F4\librodos.a(hal_uart.o)
                0x08009390                UART5_IRQHandler
 .text.USART6_IRQHandler
                0x080093a8       0x18 C:\Users\holger\Desktop\FloatSat\Workspace\rodos\Debug_STM32F4\librodos.a(hal_uart.o)
                0x080093a8                USART6_IRQHandler
 .text.DMA2_Stream7_IRQHandler
                0x080093c0       0x48 C:\Users\holger\Desktop\FloatSat\Workspace\rodos\Debug_STM32F4\librodos.a(hal_uart.o)
                0x080093c0                DMA2_Stream7_IRQHandler
 .text.DMA1_Stream3_IRQHandler
                0x08009408       0x48 C:\Users\holger\Desktop\FloatSat\Workspace\rodos\Debug_STM32F4\librodos.a(hal_uart.o)
                0x08009408                DMA1_Stream3_IRQHandler
 .text.DMA2_Stream5_IRQHandler
                0x08009450       0x48 C:\Users\holger\Desktop\FloatSat\Workspace\rodos\Debug_STM32F4\librodos.a(hal_uart.o)
                0x08009450                DMA2_Stream5_IRQHandler
 .text.DMA1_Stream5_IRQHandler
                0x08009498       0x48 C:\Users\holger\Desktop\FloatSat\Workspace\rodos\Debug_STM32F4\librodos.a(hal_uart.o)
                0x08009498                DMA1_Stream5_IRQHandler
 .text.DMA1_Stream1_IRQHandler
                0x080094e0       0x48 C:\Users\holger\Desktop\FloatSat\Workspace\rodos\Debug_STM32F4\librodos.a(hal_uart.o)
                0x080094e0                DMA1_Stream1_IRQHandler
 .text._ZN5RODOS8HAL_UART4initEj
                0x08009528       0x3c C:\Users\holger\Desktop\FloatSat\Workspace\rodos\Debug_STM32F4\librodos.a(hal_uart.o)
                0x08009528                RODOS::HAL_UART::init(unsigned int)
 .text._ZN5RODOS8HAL_UART5resetEv
                0x08009564       0x84 C:\Users\holger\Desktop\FloatSat\Workspace\rodos\Debug_STM32F4\librodos.a(hal_uart.o)
                0x08009564                RODOS::HAL_UART::reset()
 .text._ZN5RODOS8HAL_UART4readEPci
                0x080095e8       0xdc C:\Users\holger\Desktop\FloatSat\Workspace\rodos\Debug_STM32F4\librodos.a(hal_uart.o)
                0x080095e8                RODOS::HAL_UART::read(char*, int)
 .text._ZN5RODOS8HAL_UART5writeEPKci
                0x080096c4       0xf0 C:\Users\holger\Desktop\FloatSat\Workspace\rodos\Debug_STM32F4\librodos.a(hal_uart.o)
                0x080096c4                RODOS::HAL_UART::write(char const*, int)
 .text._ZN5RODOS8HAL_UART13putcharNoWaitEc
                0x080097b4       0xa8 C:\Users\holger\Desktop\FloatSat\Workspace\rodos\Debug_STM32F4\librodos.a(hal_uart.o)
                0x080097b4                RODOS::HAL_UART::putcharNoWait(char)
 .text._ZN5RODOS8HAL_UART15isWriteFinishedEv
                0x0800985c       0x58 C:\Users\holger\Desktop\FloatSat\Workspace\rodos\Debug_STM32F4\librodos.a(hal_uart.o)
                0x0800985c                RODOS::HAL_UART::isWriteFinished()
 .text._ZN5RODOS8HAL_UART11isDataReadyEv
                0x080098b4       0x3c C:\Users\holger\Desktop\FloatSat\Workspace\rodos\Debug_STM32F4\librodos.a(hal_uart.o)
                0x080098b4                RODOS::HAL_UART::isDataReady()
 .text._ZN5RODOS11HW_HAL_UART16DMAStartTransferEPvi
                0x080098f0       0x54 C:\Users\holger\Desktop\FloatSat\Workspace\rodos\Debug_STM32F4\librodos.a(hal_uart.o)
                0x080098f0                RODOS::HW_HAL_UART::DMAStartTransfer(void*, int)
 .text._ZN5RODOS11HW_HAL_UART15DMAStartReceiveEPvi
                0x08009944       0x6c C:\Users\holger\Desktop\FloatSat\Workspace\rodos\Debug_STM32F4\librodos.a(hal_uart.o)
                0x08009944                RODOS::HW_HAL_UART::DMAStartReceive(void*, int)
 .text._ZN5RODOS11HW_HAL_UART26DMATransmitFinishedHandlerEv
                0x080099b0       0x88 C:\Users\holger\Desktop\FloatSat\Workspace\rodos\Debug_STM32F4\librodos.a(hal_uart.o)
                0x080099b0                RODOS::HW_HAL_UART::DMATransmitFinishedHandler()
 .text._ZN5RODOS11HW_HAL_UART25DMAReceiveFinishedHandlerEv
                0x08009a38       0x6c C:\Users\holger\Desktop\FloatSat\Workspace\rodos\Debug_STM32F4\librodos.a(hal_uart.o)
                0x08009a38                RODOS::HW_HAL_UART::DMAReceiveFinishedHandler()
 .text._ZN5RODOS11HW_HAL_UART16SendTxBufWithDMAEv
                0x08009aa4       0x44 C:\Users\holger\Desktop\FloatSat\Workspace\rodos\Debug_STM32F4\librodos.a(hal_uart.o)
                0x08009aa4                RODOS::HW_HAL_UART::SendTxBufWithDMA()
 .text._ZN5RODOS11HW_HAL_UART22RceiveIntoRxBufWithDMAEv
                0x08009ae8       0x68 C:\Users\holger\Desktop\FloatSat\Workspace\rodos\Debug_STM32F4\librodos.a(hal_uart.o)
                0x08009ae8                RODOS::HW_HAL_UART::RceiveIntoRxBufWithDMA()
 .text._ZN5RODOS11HW_HAL_UART14UARTIRQHandlerEv
                0x08009b50      0x168 C:\Users\holger\Desktop\FloatSat\Workspace\rodos\Debug_STM32F4\librodos.a(hal_uart.o)
                0x08009b50                RODOS::HW_HAL_UART::UARTIRQHandler()
 .text._ZN5RODOS11HW_HAL_UART17getGPIO_PinSourceEm
                0x08009cb8       0x3c C:\Users\holger\Desktop\FloatSat\Workspace\rodos\Debug_STM32F4\librodos.a(hal_uart.o)
                0x08009cb8                RODOS::HW_HAL_UART::getGPIO_PinSource(unsigned long)
 .text._ZN5RODOS11HW_HAL_UART23getRCC_APB1Periph_GPIOxEP12GPIO_TypeDef
                0x08009cf4       0xd4 C:\Users\holger\Desktop\FloatSat\Workspace\rodos\Debug_STM32F4\librodos.a(hal_uart.o)
                0x08009cf4                RODOS::HW_HAL_UART::getRCC_APB1Periph_GPIOx(GPIO_TypeDef*)
 .text._ZN5RODOS11HW_HAL_UART23getRCC_APBxPeriph_UARTxEv
                0x08009dc8       0x74 C:\Users\holger\Desktop\FloatSat\Workspace\rodos\Debug_STM32F4\librodos.a(hal_uart.o)
                0x08009dc8                RODOS::HW_HAL_UART::getRCC_APBxPeriph_UARTx()
 .text._ZN5RODOS11HW_HAL_UART16getGPIO_AF_UARTxEv
                0x08009e3c       0x68 C:\Users\holger\Desktop\FloatSat\Workspace\rodos\Debug_STM32F4\librodos.a(hal_uart.o)
                0x08009e3c                RODOS::HW_HAL_UART::getGPIO_AF_UARTx()
 .text._ZN5RODOS11HW_HAL_UART13getUARTx_IRQnEv
                0x08009ea4       0x58 C:\Users\holger\Desktop\FloatSat\Workspace\rodos\Debug_STM32F4\librodos.a(hal_uart.o)
                0x08009ea4                RODOS::HW_HAL_UART::getUARTx_IRQn()
 .text._ZN5RODOS11HW_HAL_UART4initEj
                0x08009efc      0x1a4 C:\Users\holger\Desktop\FloatSat\Workspace\rodos\Debug_STM32F4\librodos.a(hal_uart.o)
                0x08009efc                RODOS::HW_HAL_UART::init(unsigned int)
 .text._ZN5RODOS4FifoIhLi256EED2Ev
                0x0800a0a0       0x30 C:\Users\holger\Desktop\FloatSat\Workspace\rodos\Debug_STM32F4\librodos.a(hal_uart.o)
                0x0800a0a0                RODOS::Fifo<unsigned char, 256>::~Fifo()
                0x0800a0a0                RODOS::Fifo<unsigned char, 256>::~Fifo()
 .text._ZN5RODOS4FifoIhLi256EED0Ev
                0x0800a0d0       0x20 C:\Users\holger\Desktop\FloatSat\Workspace\rodos\Debug_STM32F4\librodos.a(hal_uart.o)
                0x0800a0d0                RODOS::Fifo<unsigned char, 256>::~Fifo()
 .text._ZN5RODOS9BlockFifoIhLi256EEC2Ev
                0x0800a0f0       0x24 C:\Users\holger\Desktop\FloatSat\Workspace\rodos\Debug_STM32F4\librodos.a(hal_uart.o)
                0x0800a0f0                RODOS::BlockFifo<unsigned char, 256>::BlockFifo()
                0x0800a0f0                RODOS::BlockFifo<unsigned char, 256>::BlockFifo()
 .text._ZN5RODOS9BlockFifoIhLi256EE15getBufferToReadERi
                0x0800a114       0x60 C:\Users\holger\Desktop\FloatSat\Workspace\rodos\Debug_STM32F4\librodos.a(hal_uart.o)
                0x0800a114                RODOS::BlockFifo<unsigned char, 256>::getBufferToRead(int&)
 .text._ZN5RODOS9BlockFifoIhLi256EE13readConcludedEi
                0x0800a174       0x28 C:\Users\holger\Desktop\FloatSat\Workspace\rodos\Debug_STM32F4\librodos.a(hal_uart.o)
                0x0800a174                RODOS::BlockFifo<unsigned char, 256>::readConcluded(int)
 .text._ZN5RODOS9BlockFifoIhLi256EE16getBufferToWriteERi
                0x0800a19c       0x80 C:\Users\holger\Desktop\FloatSat\Workspace\rodos\Debug_STM32F4\librodos.a(hal_uart.o)
                0x0800a19c                RODOS::BlockFifo<unsigned char, 256>::getBufferToWrite(int&)
 .text._ZN5RODOS9BlockFifoIhLi256EE14writeConcludedEi
                0x0800a21c       0x28 C:\Users\holger\Desktop\FloatSat\Workspace\rodos\Debug_STM32F4\librodos.a(hal_uart.o)
                0x0800a21c                RODOS::BlockFifo<unsigned char, 256>::writeConcluded(int)
 .text._ZN5RODOS4FifoIhLi256EE3getERh
                0x0800a244       0x58 C:\Users\holger\Desktop\FloatSat\Workspace\rodos\Debug_STM32F4\librodos.a(hal_uart.o)
                0x0800a244                RODOS::Fifo<unsigned char, 256>::get(unsigned char&)
 .text._ZN5RODOS4FifoIhLi256EE3putERKh
                0x0800a29c       0x58 C:\Users\holger\Desktop\FloatSat\Workspace\rodos\Debug_STM32F4\librodos.a(hal_uart.o)
                0x0800a29c                RODOS::Fifo<unsigned char, 256>::put(unsigned char const&)
 .text._ZN5RODOS4FifoIhLi256EE7isEmptyEv
                0x0800a2f4       0x2c C:\Users\holger\Desktop\FloatSat\Workspace\rodos\Debug_STM32F4\librodos.a(hal_uart.o)
                0x0800a2f4                RODOS::Fifo<unsigned char, 256>::isEmpty()
 .text._ZN5RODOS4FifoIhLi256EEC2Ev
                0x0800a320       0x34 C:\Users\holger\Desktop\FloatSat\Workspace\rodos\Debug_STM32F4\librodos.a(hal_uart.o)
                0x0800a320                RODOS::Fifo<unsigned char, 256>::Fifo()
                0x0800a320                RODOS::Fifo<unsigned char, 256>::Fifo()
 .text._ZN5RODOS9BlockFifoIhLi256EE14advanceIndexExEii
                0x0800a354       0x34 C:\Users\holger\Desktop\FloatSat\Workspace\rodos\Debug_STM32F4\librodos.a(hal_uart.o)
                0x0800a354                RODOS::BlockFifo<unsigned char, 256>::advanceIndexEx(int, int)
 .text._ZN5RODOS4FifoIhLi256EE12advanceIndexEi
                0x0800a388       0x24 C:\Users\holger\Desktop\FloatSat\Workspace\rodos\Debug_STM32F4\librodos.a(hal_uart.o)
                0x0800a388                RODOS::Fifo<unsigned char, 256>::advanceIndex(int)
 .text._ZN5RODOS9BlockFifoIhLi256EED2Ev
                0x0800a3ac       0x30 C:\Users\holger\Desktop\FloatSat\Workspace\rodos\Debug_STM32F4\librodos.a(hal_uart.o)
                0x0800a3ac                RODOS::BlockFifo<unsigned char, 256>::~BlockFifo()
                0x0800a3ac                RODOS::BlockFifo<unsigned char, 256>::~BlockFifo()
 .text._ZN5RODOS9BlockFifoIhLi256EED0Ev
                0x0800a3dc       0x20 C:\Users\holger\Desktop\FloatSat\Workspace\rodos\Debug_STM32F4\librodos.a(hal_uart.o)
                0x0800a3dc                RODOS::BlockFifo<unsigned char, 256>::~BlockFifo()
 .text._ZN5RODOS14ReceiveTriggerD2Ev
                0x0800a3fc       0x30 C:\Users\holger\Desktop\FloatSat\Workspace\rodos\Debug_STM32F4\librodos.a(hal_uart.o)
                0x0800a3fc                RODOS::ReceiveTrigger::~ReceiveTrigger()
                0x0800a3fc                RODOS::ReceiveTrigger::~ReceiveTrigger()
 .text._ZN5RODOS14ReceiveTriggerD0Ev
                0x0800a42c       0x20 C:\Users\holger\Desktop\FloatSat\Workspace\rodos\Debug_STM32F4\librodos.a(hal_uart.o)
                0x0800a42c                RODOS::ReceiveTrigger::~ReceiveTrigger()
 .text._ZN5RODOS11HW_HAL_UARTD2Ev
                0x0800a44c       0x28 C:\Users\holger\Desktop\FloatSat\Workspace\rodos\Debug_STM32F4\librodos.a(hal_uart.o)
                0x0800a44c                RODOS::HW_HAL_UART::~HW_HAL_UART()
                0x0800a44c                RODOS::HW_HAL_UART::~HW_HAL_UART()
 .text.__tcf_0  0x0800a474       0x2c C:\Users\holger\Desktop\FloatSat\Workspace\rodos\Debug_STM32F4\librodos.a(hal_uart.o)
 .text._Z41__static_initialization_and_destruction_0ii
                0x0800a4a0       0x68 C:\Users\holger\Desktop\FloatSat\Workspace\rodos\Debug_STM32F4\librodos.a(hal_uart.o)
 .text._ZN5RODOS4FifoIhLi256EE10putGenericEljPKvRKNS_10NetMsgInfoE
                0x0800a508       0x34 C:\Users\holger\Desktop\FloatSat\Workspace\rodos\Debug_STM32F4\librodos.a(hal_uart.o)
                0x0800a508                RODOS::Fifo<unsigned char, 256>::putGeneric(long, unsigned int, void const*, RODOS::NetMsgInfo const&)
 .text._GLOBAL__sub_I__ZN5RODOS17UART_contextArrayE
                0x0800a53c       0x10 C:\Users\holger\Desktop\FloatSat\Workspace\rodos\Debug_STM32F4\librodos.a(hal_uart.o)
 .text.DMA_Cmd  0x0800a54c       0x38 C:\Users\holger\Desktop\FloatSat\Workspace\rodos\Debug_STM32F4\librodos.a(stm32f4xx_dma.o)
                0x0800a54c                DMA_Cmd
 .text.DMA_GetCurrDataCounter
                0x0800a584       0x1c C:\Users\holger\Desktop\FloatSat\Workspace\rodos\Debug_STM32F4\librodos.a(stm32f4xx_dma.o)
                0x0800a584                DMA_GetCurrDataCounter
 .text.DMA_GetCmdStatus
                0x0800a5a0       0x30 C:\Users\holger\Desktop\FloatSat\Workspace\rodos\Debug_STM32F4\librodos.a(stm32f4xx_dma.o)
                0x0800a5a0                DMA_GetCmdStatus
 .text.DMA_GetITStatus
                0x0800a5d0       0xb0 C:\Users\holger\Desktop\FloatSat\Workspace\rodos\Debug_STM32F4\librodos.a(stm32f4xx_dma.o)
                0x0800a5d0                DMA_GetITStatus
 .text.DMA_ClearITPendingBit
                0x0800a680       0x5c C:\Users\holger\Desktop\FloatSat\Workspace\rodos\Debug_STM32F4\librodos.a(stm32f4xx_dma.o)
                0x0800a680                DMA_ClearITPendingBit
 .text.GPIO_DeInit
                0x0800a6dc      0x164 C:\Users\holger\Desktop\FloatSat\Workspace\rodos\Debug_STM32F4\librodos.a(stm32f4xx_gpio.o)
                0x0800a6dc                GPIO_DeInit
 .text.GPIO_Init
                0x0800a840      0x11c C:\Users\holger\Desktop\FloatSat\Workspace\rodos\Debug_STM32F4\librodos.a(stm32f4xx_gpio.o)
                0x0800a840                GPIO_Init
 .text.GPIO_StructInit
                0x0800a95c       0x34 C:\Users\holger\Desktop\FloatSat\Workspace\rodos\Debug_STM32F4\librodos.a(stm32f4xx_gpio.o)
                0x0800a95c                GPIO_StructInit
 .text.GPIO_ReadOutputData
                0x0800a990       0x1c C:\Users\holger\Desktop\FloatSat\Workspace\rodos\Debug_STM32F4\librodos.a(stm32f4xx_gpio.o)
                0x0800a990                GPIO_ReadOutputData
 .text.GPIO_ResetBits
                0x0800a9ac       0x1c C:\Users\holger\Desktop\FloatSat\Workspace\rodos\Debug_STM32F4\librodos.a(stm32f4xx_gpio.o)
                0x0800a9ac                GPIO_ResetBits
 .text.GPIO_Write
                0x0800a9c8       0x1c C:\Users\holger\Desktop\FloatSat\Workspace\rodos\Debug_STM32F4\librodos.a(stm32f4xx_gpio.o)
                0x0800a9c8                GPIO_Write
 .text.GPIO_PinAFConfig
                0x0800a9e4       0x8c C:\Users\holger\Desktop\FloatSat\Workspace\rodos\Debug_STM32F4\librodos.a(stm32f4xx_gpio.o)
                0x0800a9e4                GPIO_PinAFConfig
 .text.I2C_DeInit
                0x0800aa70       0x74 C:\Users\holger\Desktop\FloatSat\Workspace\rodos\Debug_STM32F4\librodos.a(stm32f4xx_i2c.o)
                0x0800aa70                I2C_DeInit
 .text.I2C_Init
                0x0800aae4      0x184 C:\Users\holger\Desktop\FloatSat\Workspace\rodos\Debug_STM32F4\librodos.a(stm32f4xx_i2c.o)
                0x0800aae4                I2C_Init
 .text.I2C_Cmd  0x0800ac68       0x40 C:\Users\holger\Desktop\FloatSat\Workspace\rodos\Debug_STM32F4\librodos.a(stm32f4xx_i2c.o)
                0x0800ac68                I2C_Cmd
 .text.I2C_GenerateSTART
                0x0800aca8       0x40 C:\Users\holger\Desktop\FloatSat\Workspace\rodos\Debug_STM32F4\librodos.a(stm32f4xx_i2c.o)
                0x0800aca8                I2C_GenerateSTART
 .text.I2C_GenerateSTOP
                0x0800ace8       0x40 C:\Users\holger\Desktop\FloatSat\Workspace\rodos\Debug_STM32F4\librodos.a(stm32f4xx_i2c.o)
                0x0800ace8                I2C_GenerateSTOP
 .text.I2C_Send7bitAddress
                0x0800ad28       0x3c C:\Users\holger\Desktop\FloatSat\Workspace\rodos\Debug_STM32F4\librodos.a(stm32f4xx_i2c.o)
                0x0800ad28                I2C_Send7bitAddress
 .text.I2C_AcknowledgeConfig
                0x0800ad64       0x40 C:\Users\holger\Desktop\FloatSat\Workspace\rodos\Debug_STM32F4\librodos.a(stm32f4xx_i2c.o)
                0x0800ad64                I2C_AcknowledgeConfig
 .text.I2C_SendData
                0x0800ada4       0x20 C:\Users\holger\Desktop\FloatSat\Workspace\rodos\Debug_STM32F4\librodos.a(stm32f4xx_i2c.o)
                0x0800ada4                I2C_SendData
 .text.I2C_ReceiveData
                0x0800adc4       0x1c C:\Users\holger\Desktop\FloatSat\Workspace\rodos\Debug_STM32F4\librodos.a(stm32f4xx_i2c.o)
                0x0800adc4                I2C_ReceiveData
 .text.I2C_CheckEvent
                0x0800ade0       0x60 C:\Users\holger\Desktop\FloatSat\Workspace\rodos\Debug_STM32F4\librodos.a(stm32f4xx_i2c.o)
                0x0800ade0                I2C_CheckEvent
 .text.I2C_GetFlagStatus
                0x0800ae40       0x68 C:\Users\holger\Desktop\FloatSat\Workspace\rodos\Debug_STM32F4\librodos.a(stm32f4xx_i2c.o)
                0x0800ae40                I2C_GetFlagStatus
 .text.I2C_ClearFlag
                0x0800aea8       0x2c C:\Users\holger\Desktop\FloatSat\Workspace\rodos\Debug_STM32F4\librodos.a(stm32f4xx_i2c.o)
                0x0800aea8                I2C_ClearFlag
 .text.RCC_LSICmd