Archive member included because of file (symbol)

C:\Users\holger\Desktop\Eclipse Luna SR1\Workspace\rodos\Debug_STM32F4\librodos.a(application.o)
                              ./Main.o (RODOS::Application::Application(char const*, long))
C:\Users\holger\Desktop\Eclipse Luna SR1\Workspace\rodos\Debug_STM32F4\librodos.a(debug.o)
                              C:\Users\holger\Desktop\Eclipse Luna SR1\Workspace\rodos\Debug_STM32F4\librodos.a(application.o) (RODOS::PRINTF(char const*, ...))
C:\Users\holger\Desktop\Eclipse Luna SR1\Workspace\rodos\Debug_STM32F4\librodos.a(listelement.o)
                              C:\Users\holger\Desktop\Eclipse Luna SR1\Workspace\rodos\Debug_STM32F4\librodos.a(application.o) (RODOS::ListElement::ListElement(RODOS::ListElement*&, char const*, void*))
C:\Users\holger\Desktop\Eclipse Luna SR1\Workspace\rodos\Debug_STM32F4\librodos.a(printfverbosity.o)
                              C:\Users\holger\Desktop\Eclipse Luna SR1\Workspace\rodos\Debug_STM32F4\librodos.a(debug.o) (printfVerbosity)
C:\Users\holger\Desktop\Eclipse Luna SR1\Workspace\rodos\Debug_STM32F4\librodos.a(string_pico.o)
                              ./CommHandler.o (strlen)
C:\Users\holger\Desktop\Eclipse Luna SR1\Workspace\rodos\Debug_STM32F4\librodos.a(subscriber.o)
                              ./PID/AnglePID.o (vtable for RODOS::Subscriber)
C:\Users\holger\Desktop\Eclipse Luna SR1\Workspace\rodos\Debug_STM32F4\librodos.a(thread.o)
                              ./Hardware/UserButton.o (RODOS::Thread::setPeriodicBeat(long long, long long))
C:\Users\holger\Desktop\Eclipse Luna SR1\Workspace\rodos\Debug_STM32F4\librodos.a(timemodel.o)
                              ./tst/TestClass.o (RODOS::TimeModel::getNanoseconds())
C:\Users\holger\Desktop\Eclipse Luna SR1\Workspace\rodos\Debug_STM32F4\librodos.a(topic.o)
                              ./Hardware/IMU.o (RODOS::TopicInterface::TopicInterface(long, long, char const*))
C:\Users\holger\Desktop\Eclipse Luna SR1\Workspace\rodos\Debug_STM32F4\librodos.a(yprintf.o)
                              C:\Users\holger\Desktop\Eclipse Luna SR1\Workspace\rodos\Debug_STM32F4\librodos.a(debug.o) (RODOS::Yprintf::vaprintf(char const*))
C:\Users\holger\Desktop\Eclipse Luna SR1\Workspace\rodos\Debug_STM32F4\librodos.a(call_constructors.o)
                              ./PID/AnglePID.o (__dso_handle)
C:\Users\holger\Desktop\Eclipse Luna SR1\Workspace\rodos\Debug_STM32F4\librodos.a(startup_stm32f4xx.o)
                              (Reset_Handler)
C:\Users\holger\Desktop\Eclipse Luna SR1\Workspace\rodos\Debug_STM32F4\librodos.a(hal_gpio.o)
                              ./tst/TestClass.o (RODOS::HAL_GPIO::HAL_GPIO(RODOS::GPIO_PIN))
C:\Users\holger\Desktop\Eclipse Luna SR1\Workspace\rodos\Debug_STM32F4\librodos.a(hal_i2c.o)
                              ./Main.o (RODOS::HAL_I2C::HAL_I2C(RODOS::I2C_IDX))
C:\Users\holger\Desktop\Eclipse Luna SR1\Workspace\rodos\Debug_STM32F4\librodos.a(hal_pwm.o)
                              ./Hardware/Motor.o (RODOS::HAL_PWM::HAL_PWM(RODOS::PWM_IDX))
C:\Users\holger\Desktop\Eclipse Luna SR1\Workspace\rodos\Debug_STM32F4\librodos.a(hal_uart.o)
                              ./Main.o (RODOS::HAL_UART::HAL_UART(RODOS::UART_IDX))
C:\Users\holger\Desktop\Eclipse Luna SR1\Workspace\rodos\Debug_STM32F4\librodos.a(stm32f4xx_dma.o)
                              C:\Users\holger\Desktop\Eclipse Luna SR1\Workspace\rodos\Debug_STM32F4\librodos.a(hal_uart.o) (DMA_Init)
C:\Users\holger\Desktop\Eclipse Luna SR1\Workspace\rodos\Debug_STM32F4\librodos.a(stm32f4xx_gpio.o)
                              C:\Users\holger\Desktop\Eclipse Luna SR1\Workspace\rodos\Debug_STM32F4\librodos.a(hal_gpio.o) (GPIO_DeInit)
C:\Users\holger\Desktop\Eclipse Luna SR1\Workspace\rodos\Debug_STM32F4\librodos.a(stm32f4xx_i2c.o)
                              C:\Users\holger\Desktop\Eclipse Luna SR1\Workspace\rodos\Debug_STM32F4\librodos.a(hal_i2c.o) (I2C_DeInit)
C:\Users\holger\Desktop\Eclipse Luna SR1\Workspace\rodos\Debug_STM32F4\librodos.a(stm32f4xx_rcc.o)
                              C:\Users\holger\Desktop\Eclipse Luna SR1\Workspace\rodos\Debug_STM32F4\librodos.a(hal_pwm.o) (RCC_GetClocksFreq)
C:\Users\holger\Desktop\Eclipse Luna SR1\Workspace\rodos\Debug_STM32F4\librodos.a(stm32f4xx_syscfg.o)
                              C:\Users\holger\Desktop\Eclipse Luna SR1\Workspace\rodos\Debug_STM32F4\librodos.a(hal_gpio.o) (SYSCFG_EXTILineConfig)
C:\Users\holger\Desktop\Eclipse Luna SR1\Workspace\rodos\Debug_STM32F4\librodos.a(stm32f4xx_tim.o)
                              C:\Users\holger\Desktop\Eclipse Luna SR1\Workspace\rodos\Debug_STM32F4\librodos.a(hal_pwm.o) (TIM_DeInit)
C:\Users\holger\Desktop\Eclipse Luna SR1\Workspace\rodos\Debug_STM32F4\librodos.a(stm32f4xx_usart.o)
                              C:\Users\holger\Desktop\Eclipse Luna SR1\Workspace\rodos\Debug_STM32F4\librodos.a(hal_uart.o) (USART_DeInit)
[...]
Memory Configuration

Name             Origin             Length             Attributes
FLASH            0x08000000         0x00100000         xr
RAM              0x20000000         0x00020000         xrw
CCMRAM           0x10000000         0x00010000         xrw
MEMORY_B1        0x60000000         0x00000000         xr
*default*        0x00000000         0xffffffff

Linker script and memory map

LOAD ./tst/TestClass.o
LOAD ./PID/AnglePID.o
LOAD ./PID/RotPID.o
LOAD ./Hardware/Acc.o
LOAD ./Hardware/Gyro.o
LOAD ./Hardware/IMU.o
LOAD ./Hardware/LightSensor.o
LOAD ./Hardware/Motor.o
LOAD ./Hardware/MotorThread.o
LOAD ./Hardware/UserButton.o
LOAD ./CommHandler.o
LOAD ./Main.o
LOAD ./Satellite.o
LOAD ./TC.o
LOAD ./TM.o
LOAD C:\Users\holger\Desktop\Eclipse Luna SR1\Workspace\rodos\Debug_STM32F4\librodos.a
LOAD C:\Users\holger\Desktop\Eclipse Luna SR1\Workspace\support_libs\Debug_STM32F4\libsupport.a
LOAD c:/users/holger/desktop/eclipse luna sr1/gnu tools arm embedded/4.8 2014q3/bin/../lib/gcc/arm-none-eabi/4.8.4/../../../../arm-none-eabi/lib/armv7e-m/softfp\libm.a
                0x20020000                _estack = 0x20020000
                0x00001000                _Min_Heap_Size = 0x1000
                0x00000400                _Min_Stack_Size = 0x400

.isr_vector     0x08000000      0x18c
                0x08000000                . = ALIGN (0x4)
                0x08000000                _image_address = .
 *(.isr_vector)
 .isr_vector    0x08000000      0x18c C:\Users\holger\Desktop\Eclipse Luna SR1\Workspace\rodos\Debug_STM32F4\librodos.a(startup_stm32f4xx.o)
                0x08000000                g_pfnVectors
                0x0800018c                . = ALIGN (0x4)

.text           0x08000190    0x131d4
                0x08000190                . = ALIGN (0x4)
 *(.text)
 .text          0x08000190      0x370 c:/users/holger/desktop/eclipse luna sr1/gnu tools arm embedded/4.8 2014q3/bin/../lib/gcc/arm-none-eabi/4.8.4/armv7e-m/softfp\libgcc.a(_arm_addsubdf3.o)
                0x08000190                __aeabi_drsub
                0x08000198                __aeabi_dsub
                0x08000198                __subdf3
                0x0800019c                __aeabi_dadd
                0x0800019c                __adddf3
                0x08000414                __floatunsidf
                0x08000414                __aeabi_ui2d
                0x08000434                __floatsidf
                0x08000434                __aeabi_i2d
                0x08000458                __aeabi_f2d
                0x08000458                __extendsfdf2
                0x08000494                __floatundidf
                0x08000494                __aeabi_ul2d
                0x080004a4                __floatdidf
                0x080004a4                __aeabi_l2d
 .text          0x08000500      0x424 c:/users/holger/desktop/eclipse luna sr1/gnu tools arm embedded/4.8 2014q3/bin/../lib/gcc/arm-none-eabi/4.8.4/armv7e-m/softfp\libgcc.a(_arm_muldivdf3.o)
                0x08000500                __aeabi_dmul
                0x08000500                __muldf3
                0x08000754                __divdf3
                0x08000754                __aeabi_ddiv
 .text          0x08000924      0x110 c:/users/holger/desktop/eclipse luna sr1/gnu tools arm embedded/4.8 2014q3/bin/../lib/gcc/arm-none-eabi/4.8.4/armv7e-m/softfp\libgcc.a(_arm_cmpdf2.o)
                0x08000924                __gtdf2
                0x08000924                __gedf2
                0x0800092c                __ltdf2
                0x0800092c                __ledf2
                0x08000934                __nedf2
                0x08000934                __eqdf2
                0x08000934                __cmpdf2
                0x080009b0                __aeabi_cdrcmple
                0x080009c0                __aeabi_cdcmpeq
                0x080009c0                __aeabi_cdcmple
                0x080009d0                __aeabi_dcmpeq
                0x080009e4                __aeabi_dcmplt
                0x080009f8                __aeabi_dcmple
                0x08000a0c                __aeabi_dcmpge
                0x08000a20                __aeabi_dcmpgt
 .text          0x08000a34       0x50 c:/users/holger/desktop/eclipse luna sr1/gnu tools arm embedded/4.8 2014q3/bin/../lib/gcc/arm-none-eabi/4.8.4/armv7e-m/softfp\libgcc.a(_arm_fixdfsi.o)
                0x08000a34                __aeabi_d2iz
                0x08000a34                __fixdfsi
 .text          0x08000a84       0x40 c:/users/holger/desktop/eclipse luna sr1/gnu tools arm embedded/4.8 2014q3/bin/../lib/gcc/arm-none-eabi/4.8.4/armv7e-m/softfp\libgcc.a(_arm_fixunsdfsi.o)
                0x08000a84                __aeabi_d2uiz
                0x08000a84                __fixunsdfsi
 .text          0x08000ac4       0xa0 c:/users/holger/desktop/eclipse luna sr1/gnu tools arm embedded/4.8 2014q3/bin/../lib/gcc/arm-none-eabi/4.8.4/armv7e-m/softfp\libgcc.a(_arm_truncdfsf2.o)
                0x08000ac4                __truncdfsf2
                0x08000ac4                __aeabi_d2f
 .text          0x08000b64       0x38 c:/users/holger/desktop/eclipse luna sr1/gnu tools arm embedded/4.8 2014q3/bin/../lib/gcc/arm-none-eabi/4.8.4/armv7e-m/softfp\libgcc.a(_aeabi_ldivmod.o)
                0x08000b64                __aeabi_ldivmod
 .text          0x08000b9c       0x2c c:/users/holger/desktop/eclipse luna sr1/gnu tools arm embedded/4.8 2014q3/bin/../lib/gcc/arm-none-eabi/4.8.4/armv7e-m/softfp\libgcc.a(_aeabi_uldivmod.o)
                0x08000b9c                __aeabi_uldivmod
 .text          0x08000bc8       0x30 c:/users/holger/desktop/eclipse luna sr1/gnu tools arm embedded/4.8 2014q3/bin/../lib/gcc/arm-none-eabi/4.8.4/armv7e-m/softfp\libgcc.a(_fixdfdi.o)
                0x08000bc8                __fixdfdi
                0x08000bc8                __aeabi_d2lz
 .text          0x08000bf8       0x44 c:/users/holger/desktop/eclipse luna sr1/gnu tools arm embedded/4.8 2014q3/bin/../lib/gcc/arm-none-eabi/4.8.4/armv7e-m/softfp\libgcc.a(_fixunsdfdi.o)
                0x08000bf8                __fixunsdfdi
                0x08000bf8                __aeabi_d2ulz
 .text          0x08000c3c       0x60 c:/users/holger/desktop/eclipse luna sr1/gnu tools arm embedded/4.8 2014q3/bin/../lib/gcc/arm-none-eabi/4.8.4/armv7e-m/softfp\libgcc.a(bpabi.o)
                0x08000c3c                __gnu_ldivmod_helper
                0x08000c6c                __gnu_uldivmod_helper
 .text          0x08000c9c        0x4 c:/users/holger/desktop/eclipse luna sr1/gnu tools arm embedded/4.8 2014q3/bin/../lib/gcc/arm-none-eabi/4.8.4/armv7e-m/softfp\libgcc.a(_dvmd_tls.o)
                0x08000c9c                __aeabi_idiv0
                0x08000c9c                __aeabi_ldiv0
 .text          0x08000ca0      0x298 c:/users/holger/desktop/eclipse luna sr1/gnu tools arm embedded/4.8 2014q3/bin/../lib/gcc/arm-none-eabi/4.8.4/armv7e-m/softfp\libgcc.a(_divdi3.o)
                0x08000ca0                __divdi3
 .text          0x08000f38      0x284 c:/users/holger/desktop/eclipse luna sr1/gnu tools arm embedded/4.8 2014q3/bin/../lib/gcc/arm-none-eabi/4.8.4/armv7e-m/softfp\libgcc.a(_udivdi3.o)
                0x08000f38                __udivdi3
 *(.text*)
 .text._Z41__static_initialization_and_destruction_0ii
                0x080011bc       0x44 ./tst/TestClass.o
 .text._GLOBAL__sub_I_ledg
                0x08001200       0x10 ./tst/TestClass.o
 .text._ZN5RODOS10SubscriberD2Ev
                0x08001210       0x3c ./PID/AnglePID.o
                0x08001210                RODOS::Subscriber::~Subscriber()
                0x08001210                RODOS::Subscriber::~Subscriber()
 .text._ZN5RODOS10SubscriberD0Ev
                0x0800124c       0x20 ./PID/AnglePID.o
                0x0800124c                RODOS::Subscriber::~Subscriber()
 .text._ZN5RODOS6PutterD2Ev
                0x0800126c       0x28 ./PID/AnglePID.o
                0x0800126c                RODOS::Putter::~Putter()
                0x0800126c                RODOS::Putter::~Putter()
 .text._ZN5RODOS6PutterD0Ev
                0x08001294       0x20 ./PID/AnglePID.o
                0x08001294                RODOS::Putter::~Putter()
 .text._ZN5RODOS6Putter10putGenericEljPKvRKNS_10NetMsgInfoE
                0x080012b4       0x24 ./PID/AnglePID.o
                0x080012b4                RODOS::Putter::putGeneric(long, unsigned int, void const*, RODOS::NetMsgInfo const&)
 .text._ZN8AnglePIDC2Ev
                0x080012d8       0x3c ./PID/AnglePID.o
                0x080012d8                AnglePID::AnglePID()
                0x080012d8                AnglePID::AnglePID()
 .text._ZN8AnglePID3runEv
                0x08001314       0x8c ./PID/AnglePID.o
                0x08001314                AnglePID::run()
 .text._ZN5RODOS6PutterC2Ev
                0x080013a0       0x20 ./PID/AnglePID.o
                0x080013a0                RODOS::Putter::Putter()
                0x080013a0                RODOS::Putter::Putter()
 .text._ZN5RODOS4FifoIfLi5EEC2Ev
                0x080013c0       0x30 ./PID/AnglePID.o
                0x080013c0                RODOS::Fifo<float, 5>::Fifo()
                0x080013c0                RODOS::Fifo<float, 5>::Fifo()
 .text._ZN5RODOS4FifoIfLi5EE3getERf
                0x080013f0       0x50 ./PID/AnglePID.o
                0x080013f0                RODOS::Fifo<float, 5>::get(float&)
 .text._ZN5RODOS4FifoIfLi5EE12advanceIndexEi
                0x08001440       0x24 ./PID/AnglePID.o
                0x08001440                RODOS::Fifo<float, 5>::advanceIndex(int)
 .text._ZN5RODOS4FifoIfLi5EED2Ev
                0x08001464       0x30 ./PID/AnglePID.o
                0x08001464                RODOS::Fifo<float, 5>::~Fifo()
                0x08001464                RODOS::Fifo<float, 5>::~Fifo()
 .text._ZN5RODOS4FifoIfLi5EED0Ev
                0x08001494       0x20 ./PID/AnglePID.o
                0x08001494                RODOS::Fifo<float, 5>::~Fifo()
 .text._Z41__static_initialization_and_destruction_0ii
                0x080014b4       0x68 ./PID/AnglePID.o
 .text._ZN5RODOS4FifoIfLi5EE10putGenericEljPKvRKNS_10NetMsgInfoE
                0x0800151c       0x34 ./PID/AnglePID.o
                0x0800151c                RODOS::Fifo<float, 5>::putGeneric(long, unsigned int, void const*, RODOS::NetMsgInfo const&)
 .text._ZN5RODOS4FifoIfLi5EE3putERKf
                0x08001550       0x50 ./PID/AnglePID.o
                0x08001550                RODOS::Fifo<float, 5>::put(float const&)
 .text._GLOBAL__sub_I_angleFifo
                0x080015a0       0x10 ./PID/AnglePID.o
 .text._ZN6RotPIDC2Ev
                0x080015b0       0x3c ./PID/RotPID.o
                0x080015b0                RotPID::RotPID()
                0x080015b0                RotPID::RotPID()
 .text._ZN6RotPID3runEv
                0x080015ec       0x14 ./PID/RotPID.o
                0x080015ec                RotPID::run()
 .text._ZN5RODOS18GenericIOInterface4readEz
                0x08001600       0x14 ./Hardware/Acc.o
                0x08001600                RODOS::GenericIOInterface::read(...)
 .text._ZN5RODOS18GenericIOInterfaceaSERKS0_
                0x08001614       0x40 ./Hardware/Acc.o
                0x08001614                RODOS::GenericIOInterface::operator=(RODOS::GenericIOInterface const&)
 .text._ZN5RODOS8HAL_GPIOaSERKS0_
                0x08001654       0x28 ./Hardware/Acc.o
                0x08001654                RODOS::HAL_GPIO::operator=(RODOS::HAL_GPIO const&)
 .text._ZN3Acc4initEv
                0x0800167c      0x254 ./Hardware/Acc.o
                0x0800167c                Acc::init()
 .text._ZN3Acc4readEv
                0x080018d0      0x1b8 ./Hardware/Acc.o
                0x080018d0                Acc::read()
 .text._ZN3Acc10setAccBiasEttt
                0x08001a88       0x38 ./Hardware/Acc.o
                0x08001a88                Acc::setAccBias(unsigned short, unsigned short, unsigned short)
 .text._ZN3Acc10setMagBiasEttt
                0x08001ac0       0x38 ./Hardware/Acc.o
                0x08001ac0                Acc::setMagBias(unsigned short, unsigned short, unsigned short)
 .text._ZN3Acc7getTempEv
                0x08001af8       0x1c ./Hardware/Acc.o
                0x08001af8                Acc::getTemp()
 .text._ZN3Acc7getAccXEv
                0x08001b14       0x2c ./Hardware/Acc.o
                0x08001b14                Acc::getAccX()
 .text._ZN3Acc7getAccYEv
                0x08001b40       0x2c ./Hardware/Acc.o
                0x08001b40                Acc::getAccY()
 .text._ZN3Acc7getAccZEv
                0x08001b6c       0x2c ./Hardware/Acc.o
                0x08001b6c                Acc::getAccZ()
 .text._ZN3Acc7getMagXEv
                0x08001b98       0x2c ./Hardware/Acc.o
                0x08001b98                Acc::getMagX()
 .text._ZN3Acc7getMagYEv
                0x08001bc4       0x2c ./Hardware/Acc.o
                0x08001bc4                Acc::getMagY()
 .text._ZN3Acc7getMagZEv
                0x08001bf0       0x2c ./Hardware/Acc.o
                0x08001bf0                Acc::getMagZ()
 .text._ZN3Acc11getAccXBiasEv
                0x08001c1c       0x1c ./Hardware/Acc.o
                0x08001c1c                Acc::getAccXBias()
 .text._ZN3Acc11getAccYBiasEv
                0x08001c38       0x1c ./Hardware/Acc.o
                0x08001c38                Acc::getAccYBias()
 .text._ZN3Acc11getAccZBiasEv
                0x08001c54       0x1c ./Hardware/Acc.o
                0x08001c54                Acc::getAccZBias()
 .text._ZN3Acc11getMagXBiasEv
                0x08001c70       0x1c ./Hardware/Acc.o
                0x08001c70                Acc::getMagXBias()
 .text._ZN3Acc11getMagYBiasEv
                0x08001c8c       0x1c ./Hardware/Acc.o
                0x08001c8c                Acc::getMagYBias()
 .text._ZN3Acc11getMagZBiasEv
                0x08001ca8       0x1c ./Hardware/Acc.o
                0x08001ca8                Acc::getMagZBias()
 .text._Z12vector_crossP8Vector3DS0_S0_
                0x08001cc4       0x94 ./Hardware/Acc.o
                0x08001cc4                vector_cross(Vector3D*, Vector3D*, Vector3D*)
 .text._Z10vector_dotP8Vector3DS0_
                0x08001d58       0x54 ./Hardware/Acc.o
                0x08001d58                vector_dot(Vector3D*, Vector3D*)
 .text._Z16vector_normalizeP8Vector3D
                0x08001dac       0x78 ./Hardware/Acc.o
                0x08001dac                vector_normalize(Vector3D*)
 *fill*         0x08001e24        0x4 
 .text._ZN3Acc14getOrientationEv
                0x08001e28      0x218 ./Hardware/Acc.o
                0x08001e28                Acc::getOrientation()
 .text._ZN4Gyro4initEv
                0x08002040      0x180 ./Hardware/Gyro.o
                0x08002040                Gyro::init()
 .text._ZN4Gyro7setBiasEttt
                0x080021c0       0x30 ./Hardware/Gyro.o
                0x080021c0                Gyro::setBias(unsigned short, unsigned short, unsigned short)
 .text._ZN4Gyro4readEv
                0x080021f0       0xf4 ./Hardware/Gyro.o
                0x080021f0                Gyro::read()
 .text._ZN4Gyro4getXEv
                0x080022e4       0x5c ./Hardware/Gyro.o
                0x080022e4                Gyro::getX()
 .text._ZN4Gyro4getYEv
                0x08002340       0x5c ./Hardware/Gyro.o
                0x08002340                Gyro::getY()
 .text._ZN4Gyro4getZEv
                0x0800239c       0x5c ./Hardware/Gyro.o
                0x0800239c                Gyro::getZ()
 .text._ZN4Gyro8getXBiasEv
                0x080023f8       0x1c ./Hardware/Gyro.o
                0x080023f8                Gyro::getXBias()
 .text._ZN4Gyro8getYBiasEv
                0x08002414       0x1c ./Hardware/Gyro.o
                0x08002414                Gyro::getYBias()
 .text._ZN4Gyro8getZBiasEv
                0x08002430       0x1c ./Hardware/Gyro.o
                0x08002430                Gyro::getZBias()
 .text._ZN5RODOS14TopicInterfaceD2Ev
                0x0800244c       0x3c ./Hardware/IMU.o
                0x0800244c                RODOS::TopicInterface::~TopicInterface()
                0x0800244c                RODOS::TopicInterface::~TopicInterface()
 .text._ZN5RODOS14TopicInterfaceD0Ev
                0x08002488       0x20 ./Hardware/IMU.o
                0x08002488                RODOS::TopicInterface::~TopicInterface()
 .text._ZN4GyroC2Ev
                0x080024a8       0x20 ./Hardware/IMU.o
                0x080024a8                Gyro::Gyro()
                0x080024a8                Gyro::Gyro()
 .text._ZN3AccC2Ev
                0x080024c8       0x20 ./Hardware/IMU.o
                0x080024c8                Acc::Acc()
                0x080024c8                Acc::Acc()
 .text._ZN3IMUC2EPKcy
                0x080024e8       0x68 ./Hardware/IMU.o
                0x080024e8                IMU::IMU(char const*, unsigned long long)
                0x080024e8                IMU::IMU(char const*, unsigned long long)
 .text._ZN4GyroaSERKS_
                0x08002550       0xc8 ./Hardware/IMU.o
                0x08002550                Gyro::operator=(Gyro const&)
 .text._ZN3AccaSERKS_
                0x08002618      0x118 ./Hardware/IMU.o
                0x08002618                Acc::operator=(Acc const&)
 .text._ZN3IMU4initEv
                0x08002730       0xdc ./Hardware/IMU.o
                0x08002730                IMU::init()
 .text._ZN3IMU8calcBiasEv
                0x0800280c      0x278 ./Hardware/IMU.o
                0x0800280c                IMU::calcBias()
 .text._ZN3IMU10setPeriodeEy
                0x08002a84       0x38 ./Hardware/IMU.o
                0x08002a84                IMU::setPeriode(unsigned long long)
 .text._ZN3IMU3runEv
                0x08002abc      0x1b8 ./Hardware/IMU.o
                0x08002abc                IMU::run()
 .text._ZN5RODOS5TopicI11RawVector3DEC2ElPKc
                0x08002c74       0x30 ./Hardware/IMU.o
                0x08002c74                RODOS::Topic<RawVector3D>::Topic(long, char const*)
                0x08002c74                RODOS::Topic<RawVector3D>::Topic(long, char const*)
 .text._ZN5RODOS5TopicIfEC2ElPKc
                0x08002ca4       0x30 ./Hardware/IMU.o
                0x08002ca4                RODOS::Topic<float>::Topic(long, char const*)
                0x08002ca4                RODOS::Topic<float>::Topic(long, char const*)
 .text._ZN5RODOS5TopicI11RawVector3DE7publishERS1_b
                0x08002cd4       0x28 ./Hardware/IMU.o
                0x08002cd4                RODOS::Topic<RawVector3D>::publish(RawVector3D&, bool)
 .text._ZN5RODOS5TopicIfE7publishERfb
                0x08002cfc       0x28 ./Hardware/IMU.o
                0x08002cfc                RODOS::Topic<float>::publish(float&, bool)
 .text._ZN3IMUD2Ev
                0x08002d24       0x30 ./Hardware/IMU.o
                0x08002d24                IMU::~IMU()
                0x08002d24                IMU::~IMU()
 .text._ZN3IMUD0Ev
                0x08002d54       0x20 ./Hardware/IMU.o
                0x08002d54                IMU::~IMU()
 .text._Z41__static_initialization_and_destruction_0ii
                0x08002d74       0xc4 ./Hardware/IMU.o
 .text._ZN5RODOS5TopicIfED2Ev
                0x08002e38       0x3c ./Hardware/IMU.o
                0x08002e38                RODOS::Topic<float>::~Topic()
                0x08002e38                RODOS::Topic<float>::~Topic()
 .text._ZN5RODOS5TopicIfED0Ev
                0x08002e74       0x20 ./Hardware/IMU.o
                0x08002e74                RODOS::Topic<float>::~Topic()
 .text._ZN5RODOS5TopicI11RawVector3DED2Ev
                0x08002e94       0x3c ./Hardware/IMU.o
                0x08002e94                RODOS::Topic<RawVector3D>::~Topic()
                0x08002e94                RODOS::Topic<RawVector3D>::~Topic()
 .text._ZN5RODOS5TopicI11RawVector3DED0Ev
                0x08002ed0       0x20 ./Hardware/IMU.o
                0x08002ed0                RODOS::Topic<RawVector3D>::~Topic()
 .text._GLOBAL__sub_I_accTopic
                0x08002ef0       0x10 ./Hardware/IMU.o
 .text._ZN11LightSensorC2EPKcPN5RODOS7HAL_I2CEy
                0x08002f00       0x78 ./Hardware/LightSensor.o
                0x08002f00                LightSensor::LightSensor(char const*, RODOS::HAL_I2C*, unsigned long long)
                0x08002f00                LightSensor::LightSensor(char const*, RODOS::HAL_I2C*, unsigned long long)
 .text._ZN11LightSensor4initEv
                0x08002f78       0xbc ./Hardware/LightSensor.o
                0x08002f78                LightSensor::init()
 .text._ZN11LightSensor3runEv
                0x08003034       0xf8 ./Hardware/LightSensor.o
                0x08003034                LightSensor::run()
 .text._ZN11LightSensor12calculateLuxEtt
                0x0800312c      0x120 ./Hardware/LightSensor.o
                0x0800312c                LightSensor::calculateLux(unsigned short, unsigned short)
 .text._ZN11LightSensor10setPeriodeEy
                0x0800324c       0x38 ./Hardware/LightSensor.o
                0x0800324c                LightSensor::setPeriode(unsigned long long)
 .text._ZN5RODOS5TopicImEC2ElPKc
                0x08003284       0x30 ./Hardware/LightSensor.o
                0x08003284                RODOS::Topic<unsigned long>::Topic(long, char const*)
                0x08003284                RODOS::Topic<unsigned long>::Topic(long, char const*)
 .text._ZN5RODOS5TopicImE7publishERmb
                0x080032b4       0x28 ./Hardware/LightSensor.o
                0x080032b4                RODOS::Topic<unsigned long>::publish(unsigned long&, bool)
 .text._ZN11LightSensorD2Ev
                0x080032dc       0x30 ./Hardware/LightSensor.o
                0x080032dc                LightSensor::~LightSensor()
                0x080032dc                LightSensor::~LightSensor()
 .text._ZN11LightSensorD0Ev
                0x0800330c       0x20 ./Hardware/LightSensor.o
                0x0800330c                LightSensor::~LightSensor()
 .text._Z41__static_initialization_and_destruction_0ii
                0x0800332c       0x48 ./Hardware/LightSensor.o
 .text._ZN5RODOS5TopicImED2Ev
                0x08003374       0x3c ./Hardware/LightSensor.o
                0x08003374                RODOS::Topic<unsigned long>::~Topic()
                0x08003374                RODOS::Topic<unsigned long>::~Topic()
 .text._ZN5RODOS5TopicImED0Ev
                0x080033b0       0x20 ./Hardware/LightSensor.o
                0x080033b0                RODOS::Topic<unsigned long>::~Topic()
 .text._GLOBAL__sub_I_lightTopic
                0x080033d0       0x10 ./Hardware/LightSensor.o
 .text._ZN5Motor4initEv
                0x080033e0       0x68 ./Hardware/Motor.o
                0x080033e0                Motor::init()
 .text._ZN5Motor10startMotorEv
                0x08003448       0x24 ./Hardware/Motor.o
                0x08003448                Motor::startMotor()
 .text._ZN5Motor9stopMotorEv
                0x0800346c       0x30 ./Hardware/Motor.o
                0x0800346c                Motor::stopMotor()
 .text._ZN5Motor8setSpeedEh
                0x0800349c       0x68 ./Hardware/Motor.o
                0x0800349c                Motor::setSpeed(unsigned char)
 .text._Z41__static_initialization_and_destruction_0ii
                0x08003504       0x5c ./Hardware/Motor.o
 .text._GLOBAL__sub_I_inAGPIO
                0x08003560       0x10 ./Hardware/Motor.o
 .text._ZN11MotorThreadC2EPKc
                0x08003570       0x30 ./Hardware/MotorThread.o
                0x08003570                MotorThread::MotorThread(char const*)
                0x08003570                MotorThread::MotorThread(char const*)
 .text._ZN11MotorThread4initEv
                0x080035a0       0x30 ./Hardware/MotorThread.o
                0x080035a0                MotorThread::init()
 .text._ZN11MotorThread3runEv
                0x080035d0       0x18 ./Hardware/MotorThread.o
                0x080035d0                MotorThread::run()
 .text._ZN11MotorThread13setMotorSpeedEh
                0x080035e8       0x24 ./Hardware/MotorThread.o
                0x080035e8                MotorThread::setMotorSpeed(unsigned char)
 .text._ZN11MotorThreadD2Ev
                0x0800360c       0x30 ./Hardware/MotorThread.o
                0x0800360c                MotorThread::~MotorThread()
                0x0800360c                MotorThread::~MotorThread()
 .text._ZN11MotorThreadD0Ev
                0x0800363c       0x20 ./Hardware/MotorThread.o
                0x0800363c                MotorThread::~MotorThread()
 .text._ZN5RODOS5TopicIbEC2ElPKc
                0x0800365c       0x30 ./Hardware/UserButton.o
                0x0800365c                RODOS::Topic<bool>::Topic(long, char const*)
                0x0800365c                RODOS::Topic<bool>::Topic(long, char const*)
 .text._Z41__static_initialization_and_destruction_0ii
                0x0800368c       0x48 ./Hardware/UserButton.o
 .text._ZN5RODOS5TopicIbED2Ev
                0x080036d4       0x3c ./Hardware/UserButton.o
                0x080036d4                RODOS::Topic<bool>::~Topic()
                0x080036d4                RODOS::Topic<bool>::~Topic()
 .text._ZN5RODOS5TopicIbED0Ev
                0x08003710       0x20 ./Hardware/UserButton.o
                0x08003710                RODOS::Topic<bool>::~Topic()
 .text._GLOBAL__sub_I_buttonTopic
                0x08003730       0x10 ./Hardware/UserButton.o
 .text._ZN11CommHandlerC2EPKcPN5RODOS8HAL_UARTEy
                0x08003740       0x40 ./CommHandler.o
                0x08003740                CommHandler::CommHandler(char const*, RODOS::HAL_UART*, unsigned long long)
                0x08003740                CommHandler::CommHandler(char const*, RODOS::HAL_UART*, unsigned long long)
 .text._ZN11CommHandler4initEv
                0x08003780       0x1c ./CommHandler.o
                0x08003780                CommHandler::init()
 .text._ZN11CommHandler3runEv
                0x0800379c       0xd0 ./CommHandler.o
                0x0800379c                CommHandler::run()
 .text._ZN11CommHandler19parseStringToPacketEPciP10CommStruct
                0x0800386c       0xa8 ./CommHandler.o
                0x0800386c                CommHandler::parseStringToPacket(char*, int, CommStruct*)
 .text._ZN11CommHandler19parsePacketToStringEPcP10CommStruct
                0x08003914       0x28 ./CommHandler.o
                0x08003914                CommHandler::parsePacketToString(char*, CommStruct*)
 .text._ZN5RODOS5TopicI10CommStructEC2ElPKc
                0x0800393c       0x30 ./CommHandler.o
                0x0800393c                RODOS::Topic<CommStruct>::Topic(long, char const*)
                0x0800393c                RODOS::Topic<CommStruct>::Topic(long, char const*)
 .text._ZN5RODOS4FifoI10CommStructLi64EEC2Ev
                0x0800396c       0x3c ./CommHandler.o
                0x0800396c                RODOS::Fifo<CommStruct, 64>::Fifo()
                0x0800396c                RODOS::Fifo<CommStruct, 64>::Fifo()
 .text._ZN5RODOS5TopicI10CommStructE7publishERS1_b
                0x080039a8       0x28 ./CommHandler.o
                0x080039a8                RODOS::Topic<CommStruct>::publish(CommStruct&, bool)
 .text._ZN5RODOS4FifoI10CommStructLi64EE3getERS1_
                0x080039d0       0x80 ./CommHandler.o
                0x080039d0                RODOS::Fifo<CommStruct, 64>::get(CommStruct&)
 .text._ZN5RODOS4FifoI10CommStructLi64EE12advanceIndexEi
                0x08003a50       0x24 ./CommHandler.o
                0x08003a50                RODOS::Fifo<CommStruct, 64>::advanceIndex(int)
 .text._ZN5RODOS4FifoI10CommStructLi64EED2Ev
                0x08003a74       0x30 ./CommHandler.o
                0x08003a74                RODOS::Fifo<CommStruct, 64>::~Fifo()
                0x08003a74                RODOS::Fifo<CommStruct, 64>::~Fifo()
 .text._ZN5RODOS4FifoI10CommStructLi64EED0Ev
                0x08003aa4       0x20 ./CommHandler.o
                0x08003aa4                RODOS::Fifo<CommStruct, 64>::~Fifo()
 .text._ZN11CommHandlerD2Ev
                0x08003ac4       0x30 ./CommHandler.o
                0x08003ac4                CommHandler::~CommHandler()
                0x08003ac4                CommHandler::~CommHandler()
 .text._ZN11CommHandlerD0Ev
                0x08003af4       0x20 ./CommHandler.o
                0x08003af4                CommHandler::~CommHandler()
 .text._Z41__static_initialization_and_destruction_0ii
                0x08003b14       0xa4 ./CommHandler.o
 .text._ZN5RODOS4FifoI10CommStructLi64EE10putGenericEljPKvRKNS_10NetMsgInfoE
                0x08003bb8       0x34 ./CommHandler.o
                0x08003bb8                RODOS::Fifo<CommStruct, 64>::putGeneric(long, unsigned int, void const*, RODOS::NetMsgInfo const&)
 .text._ZN5RODOS5TopicI10CommStructED2Ev
                0x08003bec       0x3c ./CommHandler.o
                0x08003bec                RODOS::Topic<CommStruct>::~Topic()
                0x08003bec                RODOS::Topic<CommStruct>::~Topic()
 .text._ZN5RODOS5TopicI10CommStructED0Ev
                0x08003c28       0x20 ./CommHandler.o
                0x08003c28                RODOS::Topic<CommStruct>::~Topic()
 .text._ZN5RODOS4FifoI10CommStructLi64EE3putERKS1_
                0x08003c48       0x78 ./CommHandler.o
                0x08003c48                RODOS::Fifo<CommStruct, 64>::put(CommStruct const&)
 .text._GLOBAL__sub_I_tcTopic
                0x08003cc0       0x10 ./CommHandler.o
 .text._ZN2TMD2Ev
                0x08003cd0       0x30 ./Main.o
                0x08003cd0                TM::~TM()
                0x08003cd0                TM::~TM()
 .text._ZN2TMD0Ev
                0x08003d00       0x20 ./Main.o
                0x08003d00                TM::~TM()
 .text._ZN2TCD2Ev
                0x08003d20       0x44 ./Main.o
                0x08003d20                TC::~TC()
                0x08003d20                TC::~TC()
 .text._ZN2TCD1Ev
                0x08003d64        0x8 ./Main.o
                0x08003d64                non-virtual thunk to TC::~TC()
 .text._ZN2TCD0Ev
                0x08003d6c       0x28 ./Main.o
                0x08003d6c                TC::~TC()
                0x08003d8c                non-virtual thunk to TC::~TC()
 .text._ZN9SatelliteD2Ev
                0x08003d94       0x30 ./Main.o
                0x08003d94                Satellite::~Satellite()
                0x08003d94                Satellite::~Satellite()
 .text._ZN9SatelliteD0Ev
                0x08003dc4       0x20 ./Main.o
                0x08003dc4                Satellite::~Satellite()
 *fill*         0x08003de4        0x4 
 .text._Z41__static_initialization_and_destruction_0ii
                0x08003de8      0x190 ./Main.o
 .text._GLOBAL__sub_I_uart_usb
                0x08003f78       0x10 ./Main.o
 .text._ZN9SatelliteC2EPKcy
                0x08003f88       0xd0 ./Satellite.o
                0x08003f88                Satellite::Satellite(char const*, unsigned long long)
                0x08003f88                Satellite::Satellite(char const*, unsigned long long)
 .text._ZN9Satellite4initEv
                0x08004058       0x14 ./Satellite.o
                0x08004058                Satellite::init()
 .text._ZN9Satellite3runEv
                0x0800406c       0x34 ./Satellite.o
                0x0800406c                Satellite::run()
 .text._ZN9Satellite18handleModePeriodicEv
                0x080040a0       0x38 ./Satellite.o
                0x080040a0                Satellite::handleModePeriodic()
 .text._ZN2TCC2EPKcP3IMUP11LightSensorP11MotorThread
                0x080040d8       0x6c ./TC.o
                0x080040d8                TC::TC(char const*, IMU*, LightSensor*, MotorThread*)
                0x080040d8                TC::TC(char const*, IMU*, LightSensor*, MotorThread*)
 .text._ZN2TC3putEllPKvRKN5RODOS10NetMsgInfoE
                0x08004144       0x2c ./TC.o
                0x08004144                TC::put(long, long, void const*, RODOS::NetMsgInfo const&)
 .text._ZThn80_N2TC3putEllPKvRKN5RODOS10NetMsgInfoE
                0x08004170        0x8 ./TC.o
                0x08004170                non-virtual thunk to TC::put(long, long, void const*, RODOS::NetMsgInfo const&)
 .text._ZN2TC4initEv
                0x08004178       0x14 ./TC.o
                0x08004178                TC::init()
 .text._ZN2TC3runEv
                0x0800418c       0x44 ./TC.o
                0x0800418c                TC::run()
 .text._ZN2TC12handlePacketEP10CommStruct
                0x080041d0      0x3d4 ./TC.o
                0x080041d0                TC::handlePacket(CommStruct*)
 .text._ZN2TC14paramIsEqualToEP10CommStructPKc
                0x080045a4       0x2c ./TC.o
                0x080045a4                TC::paramIsEqualTo(CommStruct*, char const*)
 .text._ZN2TC12msgIsEqualToEP10CommStructPKc
                0x080045d0       0x2c ./TC.o
                0x080045d0                TC::msgIsEqualTo(CommStruct*, char const*)
 .text._ZN5RODOS4FifoI10CommStructLi5EEC2Ev
                0x080045fc       0x34 ./TC.o
                0x080045fc                RODOS::Fifo<CommStruct, 5>::Fifo()
                0x080045fc                RODOS::Fifo<CommStruct, 5>::Fifo()
 .text._ZN5RODOS4FifoI10CommStructLi5EE3putERKS1_
                0x08004630       0x68 ./TC.o
                0x08004630                RODOS::Fifo<CommStruct, 5>::put(CommStruct const&)
 .text._ZN5RODOS4FifoI10CommStructLi5EE3getERS1_
                0x08004698       0x6c ./TC.o
                0x08004698                RODOS::Fifo<CommStruct, 5>::get(CommStruct&)
 .text._ZN5RODOS4FifoI10CommStructLi5EE12advanceIndexEi
                0x08004704       0x24 ./TC.o
                0x08004704                RODOS::Fifo<CommStruct, 5>::advanceIndex(int)
 .text._ZN5RODOS4FifoI10CommStructLi5EED2Ev
                0x08004728       0x30 ./TC.o
                0x08004728                RODOS::Fifo<CommStruct, 5>::~Fifo()
                0x08004728                RODOS::Fifo<CommStruct, 5>::~Fifo()
 .text._ZN5RODOS4FifoI10CommStructLi5EED0Ev
                0x08004758       0x20 ./TC.o
                0x08004758                RODOS::Fifo<CommStruct, 5>::~Fifo()
 .text._Z41__static_initialization_and_destruction_0ii
                0x08004778       0x3c ./TC.o
 .text._ZN5RODOS4FifoI10CommStructLi5EE10putGenericEljPKvRKNS_10NetMsgInfoE
                0x080047b4       0x34 ./TC.o
                0x080047b4                RODOS::Fifo<CommStruct, 5>::putGeneric(long, unsigned int, void const*, RODOS::NetMsgInfo const&)
 .text._GLOBAL__sub_I_tcBuffer
                0x080047e8       0x10 ./TC.o
 .text._ZN2TMC2EPKcy
                0x080047f8       0x44 ./TM.o
                0x080047f8                TM::TM(char const*, unsigned long long)
                0x080047f8                TM::TM(char const*, unsigned long long)
 .text._ZN2TM4initEv
                0x0800483c       0x14 ./TM.o
                0x0800483c                TM::init()
 .text._ZN2TM3runEv
                0x08004850       0x3c ./TM.o
                0x08004850                TM::run()
 .text._Z20raw_vector_to_stringPcP11RawVector3D
                0x0800488c       0x30 ./TM.o
                0x0800488c                raw_vector_to_string(char*, RawVector3D*)
 .text._ZN2TM20sendHousekeepingDataEv
                0x080048bc      0x154 ./TM.o
                0x080048bc                TM::sendHousekeepingData()
 .text._ZN2TM6turnOnEv
                0x08004a10       0x1c ./TM.o
                0x08004a10                TM::turnOn()
 .text._ZN2TM7turnOffEv
                0x08004a2c       0x1c ./TM.o
                0x08004a2c                TM::turnOff()
 .text._ZN5RODOS4FifoImLi5EEC2Ev
                0x08004a48       0x30 ./TM.o
                0x08004a48                RODOS::Fifo<unsigned long, 5>::Fifo()
                0x08004a48                RODOS::Fifo<unsigned long, 5>::Fifo()
 .text._ZN5RODOS4FifoI11RawVector3DLi5EEC2Ev
                0x08004a78       0x30 ./TM.o
                0x08004a78                RODOS::Fifo<RawVector3D, 5>::Fifo()
                0x08004a78                RODOS::Fifo<RawVector3D, 5>::Fifo()
 .text._ZN5RODOS4FifoI11RawVector3DLi5EE3getERS1_
                0x08004aa8       0x60 ./TM.o
                0x08004aa8                RODOS::Fifo<RawVector3D, 5>::get(RawVector3D&)
 .text._ZN5RODOS4FifoImLi5EE3getERm
                0x08004b08       0x50 ./TM.o
                0x08004b08                RODOS::Fifo<unsigned long, 5>::get(unsigned long&)
 .text._ZN5RODOS4FifoI11RawVector3DLi5EE12advanceIndexEi
                0x08004b58       0x24 ./TM.o
                0x08004b58                RODOS::Fifo<RawVector3D, 5>::advanceIndex(int)
 .text._ZN5RODOS4FifoImLi5EE12advanceIndexEi
                0x08004b7c       0x24 ./TM.o
                0x08004b7c                RODOS::Fifo<unsigned long, 5>::advanceIndex(int)
 .text._ZN5RODOS4FifoI11RawVector3DLi5EED2Ev
                0x08004ba0       0x30 ./TM.o
                0x08004ba0                RODOS::Fifo<RawVector3D, 5>::~Fifo()
                0x08004ba0                RODOS::Fifo<RawVector3D, 5>::~Fifo()
 .text._ZN5RODOS4FifoI11RawVector3DLi5EED0Ev
                0x08004bd0       0x20 ./TM.o
                0x08004bd0                RODOS::Fifo<RawVector3D, 5>::~Fifo()
 .text._ZN5RODOS4FifoImLi5EED2Ev
                0x08004bf0       0x30 ./TM.o
                0x08004bf0                RODOS::Fifo<unsigned long, 5>::~Fifo()
                0x08004bf0                RODOS::Fifo<unsigned long, 5>::~Fifo()
 .text._ZN5RODOS4FifoImLi5EED0Ev
                0x08004c20       0x20 ./TM.o
                0x08004c20                RODOS::Fifo<unsigned long, 5>::~Fifo()
 .text._Z41__static_initialization_and_destruction_0ii
                0x08004c40      0x194 ./TM.o
 .text._ZN5RODOS4FifoI11RawVector3DLi5EE10putGenericEljPKvRKNS_10NetMsgInfoE
                0x08004dd4       0x34 ./TM.o
                0x08004dd4                RODOS::Fifo<RawVector3D, 5>::putGeneric(long, unsigned int, void const*, RODOS::NetMsgInfo const&)
 .text._ZN5RODOS4FifoImLi5EE10putGenericEljPKvRKNS_10NetMsgInfoE
                0x08004e08       0x34 ./TM.o
                0x08004e08                RODOS::Fifo<unsigned long, 5>::putGeneric(long, unsigned int, void const*, RODOS::NetMsgInfo const&)
 .text._ZN5RODOS4FifoI11RawVector3DLi5EE3putERKS1_
                0x08004e3c       0x5c ./TM.o
                0x08004e3c                RODOS::Fifo<RawVector3D, 5>::put(RawVector3D const&)
 .text._ZN5RODOS4FifoImLi5EE3putERKm
                0x08004e98       0x50 ./TM.o
                0x08004e98                RODOS::Fifo<unsigned long, 5>::put(unsigned long const&)
 .text._GLOBAL__sub_I_lightFifo
                0x08004ee8       0x10 ./TM.o
 .text._ZNK5RODOS11ListElement7getNextEv
                0x08004ef8       0x18 C:\Users\holger\Desktop\Eclipse Luna SR1\Workspace\rodos\Debug_STM32F4\librodos.a(application.o)
                0x08004ef8                RODOS::ListElement::getNext() const
 .text._ZNK5RODOS11ListElement7getNameEv
                0x08004f10       0x18 C:\Users\holger\Desktop\Eclipse Luna SR1\Workspace\rodos\Debug_STM32F4\librodos.a(application.o)
                0x08004f10                RODOS::ListElement::getName() const
 .text._ZN5RODOS11Application4initEv
                0x08004f28       0x14 C:\Users\holger\Desktop\Eclipse Luna SR1\Workspace\rodos\Debug_STM32F4\librodos.a(application.o)
                0x08004f28                RODOS::Application::init()
 .text._ZN5RODOS11ApplicationC2EPKcl
                0x08004f3c       0x40 C:\Users\holger\Desktop\Eclipse Luna SR1\Workspace\rodos\Debug_STM32F4\librodos.a(application.o)
                0x08004f3c                RODOS::Application::Application(char const*, long)
                0x08004f3c                RODOS::Application::Application(char const*, long)
 .text._ZN5RODOS11ApplicationD2Ev
                0x08004f7c       0x3c C:\Users\holger\Desktop\Eclipse Luna SR1\Workspace\rodos\Debug_STM32F4\librodos.a(application.o)
                0x08004f7c                RODOS::Application::~Application()
                0x08004f7c                RODOS::Application::~Application()
 .text._ZN5RODOS11ApplicationD0Ev
                0x08004fb8       0x20 C:\Users\holger\Desktop\Eclipse Luna SR1\Workspace\rodos\Debug_STM32F4\librodos.a(application.o)
                0x08004fb8                RODOS::Application::~Application()
 .text._ZN5RODOS11Application8activateEv
                0x08004fd8       0x18 C:\Users\holger\Desktop\Eclipse Luna SR1\Workspace\rodos\Debug_STM32F4\librodos.a(application.o)
                0x08004fd8                RODOS::Application::activate()
 .text._ZN5RODOS11Application10deactivateEv
                0x08004ff0       0x18 C:\Users\holger\Desktop\Eclipse Luna SR1\Workspace\rodos\Debug_STM32F4\librodos.a(application.o)
                0x08004ff0                RODOS::Application::deactivate()
 .text._ZN5RODOS11Application7requestEPviS1_i
                0x08005008       0x20 C:\Users\holger\Desktop\Eclipse Luna SR1\Workspace\rodos\Debug_STM32F4\librodos.a(application.o)
                0x08005008                RODOS::Application::request(void*, int, void*, int)
 .text._ZN5RODOS11Application17printApplicationsEv
                0x08005028       0x64 C:\Users\holger\Desktop\Eclipse Luna SR1\Workspace\rodos\Debug_STM32F4\librodos.a(application.o)
                0x08005028                RODOS::Application::printApplications()
 .text._ZN5RODOS7YprintfD2Ev
                0x0800508c       0x28 C:\Users\holger\Desktop\Eclipse Luna SR1\Workspace\rodos\Debug_STM32F4\librodos.a(debug.o)
                0x0800508c                RODOS::Yprintf::~Yprintf()
                0x0800508c                RODOS::Yprintf::~Yprintf()
 .text._ZN5RODOS7YprintfD0Ev
                0x080050b4       0x20 C:\Users\holger\Desktop\Eclipse Luna SR1\Workspace\rodos\Debug_STM32F4\librodos.a(debug.o)
                0x080050b4                RODOS::Yprintf::~Yprintf()
 .text._ZN5RODOS7Yprintf5yputcEc
                0x080050d4       0x1c C:\Users\holger\Desktop\Eclipse Luna SR1\Workspace\rodos\Debug_STM32F4\librodos.a(debug.o)
                0x080050d4                RODOS::Yprintf::yputc(char)
 .text._ZN5RODOS7YprintfC2Ev
                0x080050f0       0x20 C:\Users\holger\Desktop\Eclipse Luna SR1\Workspace\rodos\Debug_STM32F4\librodos.a(debug.o)
                0x080050f0                RODOS::Yprintf::Yprintf()
                0x080050f0                RODOS::Yprintf::Yprintf()
 .text._ZN5RODOS6PRINTFEPKcz
                0x08005110       0x8c C:\Users\holger\Desktop\Eclipse Luna SR1\Workspace\rodos\Debug_STM32F4\librodos.a(debug.o)
                0x08005110                RODOS::PRINTF(char const*, ...)
 .text._ZN5RODOS5ERROREPKc
                0x0800519c       0x34 C:\Users\holger\Desktop\Eclipse Luna SR1\Workspace\rodos\Debug_STM32F4\librodos.a(debug.o)
                0x0800519c                RODOS::ERROR(char const*)
 .text._Z41__static_initialization_and_destruction_0ii
                0x080051d0       0x2c C:\Users\holger\Desktop\Eclipse Luna SR1\Workspace\rodos\Debug_STM32F4\librodos.a(debug.o)
 .text._GLOBAL__sub_I__ZN5RODOS12errorCounterE
                0x080051fc       0x10 C:\Users\holger\Desktop\Eclipse Luna SR1\Workspace\rodos\Debug_STM32F4\librodos.a(debug.o)
 .text._ZN5RODOS11ListElementC2ERPS0_PKcPv
                0x0800520c       0x40 C:\Users\holger\Desktop\Eclipse Luna SR1\Workspace\rodos\Debug_STM32F4\librodos.a(listelement.o)
                0x0800520c                RODOS::ListElement::ListElement(RODOS::ListElement*&, char const*, void*)
                0x0800520c                RODOS::ListElement::ListElement(RODOS::ListElement*&, char const*, void*)
 .text._ZN5RODOS11ListElement6appendERPS0_
                0x0800524c       0x50 C:\Users\holger\Desktop\Eclipse Luna SR1\Workspace\rodos\Debug_STM32F4\librodos.a(listelement.o)
                0x0800524c                RODOS::ListElement::append(RODOS::ListElement*&)
 .text._ZN5RODOS11ListElementD2Ev
                0x0800529c       0x1c C:\Users\holger\Desktop\Eclipse Luna SR1\Workspace\rodos\Debug_STM32F4\librodos.a(listelement.o)
                0x0800529c                RODOS::ListElement::~ListElement()
                0x0800529c                RODOS::ListElement::~ListElement()
 .text.strlen   0x080052b8       0x3c C:\Users\holger\Desktop\Eclipse Luna SR1\Workspace\rodos\Debug_STM32F4\librodos.a(string_pico.o)
                0x080052b8                strlen
 .text.memset   0x080052f4       0x44 C:\Users\holger\Desktop\Eclipse Luna SR1\Workspace\rodos\Debug_STM32F4\librodos.a(string_pico.o)
                0x080052f4                memset
 .text.memcpy   0x08005338       0x54 C:\Users\holger\Desktop\Eclipse Luna SR1\Workspace\rodos\Debug_STM32F4\librodos.a(string_pico.o)
                0x08005338                memcpy
 .text.strncpy  0x0800538c       0x60 C:\Users\holger\Desktop\Eclipse Luna SR1\Workspace\rodos\Debug_STM32F4\librodos.a(string_pico.o)
                0x0800538c                strncpy
 .text.strcmp   0x080053ec       0x6c C:\Users\holger\Desktop\Eclipse Luna SR1\Workspace\rodos\Debug_STM32F4\librodos.a(string_pico.o)
                0x080053ec                strcmp
 .text._ZdlPv   0x08005458       0x14 C:\Users\holger\Desktop\Eclipse Luna SR1\Workspace\rodos\Debug_STM32F4\librodos.a(string_pico.o)
                0x08005458                operator delete(void*)
 .text._ZN5RODOS10SubscriberC2ERNS_14TopicInterfaceERNS_6PutterEPKcb
                0x0800546c       0x64 C:\Users\holger\Desktop\Eclipse Luna SR1\Workspace\rodos\Debug_STM32F4\librodos.a(subscriber.o)
                0x0800546c                RODOS::Subscriber::Subscriber(RODOS::TopicInterface&, RODOS::Putter&, char const*, bool)
                0x0800546c                RODOS::Subscriber::Subscriber(RODOS::TopicInterface&, RODOS::Putter&, char const*, bool)
 .text._ZN5RODOS10SubscriberC2ERNS_14TopicInterfaceEPKc
                0x080054d0       0x60 C:\Users\holger\Desktop\Eclipse Luna SR1\Workspace\rodos\Debug_STM32F4\librodos.a(subscriber.o)
                0x080054d0                RODOS::Subscriber::Subscriber(RODOS::TopicInterface&, char const*)
                0x080054d0                RODOS::Subscriber::Subscriber(RODOS::TopicInterface&, char const*)
 .text._ZN5RODOS10Subscriber3putEllPKvl
                0x08005530       0x20 C:\Users\holger\Desktop\Eclipse Luna SR1\Workspace\rodos\Debug_STM32F4\librodos.a(subscriber.o)
                0x08005530                RODOS::Subscriber::put(long, long, void const*, long)
 .text._ZN5RODOS10Subscriber3putEllPKvRKNS_10NetMsgInfoE
                0x08005550       0xac C:\Users\holger\Desktop\Eclipse Luna SR1\Workspace\rodos\Debug_STM32F4\librodos.a(subscriber.o)
                0x08005550                RODOS::Subscriber::put(long, long, void const*, RODOS::NetMsgInfo const&)
 .text._ZN5RODOS10Subscriber16putFromInterruptElPKvi
                0x080055fc       0x3c C:\Users\holger\Desktop\Eclipse Luna SR1\Workspace\rodos\Debug_STM32F4\librodos.a(subscriber.o)
                0x080055fc                RODOS::Subscriber::putFromInterrupt(long, void const*, int)
 .text._ZN5RODOS6Thread15setPeriodicBeatExx
                0x08005638       0x2c C:\Users\holger\Desktop\Eclipse Luna SR1\Workspace\rodos\Debug_STM32F4\librodos.a(thread.o)
                0x08005638                RODOS::Thread::setPeriodicBeat(long long, long long)
 .text._ZN5RODOS6Thread20suspendUntilNextBeatEv
                0x08005664       0x64 C:\Users\holger\Desktop\Eclipse Luna SR1\Workspace\rodos\Debug_STM32F4\librodos.a(thread.o)
                0x08005664                RODOS::Thread::suspendUntilNextBeat()
 .text._ZN5RODOS6Thread20setPrioCurrentRunnerEl
                0x080056c8       0x28 C:\Users\holger\Desktop\Eclipse Luna SR1\Workspace\rodos\Debug_STM32F4\librodos.a(thread.o)
                0x080056c8                RODOS::Thread::setPrioCurrentRunner(long)
 .text._ZN5RODOS9TimeModelC2Ev
                0x080056f0       0x48 C:\Users\holger\Desktop\Eclipse Luna SR1\Workspace\rodos\Debug_STM32F4\librodos.a(timemodel.o)
                0x080056f0                RODOS::TimeModel::TimeModel()
                0x080056f0                RODOS::TimeModel::TimeModel()
 .text._ZN5RODOS9TimeModel14getNanosecondsEv
                0x08005738       0x14 C:\Users\holger\Desktop\Eclipse Luna SR1\Workspace\rodos\Debug_STM32F4\librodos.a(timemodel.o)
                0x08005738                RODOS::TimeModel::getNanoseconds()
 .text._ZN5RODOS9TimeModel15computeNextBeatExxx
                0x0800574c       0x88 C:\Users\holger\Desktop\Eclipse Luna SR1\Workspace\rodos\Debug_STM32F4\librodos.a(timemodel.o)
                0x0800574c                RODOS::TimeModel::computeNextBeat(long long, long long, long long)
 .text._Z41__static_initialization_and_destruction_0ii
                0x080057d4       0x2c C:\Users\holger\Desktop\Eclipse Luna SR1\Workspace\rodos\Debug_STM32F4\librodos.a(timemodel.o)
 .text._GLOBAL__sub_I__ZN5RODOS7sysTimeE
                0x08005800       0x10 C:\Users\holger\Desktop\Eclipse Luna SR1\Workspace\rodos\Debug_STM32F4\librodos.a(timemodel.o)
 .text._ZN5RODOS14TopicInterfaceC2EllPKc
                0x08005810       0xe0 C:\Users\holger\Desktop\Eclipse Luna SR1\Workspace\rodos\Debug_STM32F4\librodos.a(topic.o)
                0x08005810                RODOS::TopicInterface::TopicInterface(long, long, char const*)
                0x08005810                RODOS::TopicInterface::TopicInterface(long, long, char const*)
 .text._ZN5RODOS14TopicInterface7publishEPvbPNS_10NetMsgInfoE
                0x080058f0       0x30 C:\Users\holger\Desktop\Eclipse Luna SR1\Workspace\rodos\Debug_STM32F4\librodos.a(topic.o)
                0x080058f0                RODOS::TopicInterface::publish(void*, bool, RODOS::NetMsgInfo*)
 .text._ZN5RODOS14TopicInterface14publishMsgPartEPvjbPNS_10NetMsgInfoE
                0x08005920      0x134 C:\Users\holger\Desktop\Eclipse Luna SR1\Workspace\rodos\Debug_STM32F4\librodos.a(topic.o)
                0x08005920                RODOS::TopicInterface::publishMsgPart(void*, unsigned int, bool, RODOS::NetMsgInfo*)
 .text._ZN5RODOS5TopicINS_13GenericMsgRefEED2Ev
                0x08005a54       0x3c C:\Users\holger\Desktop\Eclipse Luna SR1\Workspace\rodos\Debug_STM32F4\librodos.a(topic.o)
                0x08005a54                RODOS::Topic<RODOS::GenericMsgRef>::~Topic()
                0x08005a54                RODOS::Topic<RODOS::GenericMsgRef>::~Topic()
 .text._ZN5RODOS5TopicINS_13GenericMsgRefEED0Ev
                0x08005a90       0x20 C:\Users\holger\Desktop\Eclipse Luna SR1\Workspace\rodos\Debug_STM32F4\librodos.a(topic.o)
                0x08005a90                RODOS::Topic<RODOS::GenericMsgRef>::~Topic()
 .text._ZN5RODOS5TopicINS_13GenericMsgRefEEC2ElPKc
                0x08005ab0       0x30 C:\Users\holger\Desktop\Eclipse Luna SR1\Workspace\rodos\Debug_STM32F4\librodos.a(topic.o)
                0x08005ab0                RODOS::Topic<RODOS::GenericMsgRef>::Topic(long, char const*)
                0x08005ab0                RODOS::Topic<RODOS::GenericMsgRef>::Topic(long, char const*)
 .text._ZN5RODOS5TopicINS_14NetworkMessageEEC2ElPKc
                0x08005ae0       0x30 C:\Users\holger\Desktop\Eclipse Luna SR1\Workspace\rodos\Debug_STM32F4\librodos.a(topic.o)
                0x08005ae0                RODOS::Topic<RODOS::NetworkMessage>::Topic(long, char const*)
                0x08005ae0                RODOS::Topic<RODOS::NetworkMessage>::Topic(long, char const*)
 .text._ZN5RODOS5TopicIPvEC2ElPKc
                0x08005b10       0x30 C:\Users\holger\Desktop\Eclipse Luna SR1\Workspace\rodos\Debug_STM32F4\librodos.a(topic.o)
                0x08005b10                RODOS::Topic<void*>::Topic(long, char const*)
                0x08005b10                RODOS::Topic<void*>::Topic(long, char const*)
 .text._Z41__static_initialization_and_destruction_0ii
                0x08005b40      0x104 C:\Users\holger\Desktop\Eclipse Luna SR1\Workspace\rodos\Debug_STM32F4\librodos.a(topic.o)
 .text._ZN5RODOS5TopicIPvED2Ev
                0x08005c44       0x3c C:\Users\holger\Desktop\Eclipse Luna SR1\Workspace\rodos\Debug_STM32F4\librodos.a(topic.o)
                0x08005c44                RODOS::Topic<void*>::~Topic()
                0x08005c44                RODOS::Topic<void*>::~Topic()
 .text._ZN5RODOS5TopicIPvED0Ev
                0x08005c80       0x20 C:\Users\holger\Desktop\Eclipse Luna SR1\Workspace\rodos\Debug_STM32F4\librodos.a(topic.o)
                0x08005c80                RODOS::Topic<void*>::~Topic()
 .text._ZN5RODOS5TopicINS_14NetworkMessageEED2Ev
                0x08005ca0       0x3c C:\Users\holger\Desktop\Eclipse Luna SR1\Workspace\rodos\Debug_STM32F4\librodos.a(topic.o)
                0x08005ca0                RODOS::Topic<RODOS::NetworkMessage>::~Topic()
                0x08005ca0                RODOS::Topic<RODOS::NetworkMessage>::~Topic()
 .text._ZN5RODOS5TopicINS_14NetworkMessageEED0Ev
                0x08005cdc       0x20 C:\Users\holger\Desktop\Eclipse Luna SR1\Workspace\rodos\Debug_STM32F4\librodos.a(topic.o)
                0x08005cdc                RODOS::Topic<RODOS::NetworkMessage>::~Topic()
 .text._GLOBAL__sub_I__ZN5RODOS14TopicInterfaceC2EllPKc
                0x08005cfc       0x10 C:\Users\holger\Desktop\Eclipse Luna SR1\Workspace\rodos\Debug_STM32F4\librodos.a(topic.o)
 .text._ZN5RODOS7Yprintf8vaprintfEPKc
                0x08005d0c      0x4e4 C:\Users\holger\Desktop\Eclipse Luna SR1\Workspace\rodos\Debug_STM32F4\librodos.a(yprintf.o)
                0x08005d0c                RODOS::Yprintf::vaprintf(char const*)
 .text._ZN5RODOS7xprintfEPKcz
                0x080061f0       0x40 C:\Users\holger\Desktop\Eclipse Luna SR1\Workspace\rodos\Debug_STM32F4\librodos.a(yprintf.o)
                0x080061f0                RODOS::xprintf(char const*, ...)
 .text.call_constructors
                0x08006230       0x40 C:\Users\holger\Desktop\Eclipse Luna SR1\Workspace\rodos\Debug_STM32F4\librodos.a(call_constructors.o)
                0x08006230                call_constructors
 .text.__cxa_atexit
                0x08006270       0x1c C:\Users\holger\Desktop\Eclipse Luna SR1\Workspace\rodos\Debug_STM32F4\librodos.a(call_constructors.o)
                0x08006270                __cxa_atexit
 .text.__cxa_pure_virtual
                0x0800628c        0x8 C:\Users\holger\Desktop\Eclipse Luna SR1\Workspace\rodos\Debug_STM32F4\librodos.a(call_constructors.o)
                0x0800628c                __cxa_pure_virtual
 .text.Reset_Handler
                0x08006294       0x6c C:\Users\holger\Desktop\Eclipse Luna SR1\Workspace\rodos\Debug_STM32F4\librodos.a(startup_stm32f4xx.o)
                0x08006294                Reset_Handler
 .text.Default_Handler
                0x08006300        0x4 C:\Users\holger\Desktop\Eclipse Luna SR1\Workspace\rodos\Debug_STM32F4\librodos.a(startup_stm32f4xx.o)
                0x08006300                RTC_Alarm_IRQHandler
                0x08006300                HASH_RNG_IRQHandler
                0x08006300                TIM8_CC_IRQHandler
                0x08006300                DebugMon_Handler
                0x08006300                TIM1_CC_IRQHandler
                0x08006300                HardFault_Handler
                0x08006300                PVD_IRQHandler
                0x08006300                SDIO_IRQHandler
                0x08006300                TAMP_STAMP_IRQHandler
                0x08006300                NMI_Handler
                0x08006300                CAN2_RX1_IRQHandler
                0x08006300                TIM8_TRG_COM_TIM14_IRQHandler
                0x08006300                TIM1_UP_TIM10_IRQHandler
                0x08006300                TIM8_UP_TIM13_IRQHandler
                0x08006300                I2C3_ER_IRQHandler
                0x08006300                I2C2_EV_IRQHandler
                0x08006300                DMA1_Stream2_IRQHandler
                0x08006300                CAN1_RX0_IRQHandler
                0x08006300                FPU_IRQHandler
                0x08006300                OTG_HS_WKUP_IRQHandler
                0x08006300                UsageFault_Handler
                0x08006300                CAN2_SCE_IRQHandler
                0x08006300                DMA2_Stream2_IRQHandler
                0x08006300                SPI1_IRQHandler
                0x08006300                TIM6_DAC_IRQHandler
                0x08006300                TIM1_BRK_TIM9_IRQHandler
                0x08006300                DCMI_IRQHandler
                0x08006300                CAN2_RX0_IRQHandler
                0x08006300                DMA2_Stream3_IRQHandler
                0x08006300                CRYP_IRQHandler
                0x08006300                CAN1_RX1_IRQHandler
                0x08006300                DMA2_Stream0_IRQHandler
                0x08006300                TIM4_IRQHandler
                0x08006300                I2C1_EV_IRQHandler
                0x08006300                DMA1_Stream6_IRQHandler
                0x08006300                TIM3_IRQHandler
                0x08006300                RCC_IRQHandler
                0x08006300                TIM8_BRK_TIM12_IRQHandler
                0x08006300                Default_Handler
                0x08006300                ADC_IRQHandler
                0x08006300                DMA1_Stream7_IRQHandler
                0x08006300                CAN2_TX_IRQHandler
                0x08006300                I2C3_EV_IRQHandler
                0x08006300                RTC_WKUP_IRQHandler
                0x08006300                ETH_WKUP_IRQHandler
                0x08006300                SPI2_IRQHandler
                0x08006300                OTG_HS_EP1_IN_IRQHandler
                0x08006300                MemManage_Handler
                0x08006300                DMA1_Stream0_IRQHandler
                0x08006300                CAN1_TX_IRQHandler
                0x08006300                FSMC_IRQHandler
                0x08006300                ETH_IRQHandler
                0x08006300                OTG_HS_EP1_OUT_IRQHandler
                0x08006300                WWDG_IRQHandler
                0x08006300                TIM2_IRQHandler
                0x08006300                OTG_FS_WKUP_IRQHandler
                0x08006300                TIM1_TRG_COM_TIM11_IRQHandler
                0x08006300                OTG_HS_IRQHandler
                0x08006300                I2C2_ER_IRQHandler
                0x08006300                DMA2_Stream1_IRQHandler
                0x08006300                CAN1_SCE_IRQHandler
                0x08006300                FLASH_IRQHandler
                0x08006300                DMA2_Stream4_IRQHandler
                0x08006300                BusFault_Handler
                0x08006300                OTG_FS_IRQHandler
                0x08006300                SPI3_IRQHandler
                0x08006300                DMA1_Stream4_IRQHandler
                0x08006300                I2C1_ER_IRQHandler
                0x08006300                DMA2_Stream6_IRQHandler
 .text._ZnwjPv  0x08006304       0x18 C:\Users\holger\Desktop\Eclipse Luna SR1\Workspace\rodos\Debug_STM32F4\librodos.a(hal_gpio.o)
                0x08006304                operator new(unsigned int, void*)
 .text._ZN5RODOS18GenericIOInterface4initEz
                0x0800631c       0x14 C:\Users\holger\Desktop\Eclipse Luna SR1\Workspace\rodos\Debug_STM32F4\librodos.a(hal_gpio.o)
                0x0800631c                RODOS::GenericIOInterface::init(...)
 .text._ZN5RODOS18GenericIOInterface6configEz
                0x08006330       0x14 C:\Users\holger\Desktop\Eclipse Luna SR1\Workspace\rodos\Debug_STM32F4\librodos.a(hal_gpio.o)
                0x08006330                RODOS::GenericIOInterface::config(...)
 .text._ZN5RODOS18GenericIOInterface6statusEz
                0x08006344       0x14 C:\Users\holger\Desktop\Eclipse Luna SR1\Workspace\rodos\Debug_STM32F4\librodos.a(hal_gpio.o)
                0x08006344                RODOS::GenericIOInterface::status(...)
 .text._ZN5RODOS18GenericIOInterface5writeEz
                0x08006358       0x14 C:\Users\holger\Desktop\Eclipse Luna SR1\Workspace\rodos\Debug_STM32F4\librodos.a(hal_gpio.o)
                0x08006358                RODOS::GenericIOInterface::write(...)
 .text._ZN5RODOS18GenericIOInterface9writeReadEz
                0x0800636c       0x14 C:\Users\holger\Desktop\Eclipse Luna SR1\Workspace\rodos\Debug_STM32F4\librodos.a(hal_gpio.o)
                0x0800636c                RODOS::GenericIOInterface::writeRead(...)
 .text._ZN5RODOS8HAL_GPIO15isWriteFinishedEv
                0x08006380       0x18 C:\Users\holger\Desktop\Eclipse Luna SR1\Workspace\rodos\Debug_STM32F4\librodos.a(hal_gpio.o)
                0x08006380                RODOS::HAL_GPIO::isWriteFinished()
 .text._ZN5RODOS8HAL_GPIO14isReadFinishedEv
                0x08006398       0x18 C:\Users\holger\Desktop\Eclipse Luna SR1\Workspace\rodos\Debug_STM32F4\librodos.a(hal_gpio.o)
                0x08006398                RODOS::HAL_GPIO::isReadFinished()
 .text.NVIC_EnableIRQ
                0x080063b0       0x30 C:\Users\holger\Desktop\Eclipse Luna SR1\Workspace\rodos\Debug_STM32F4\librodos.a(hal_gpio.o)
 .text.NVIC_ClearPendingIRQ
                0x080063e0       0x34 C:\Users\holger\Desktop\Eclipse Luna SR1\Workspace\rodos\Debug_STM32F4\librodos.a(hal_gpio.o)
 .text._ZN5RODOS17initEXTInterruptsEv
                0x08006414       0x54 C:\Users\holger\Desktop\Eclipse Luna SR1\Workspace\rodos\Debug_STM32F4\librodos.a(hal_gpio.o)
                0x08006414                RODOS::initEXTInterrupts()
 .text._ZN5RODOS11HW_HAL_GPIOC2ENS_8GPIO_PINEhb
                0x08006468       0x64 C:\Users\holger\Desktop\Eclipse Luna SR1\Workspace\rodos\Debug_STM32F4\librodos.a(hal_gpio.o)
                0x08006468                RODOS::HW_HAL_GPIO::HW_HAL_GPIO(RODOS::GPIO_PIN, unsigned char, bool)
                0x08006468                RODOS::HW_HAL_GPIO::HW_HAL_GPIO(RODOS::GPIO_PIN, unsigned char, bool)
 .text._ZN5RODOS11HW_HAL_GPIO10setPinMaskEv
                0x080064cc       0x6c C:\Users\holger\Desktop\Eclipse Luna SR1\Workspace\rodos\Debug_STM32F4\librodos.a(hal_gpio.o)
                0x080064cc                RODOS::HW_HAL_GPIO::setPinMask()
 .text._ZN5RODOS11HW_HAL_GPIO15setGPIOPortVarsEv
                0x08006538      0x110 C:\Users\holger\Desktop\Eclipse Luna SR1\Workspace\rodos\Debug_STM32F4\librodos.a(hal_gpio.o)
                0x08006538                RODOS::HW_HAL_GPIO::setGPIOPortVars()
 .text._ZN5RODOS11HW_HAL_GPIO13EXTIRQHandlerEv
                0x08006648       0x3c C:\Users\holger\Desktop\Eclipse Luna SR1\Workspace\rodos\Debug_STM32F4\librodos.a(hal_gpio.o)
                0x08006648                RODOS::HW_HAL_GPIO::EXTIRQHandler()
 .text._ZN5RODOS8HAL_GPIOC2ENS_8GPIO_PINE
                0x08006684       0x68 C:\Users\holger\Desktop\Eclipse Luna SR1\Workspace\rodos\Debug_STM32F4\librodos.a(hal_gpio.o)
                0x08006684                RODOS::HAL_GPIO::HAL_GPIO(RODOS::GPIO_PIN)
                0x08006684                RODOS::HAL_GPIO::HAL_GPIO(RODOS::GPIO_PIN)
 .text._ZN5RODOS8HAL_GPIO4initEbmm
                0x080066ec       0x88 C:\Users\holger\Desktop\Eclipse Luna SR1\Workspace\rodos\Debug_STM32F4\librodos.a(hal_gpio.o)
                0x080066ec                RODOS::HAL_GPIO::init(bool, unsigned long, unsigned long)
 .text._ZN5RODOS8HAL_GPIO6configENS_13GPIO_CFG_TYPEEm
                0x08006774      0x158 C:\Users\holger\Desktop\Eclipse Luna SR1\Workspace\rodos\Debug_STM32F4\librodos.a(hal_gpio.o)
                0x08006774                RODOS::HAL_GPIO::config(RODOS::GPIO_CFG_TYPE, unsigned long)
 .text._ZN5RODOS8HAL_GPIO5resetEv
                0x080068cc       0x3c C:\Users\holger\Desktop\Eclipse Luna SR1\Workspace\rodos\Debug_STM32F4\librodos.a(hal_gpio.o)
                0x080068cc                RODOS::HAL_GPIO::reset()
 .text._ZN5RODOS8HAL_GPIO7setPinsEm
                0x08006908       0x98 C:\Users\holger\Desktop\Eclipse Luna SR1\Workspace\rodos\Debug_STM32F4\librodos.a(hal_gpio.o)
                0x08006908                RODOS::HAL_GPIO::setPins(unsigned long)
 .text._ZN5RODOS8HAL_GPIO11isDataReadyEv
                0x080069a0       0x1c C:\Users\holger\Desktop\Eclipse Luna SR1\Workspace\rodos\Debug_STM32F4\librodos.a(hal_gpio.o)
                0x080069a0                RODOS::HAL_GPIO::isDataReady()
 .text._ZN5RODOS8HAL_GPIO15interruptEnableEb
                0x080069bc      0x158 C:\Users\holger\Desktop\Eclipse Luna SR1\Workspace\rodos\Debug_STM32F4\librodos.a(hal_gpio.o)
                0x080069bc                RODOS::HAL_GPIO::interruptEnable(bool)
 .text.EXTI0_IRQHandler
                0x08006b14       0x24 C:\Users\holger\Desktop\Eclipse Luna SR1\Workspace\rodos\Debug_STM32F4\librodos.a(hal_gpio.o)
                0x08006b14                EXTI0_IRQHandler
 .text.EXTI1_IRQHandler
                0x08006b38       0x24 C:\Users\holger\Desktop\Eclipse Luna SR1\Workspace\rodos\Debug_STM32F4\librodos.a(hal_gpio.o)
                0x08006b38                EXTI1_IRQHandler
 .text.EXTI2_IRQHandler
                0x08006b5c       0x24 C:\Users\holger\Desktop\Eclipse Luna SR1\Workspace\rodos\Debug_STM32F4\librodos.a(hal_gpio.o)
                0x08006b5c                EXTI2_IRQHandler
 .text.EXTI3_IRQHandler
                0x08006b80       0x24 C:\Users\holger\Desktop\Eclipse Luna SR1\Workspace\rodos\Debug_STM32F4\librodos.a(hal_gpio.o)
                0x08006b80                EXTI3_IRQHandler
 .text.EXTI4_IRQHandler
                0x08006ba4       0x24 C:\Users\holger\Desktop\Eclipse Luna SR1\Workspace\rodos\Debug_STM32F4\librodos.a(hal_gpio.o)
                0x08006ba4                EXTI4_IRQHandler
 .text.EXTI9_5_IRQHandler
                0x08006bc8       0x5c C:\Users\holger\Desktop\Eclipse Luna SR1\Workspace\rodos\Debug_STM32F4\librodos.a(hal_gpio.o)
                0x08006bc8                EXTI9_5_IRQHandler
 .text.EXTI15_10_IRQHandler
                0x08006c24       0x5c C:\Users\holger\Desktop\Eclipse Luna SR1\Workspace\rodos\Debug_STM32F4\librodos.a(hal_gpio.o)
                0x08006c24                EXTI15_10_IRQHandler
 .text._ZN5RODOS18GenericIOInterface11isDataReadyEv
                0x08006c80       0x18 C:\Users\holger\Desktop\Eclipse Luna SR1\Workspace\rodos\Debug_STM32F4\librodos.a(hal_i2c.o)
                0x08006c80                RODOS::GenericIOInterface::isDataReady()
 .text._ZN5RODOS10HW_HAL_I2CC2ENS_7I2C_IDXE
                0x08006c98       0x20 C:\Users\holger\Desktop\Eclipse Luna SR1\Workspace\rodos\Debug_STM32F4\librodos.a(hal_i2c.o)
                0x08006c98                RODOS::HW_HAL_I2C::HW_HAL_I2C(RODOS::I2C_IDX)
                0x08006c98                RODOS::HW_HAL_I2C::HW_HAL_I2C(RODOS::I2C_IDX)
 .text._ZN5RODOS10HW_HAL_I2CC2Ev
                0x08006cb8       0x18 C:\Users\holger\Desktop\Eclipse Luna SR1\Workspace\rodos\Debug_STM32F4\librodos.a(hal_i2c.o)
                0x08006cb8                RODOS::HW_HAL_I2C::HW_HAL_I2C()
                0x08006cb8                RODOS::HW_HAL_I2C::HW_HAL_I2C()
 .text._ZN5RODOS7HAL_I2CC2ENS_7I2C_IDXE
                0x08006cd0      0x1d0 C:\Users\holger\Desktop\Eclipse Luna SR1\Workspace\rodos\Debug_STM32F4\librodos.a(hal_i2c.o)
                0x08006cd0                RODOS::HAL_I2C::HAL_I2C(RODOS::I2C_IDX)
                0x08006cd0                RODOS::HAL_I2C::HAL_I2C(RODOS::I2C_IDX)
 .text._ZN5RODOS7HAL_I2C4initEm
                0x08006ea0      0x118 C:\Users\holger\Desktop\Eclipse Luna SR1\Workspace\rodos\Debug_STM32F4\librodos.a(hal_i2c.o)
                0x08006ea0                RODOS::HAL_I2C::init(unsigned long)
 .text._ZN5RODOS7HAL_I2C5resetEv
                0x08006fb8       0x78 C:\Users\holger\Desktop\Eclipse Luna SR1\Workspace\rodos\Debug_STM32F4\librodos.a(hal_i2c.o)
                0x08006fb8                RODOS::HAL_I2C::reset()
 .text._ZN5RODOS7HAL_I2C15isWriteFinishedEv
                0x08007030       0x18 C:\Users\holger\Desktop\Eclipse Luna SR1\Workspace\rodos\Debug_STM32F4\librodos.a(hal_i2c.o)
                0x08007030                RODOS::HAL_I2C::isWriteFinished()
 .text._ZN5RODOS7HAL_I2C14isReadFinishedEv
                0x08007048       0x18 C:\Users\holger\Desktop\Eclipse Luna SR1\Workspace\rodos\Debug_STM32F4\librodos.a(hal_i2c.o)
                0x08007048                RODOS::HAL_I2C::isReadFinished()
 .text._ZN5RODOS7HAL_I2C5writeEhPKhm
                0x08007060       0x68 C:\Users\holger\Desktop\Eclipse Luna SR1\Workspace\rodos\Debug_STM32F4\librodos.a(hal_i2c.o)
                0x08007060                RODOS::HAL_I2C::write(unsigned char, unsigned char const*, unsigned long)
 .text._ZN5RODOS7HAL_I2C9writeReadEhPKhmPhm
                0x080070c8      0x120 C:\Users\holger\Desktop\Eclipse Luna SR1\Workspace\rodos\Debug_STM32F4\librodos.a(hal_i2c.o)
                0x080070c8                RODOS::HAL_I2C::writeRead(unsigned char, unsigned char const*, unsigned long, unsigned char*, unsigned long)
 .text._ZN5RODOS10HW_HAL_I2C15mstrWriteNoStopEhPKhm
                0x080071e8      0x134 C:\Users\holger\Desktop\Eclipse Luna SR1\Workspace\rodos\Debug_STM32F4\librodos.a(hal_i2c.o)
                0x080071e8                RODOS::HW_HAL_I2C::mstrWriteNoStop(unsigned char, unsigned char const*, unsigned long)
 .text._ZN5RODOS10HW_HAL_I2C9mstrWriteEhPKhm
                0x0800731c       0x50 C:\Users\holger\Desktop\Eclipse Luna SR1\Workspace\rodos\Debug_STM32F4\librodos.a(hal_i2c.o)
                0x0800731c                RODOS::HW_HAL_I2C::mstrWrite(unsigned char, unsigned char const*, unsigned long)
 .text._ZN5RODOS10HW_HAL_I2C5startEv
                0x0800736c       0xd0 C:\Users\holger\Desktop\Eclipse Luna SR1\Workspace\rodos\Debug_STM32F4\librodos.a(hal_i2c.o)
                0x0800736c                RODOS::HW_HAL_I2C::start()
 .text._ZN5RODOS10HW_HAL_I2C4stopEv
                0x0800743c       0x74 C:\Users\holger\Desktop\Eclipse Luna SR1\Workspace\rodos\Debug_STM32F4\librodos.a(hal_i2c.o)
                0x0800743c                RODOS::HW_HAL_I2C::stop()
 .text._ZN5RODOS10HW_HAL_I2C8sendAddrEhh
                0x080074b0       0xa0 C:\Users\holger\Desktop\Eclipse Luna SR1\Workspace\rodos\Debug_STM32F4\librodos.a(hal_i2c.o)
                0x080074b0                RODOS::HW_HAL_I2C::sendAddr(unsigned char, unsigned char)
 .text._ZN5RODOS10HW_HAL_I2C15mstrReadNoStartEhPhm
                0x08007550      0x54c C:\Users\holger\Desktop\Eclipse Luna SR1\Workspace\rodos\Debug_STM32F4\librodos.a(hal_i2c.o)
                0x08007550                RODOS::HW_HAL_I2C::mstrReadNoStart(unsigned char, unsigned char*, unsigned long)
 .text._Z41__static_initialization_and_destruction_0ii
                0x08007a9c       0x3c C:\Users\holger\Desktop\Eclipse Luna SR1\Workspace\rodos\Debug_STM32F4\librodos.a(hal_i2c.o)
 .text._GLOBAL__sub_I__ZN5RODOS16I2C_contextArrayE
                0x08007ad8       0x10 C:\Users\holger\Desktop\Eclipse Luna SR1\Workspace\rodos\Debug_STM32F4\librodos.a(hal_i2c.o)
 .text._ZN5RODOS18GenericIOInterface14isReadFinishedEv
                0x08007ae8       0x18 C:\Users\holger\Desktop\Eclipse Luna SR1\Workspace\rodos\Debug_STM32F4\librodos.a(hal_pwm.o)
                0x08007ae8                RODOS::GenericIOInterface::isReadFinished()
 .text._ZN5RODOS7HAL_PWM15isWriteFinishedEv
                0x08007b00       0x18 C:\Users\holger\Desktop\Eclipse Luna SR1\Workspace\rodos\Debug_STM32F4\librodos.a(hal_pwm.o)
                0x08007b00                RODOS::HAL_PWM::isWriteFinished()
 .text._ZN5RODOS7HAL_PWMC2ENS_7PWM_IDXE
                0x08007b18       0x54 C:\Users\holger\Desktop\Eclipse Luna SR1\Workspace\rodos\Debug_STM32F4\librodos.a(hal_pwm.o)
                0x08007b18                RODOS::HAL_PWM::HAL_PWM(RODOS::PWM_IDX)
                0x08007b18                RODOS::HAL_PWM::HAL_PWM(RODOS::PWM_IDX)
 .text._ZN5RODOS7HAL_PWM4initEii
                0x08007b6c      0x67c C:\Users\holger\Desktop\Eclipse Luna SR1\Workspace\rodos\Debug_STM32F4\librodos.a(hal_pwm.o)
                0x08007b6c                RODOS::HAL_PWM::init(int, int)
 .text._ZN5RODOS7HAL_PWM5resetEv
                0x080081e8      0x248 C:\Users\holger\Desktop\Eclipse Luna SR1\Workspace\rodos\Debug_STM32F4\librodos.a(hal_pwm.o)
                0x080081e8                RODOS::HAL_PWM::reset()
 .text._ZN5RODOS7HAL_PWM5writeEj
                0x08008430      0x190 C:\Users\holger\Desktop\Eclipse Luna SR1\Workspace\rodos\Debug_STM32F4\librodos.a(hal_pwm.o)
                0x08008430                RODOS::HAL_PWM::write(unsigned int)
 .text._ZN5RODOS10HW_HAL_PWMC2ENS_7PWM_IDXE
                0x080085c0       0xe0 C:\Users\holger\Desktop\Eclipse Luna SR1\Workspace\rodos\Debug_STM32F4\librodos.a(hal_pwm.o)
                0x080085c0                RODOS::HW_HAL_PWM::HW_HAL_PWM(RODOS::PWM_IDX)
                0x080085c0                RODOS::HW_HAL_PWM::HW_HAL_PWM(RODOS::PWM_IDX)
 .text._ZN5RODOS10HW_HAL_PWM14updateSettingsEv
                0x080086a0      0x10c C:\Users\holger\Desktop\Eclipse Luna SR1\Workspace\rodos\Debug_STM32F4\librodos.a(hal_pwm.o)
                0x080086a0                RODOS::HW_HAL_PWM::updateSettings()
 .text._ZN5RODOS6Thread4initEv
                0x080087ac       0x14 C:\Users\holger\Desktop\Eclipse Luna SR1\Workspace\rodos\Debug_STM32F4\librodos.a(hal_uart.o)
                0x080087ac                RODOS::Thread::init()
 .text.NVIC_EnableIRQ
                0x080087c0       0x30 C:\Users\holger\Desktop\Eclipse Luna SR1\Workspace\rodos\Debug_STM32F4\librodos.a(hal_uart.o)
 .text.NVIC_DisableIRQ
                0x080087f0       0x34 C:\Users\holger\Desktop\Eclipse Luna SR1\Workspace\rodos\Debug_STM32F4\librodos.a(hal_uart.o)
 .text.NVIC_ClearPendingIRQ
                0x08008824       0x34 C:\Users\holger\Desktop\Eclipse Luna SR1\Workspace\rodos\Debug_STM32F4\librodos.a(hal_uart.o)
 .text._ZN5RODOS14ReceiveTriggerC2Ev
                0x08008858       0x30 C:\Users\holger\Desktop\Eclipse Luna SR1\Workspace\rodos\Debug_STM32F4\librodos.a(hal_uart.o)
                0x08008858                RODOS::ReceiveTrigger::ReceiveTrigger()
                0x08008858                RODOS::ReceiveTrigger::ReceiveTrigger()
 .text._ZN5RODOS11HW_HAL_UARTC2Ev
                0x08008888       0x28 C:\Users\holger\Desktop\Eclipse Luna SR1\Workspace\rodos\Debug_STM32F4\librodos.a(hal_uart.o)
                0x08008888                RODOS::HW_HAL_UART::HW_HAL_UART()
                0x08008888                RODOS::HW_HAL_UART::HW_HAL_UART()
 .text._ZN5RODOS14ReceiveTrigger3runEv
                0x080088b0       0xc0 C:\Users\holger\Desktop\Eclipse Luna SR1\Workspace\rodos\Debug_STM32F4\librodos.a(hal_uart.o)
                0x080088b0                RODOS::ReceiveTrigger::run()
 .text._ZN5RODOS8HAL_UARTC2ENS_8UART_IDXE
                0x08008970      0x2f0 C:\Users\holger\Desktop\Eclipse Luna SR1\Workspace\rodos\Debug_STM32F4\librodos.a(hal_uart.o)
                0x08008970                RODOS::HAL_UART::HAL_UART(RODOS::UART_IDX)
                0x08008970                RODOS::HAL_UART::HAL_UART(RODOS::UART_IDX)
 .text.USART1_IRQHandler
                0x08008c60       0x18 C:\Users\holger\Desktop\Eclipse Luna SR1\Workspace\rodos\Debug_STM32F4\librodos.a(hal_uart.o)
                0x08008c60                USART1_IRQHandler
 .text.USART2_IRQHandler
                0x08008c78       0x18 C:\Users\holger\Desktop\Eclipse Luna SR1\Workspace\rodos\Debug_STM32F4\librodos.a(hal_uart.o)
                0x08008c78                USART2_IRQHandler
 .text.USART3_IRQHandler
                0x08008c90       0x18 C:\Users\holger\Desktop\Eclipse Luna SR1\Workspace\rodos\Debug_STM32F4\librodos.a(hal_uart.o)
                0x08008c90                USART3_IRQHandler
 .text.UART4_IRQHandler
                0x08008ca8       0x18 C:\Users\holger\Desktop\Eclipse Luna SR1\Workspace\rodos\Debug_STM32F4\librodos.a(hal_uart.o)
                0x08008ca8                UART4_IRQHandler
 .text.UART5_IRQHandler
                0x08008cc0       0x18 C:\Users\holger\Desktop\Eclipse Luna SR1\Workspace\rodos\Debug_STM32F4\librodos.a(hal_uart.o)
                0x08008cc0                UART5_IRQHandler
 .text.USART6_IRQHandler
                0x08008cd8       0x18 C:\Users\holger\Desktop\Eclipse Luna SR1\Workspace\rodos\Debug_STM32F4\librodos.a(hal_uart.o)
                0x08008cd8                USART6_IRQHandler
 .text.DMA2_Stream7_IRQHandler
                0x08008cf0       0x48 C:\Users\holger\Desktop\Eclipse Luna SR1\Workspace\rodos\Debug_STM32F4\librodos.a(hal_uart.o)
                0x08008cf0                DMA2_Stream7_IRQHandler
 .text.DMA1_Stream3_IRQHandler
                0x08008d38       0x48 C:\Users\holger\Desktop\Eclipse Luna SR1\Workspace\rodos\Debug_STM32F4\librodos.a(hal_uart.o)
                0x08008d38                DMA1_Stream3_IRQHandler
 .text.DMA2_Stream5_IRQHandler
                0x08008d80       0x48 C:\Users\holger\Desktop\Eclipse Luna SR1\Workspace\rodos\Debug_STM32F4\librodos.a(hal_uart.o)
                0x08008d80                DMA2_Stream5_IRQHandler
 .text.DMA1_Stream5_IRQHandler
                0x08008dc8       0x48 C:\Users\holger\Desktop\Eclipse Luna SR1\Workspace\rodos\Debug_STM32F4\librodos.a(hal_uart.o)
                0x08008dc8                DMA1_Stream5_IRQHandler
 .text.DMA1_Stream1_IRQHandler
                0x08008e10       0x48 C:\Users\holger\Desktop\Eclipse Luna SR1\Workspace\rodos\Debug_STM32F4\librodos.a(hal_uart.o)
                0x08008e10                DMA1_Stream1_IRQHandler
 .text._ZN5RODOS8HAL_UART4initEj
                0x08008e58       0x3c C:\Users\holger\Desktop\Eclipse Luna SR1\Workspace\rodos\Debug_STM32F4\librodos.a(hal_uart.o)
                0x08008e58                RODOS::HAL_UART::init(unsigned int)
 .text._ZN5RODOS8HAL_UART5resetEv
                0x08008e94       0x84 C:\Users\holger\Desktop\Eclipse Luna SR1\Workspace\rodos\Debug_STM32F4\librodos.a(hal_uart.o)
                0x08008e94                RODOS::HAL_UART::reset()
 .text._ZN5RODOS8HAL_UART4readEPci
                0x08008f18       0xdc C:\Users\holger\Desktop\Eclipse Luna SR1\Workspace\rodos\Debug_STM32F4\librodos.a(hal_uart.o)
                0x08008f18                RODOS::HAL_UART::read(char*, int)
 .text._ZN5RODOS8HAL_UART13putcharNoWaitEc
                0x08008ff4       0xa8 C:\Users\holger\Desktop\Eclipse Luna SR1\Workspace\rodos\Debug_STM32F4\librodos.a(hal_uart.o)
                0x08008ff4                RODOS::HAL_UART::putcharNoWait(char)
 .text._ZN5RODOS8HAL_UART15isWriteFinishedEv
                0x0800909c       0x58 C:\Users\holger\Desktop\Eclipse Luna SR1\Workspace\rodos\Debug_STM32F4\librodos.a(hal_uart.o)
                0x0800909c                RODOS::HAL_UART::isWriteFinished()
 .text._ZN5RODOS8HAL_UART11isDataReadyEv
                0x080090f4       0x3c C:\Users\holger\Desktop\Eclipse Luna SR1\Workspace\rodos\Debug_STM32F4\librodos.a(hal_uart.o)
                0x080090f4                RODOS::HAL_UART::isDataReady()
 .text._ZN5RODOS11HW_HAL_UART16DMAStartTransferEPvi
                0x08009130       0x54 C:\Users\holger\Desktop\Eclipse Luna SR1\Workspace\rodos\Debug_STM32F4\librodos.a(hal_uart.o)
                0x08009130                RODOS::HW_HAL_UART::DMAStartTransfer(void*, int)
 .text._ZN5RODOS11HW_HAL_UART15DMAStartReceiveEPvi
                0x08009184       0x6c C:\Users\holger\Desktop\Eclipse Luna SR1\Workspace\rodos\Debug_STM32F4\librodos.a(hal_uart.o)
                0x08009184                RODOS::HW_HAL_UART::DMAStartReceive(void*, int)
 .text._ZN5RODOS11HW_HAL_UART26DMATransmitFinishedHandlerEv
                0x080091f0       0x88 C:\Users\holger\Desktop\Eclipse Luna SR1\Workspace\rodos\Debug_STM32F4\librodos.a(hal_uart.o)
                0x080091f0                RODOS::HW_HAL_UART::DMATransmitFinishedHandler()
 .text._ZN5RODOS11HW_HAL_UART25DMAReceiveFinishedHandlerEv
                0x08009278       0x6c C:\Users\holger\Desktop\Eclipse Luna SR1\Workspace\rodos\Debug_STM32F4\librodos.a(hal_uart.o)
                0x08009278                RODOS::HW_HAL_UART::DMAReceiveFinishedHandler()
 .text._ZN5RODOS11HW_HAL_UART16SendTxBufWithDMAEv
                0x080092e4       0x44 C:\Users\holger\Desktop\Eclipse Luna SR1\Workspace\rodos\Debug_STM32F4\librodos.a(hal_uart.o)
                0x080092e4                RODOS::HW_HAL_UART::SendTxBufWithDMA()
 .text._ZN5RODOS11HW_HAL_UART22RceiveIntoRxBufWithDMAEv
                0x08009328       0x68 C:\Users\holger\Desktop\Eclipse Luna SR1\Workspace\rodos\Debug_STM32F4\librodos.a(hal_uart.o)
                0x08009328                RODOS::HW_HAL_UART::RceiveIntoRxBufWithDMA()
 .text._ZN5RODOS11HW_HAL_UART14UARTIRQHandlerEv
                0x08009390      0x168 C:\Users\holger\Desktop\Eclipse Luna SR1\Workspace\rodos\Debug_STM32F4\librodos.a(hal_uart.o)
                0x08009390                RODOS::HW_HAL_UART::UARTIRQHandler()
 .text._ZN5RODOS11HW_HAL_UART17getGPIO_PinSourceEm
                0x080094f8       0x3c C:\Users\holger\Desktop\Eclipse Luna SR1\Workspace\rodos\Debug_STM32F4\librodos.a(hal_uart.o)
                0x080094f8                RODOS::HW_HAL_UART::getGPIO_PinSource(unsigned long)
 .text._ZN5RODOS11HW_HAL_UART23getRCC_APB1Periph_GPIOxEP12GPIO_TypeDef
                0x08009534       0xd4 C:\Users\holger\Desktop\Eclipse Luna SR1\Workspace\rodos\Debug_STM32F4\librodos.a(hal_uart.o)
                0x08009534                RODOS::HW_HAL_UART::getRCC_APB1Periph_GPIOx(GPIO_TypeDef*)
 .text._ZN5RODOS11HW_HAL_UART23getRCC_APBxPeriph_UARTxEv
                0x08009608       0x74 C:\Users\holger\Desktop\Eclipse Luna SR1\Workspace\rodos\Debug_STM32F4\librodos.a(hal_uart.o)
                0x08009608                RODOS::HW_HAL_UART::getRCC_APBxPeriph_UARTx()
 .text._ZN5RODOS11HW_HAL_UART16getGPIO_AF_UARTxEv
                0x0800967c       0x68 C:\Users\holger\Desktop\Eclipse Luna SR1\Workspace\rodos\Debug_STM32F4\librodos.a(hal_uart.o)
                0x0800967c                RODOS::HW_HAL_UART::getGPIO_AF_UARTx()
 .text._ZN5RODOS11HW_HAL_UART13getUARTx_IRQnEv
                0x080096e4       0x58 C:\Users\holger\Desktop\Eclipse Luna SR1\Workspace\rodos\Debug_STM32F4\librodos.a(hal_uart.o)
                0x080096e4                RODOS::HW_HAL_UART::getUARTx_IRQn()
 .text._ZN5RODOS11HW_HAL_UART4initEj
                0x0800973c      0x1a4 C:\Users\holger\Desktop\Eclipse Luna SR1\Workspace\rodos\Debug_STM32F4\librodos.a(hal_uart.o)
                0x0800973c                RODOS::HW_HAL_UART::init(unsigned int)
 .text._ZN5RODOS4FifoIhLi256EED2Ev
                0x080098e0       0x30 C:\Users\holger\Desktop\Eclipse Luna SR1\Workspace\rodos\Debug_STM32F4\librodos.a(hal_uart.o)
                0x080098e0                RODOS::Fifo<unsigned char, 256>::~Fifo()
                0x080098e0                RODOS::Fifo<unsigned char, 256>::~Fifo()
 .text._ZN5RODOS4FifoIhLi256EED0Ev
                0x08009910       0x20 C:\Users\holger\Desktop\Eclipse Luna SR1\Workspace\rodos\Debug_STM32F4\librodos.a(hal_uart.o)
                0x08009910                RODOS::Fifo<unsigned char, 256>::~Fifo()
 .text._ZN5RODOS9BlockFifoIhLi256EEC2Ev
                0x08009930       0x24 C:\Users\holger\Desktop\Eclipse Luna SR1\Workspace\rodos\Debug_STM32F4\librodos.a(hal_uart.o)
                0x08009930                RODOS::BlockFifo<unsigned char, 256>::BlockFifo()
                0x08009930                RODOS::BlockFifo<unsigned char, 256>::BlockFifo()
 .text._ZN5RODOS9BlockFifoIhLi256EE15getBufferToReadERi
                0x08009954       0x60 C:\Users\holger\Desktop\Eclipse Luna SR1\Workspace\rodos\Debug_STM32F4\librodos.a(hal_uart.o)
                0x08009954                RODOS::BlockFifo<unsigned char, 256>::getBufferToRead(int&)
 .text._ZN5RODOS9BlockFifoIhLi256EE13readConcludedEi
                0x080099b4       0x28 C:\Users\holger\Desktop\Eclipse Luna SR1\Workspace\rodos\Debug_STM32F4\librodos.a(hal_uart.o)
                0x080099b4                RODOS::BlockFifo<unsigned char, 256>::readConcluded(int)
 .text._ZN5RODOS9BlockFifoIhLi256EE16getBufferToWriteERi
                0x080099dc       0x80 C:\Users\holger\Desktop\Eclipse Luna SR1\Workspace\rodos\Debug_STM32F4\librodos.a(hal_uart.o)
                0x080099dc                RODOS::BlockFifo<unsigned char, 256>::getBufferToWrite(int&)
 .text._ZN5RODOS9BlockFifoIhLi256EE14writeConcludedEi
                0x08009a5c       0x28 C:\Users\holger\Desktop\Eclipse Luna SR1\Workspace\rodos\Debug_STM32F4\librodos.a(hal_uart.o)
                0x08009a5c                RODOS::BlockFifo<unsigned char, 256>::writeConcluded(int)
 .text._ZN5RODOS4FifoIhLi256EE3getERh
                0x08009a84       0x58 C:\Users\holger\Desktop\Eclipse Luna SR1\Workspace\rodos\Debug_STM32F4\librodos.a(hal_uart.o)
                0x08009a84                RODOS::Fifo<unsigned char, 256>::get(unsigned char&)
 .text._ZN5RODOS4FifoIhLi256EE3putERKh
                0x08009adc       0x58 C:\Users\holger\Desktop\Eclipse Luna SR1\Workspace\rodos\Debug_STM32F4\librodos.a(hal_uart.o)
                0x08009adc                RODOS::Fifo<unsigned char, 256>::put(unsigned char const&)
 .text._ZN5RODOS4FifoIhLi256EE7isEmptyEv
                0x08009b34       0x2c C:\Users\holger\Desktop\Eclipse Luna SR1\Workspace\rodos\Debug_STM32F4\librodos.a(hal_uart.o)
                0x08009b34                RODOS::Fifo<unsigned char, 256>::isEmpty()
 .text._ZN5RODOS4FifoIhLi256EEC2Ev
                0x08009b60       0x34 C:\Users\holger\Desktop\Eclipse Luna SR1\Workspace\rodos\Debug_STM32F4\librodos.a(hal_uart.o)
                0x08009b60                RODOS::Fifo<unsigned char, 256>::Fifo()
                0x08009b60                RODOS::Fifo<unsigned char, 256>::Fifo()
 .text._ZN5RODOS9BlockFifoIhLi256EE14advanceIndexExEii
                0x08009b94       0x34 C:\Users\holger\Desktop\Eclipse Luna SR1\Workspace\rodos\Debug_STM32F4\librodos.a(hal_uart.o)
                0x08009b94                RODOS::BlockFifo<unsigned char, 256>::advanceIndexEx(int, int)
 .text._ZN5RODOS4FifoIhLi256EE12advanceIndexEi
                0x08009bc8       0x24 C:\Users\holger\Desktop\Eclipse Luna SR1\Workspace\rodos\Debug_STM32F4\librodos.a(hal_uart.o)
                0x08009bc8                RODOS::Fifo<unsigned char, 256>::advanceIndex(int)
 .text._ZN5RODOS9BlockFifoIhLi256EED2Ev
                0x08009bec       0x30 C:\Users\holger\Desktop\Eclipse Luna SR1\Workspace\rodos\Debug_STM32F4\librodos.a(hal_uart.o)
                0x08009bec                RODOS::BlockFifo<unsigned char, 256>::~BlockFifo()
                0x08009bec                RODOS::BlockFifo<unsigned char, 256>::~BlockFifo()
 .text._ZN5RODOS9BlockFifoIhLi256EED0Ev
                0x08009c1c       0x20 C:\Users\holger\Desktop\Eclipse Luna SR1\Workspace\rodos\Debug_STM32F4\librodos.a(hal_uart.o)
                0x08009c1c                RODOS::BlockFifo<unsigned char, 256>::~BlockFifo()
 .text._ZN5RODOS14ReceiveTriggerD2Ev
                0x08009c3c       0x30 C:\Users\holger\Desktop\Eclipse Luna SR1\Workspace\rodos\Debug_STM32F4\librodos.a(hal_uart.o)
                0x08009c3c                RODOS::ReceiveTrigger::~ReceiveTrigger()
                0x08009c3c                RODOS::ReceiveTrigger::~ReceiveTrigger()
 .text._ZN5RODOS14ReceiveTriggerD0Ev
                0x08009c6c       0x20 C:\Users\holger\Desktop\Eclipse Luna SR1\Workspace\rodos\Debug_STM32F4\librodos.a(hal_uart.o)
                0x08009c6c                RODOS::ReceiveTrigger::~ReceiveTrigger()
 .text._ZN5RODOS11HW_HAL_UARTD2Ev
                0x08009c8c       0x28 C:\Users\holger\Desktop\Eclipse Luna SR1\Workspace\rodos\Debug_STM32F4\librodos.a(hal_uart.o)
                0x08009c8c                RODOS::HW_HAL_UART::~HW_HAL_UART()
                0x08009c8c                RODOS::HW_HAL_UART::~HW_HAL_UART()
 .text.__tcf_0  0x08009cb4       0x2c C:\Users\holger\Desktop\Eclipse Luna SR1\Workspace\rodos\Debug_STM32F4\librodos.a(hal_uart.o)
 .text._Z41__static_initialization_and_destruction_0ii
                0x08009ce0       0x68 C:\Users\holger\Desktop\Eclipse Luna SR1\Workspace\rodos\Debug_STM32F4\librodos.a(hal_uart.o)
 .text._ZN5RODOS4FifoIhLi256EE10putGenericEljPKvRKNS_10NetMsgInfoE
                0x08009d48       0x34 C:\Users\holger\Desktop\Eclipse Luna SR1\Workspace\rodos\Debug_STM32F4\librodos.a(hal_uart.o)
                0x08009d48                RODOS::Fifo<unsigned char, 256>::putGeneric(long, unsigned int, void const*, RODOS::NetMsgInfo const&)
 .text._GLOBAL__sub_I__ZN5RODOS17UART_contextArrayE
                0x08009d7c       0x10 C:\Users\holger\Desktop\Eclipse Luna SR1\Workspace\rodos\Debug_STM32F4\librodos.a(hal_uart.o)
 .text.DMA_Cmd  0x08009d8c       0x38 C:\Users\holger\Desktop\Eclipse Luna SR1\Workspace\rodos\Debug_STM32F4\librodos.a(stm32f4xx_dma.o)
                0x08009d8c                DMA_Cmd
 .text.DMA_GetCurrDataCounter
                0x08009dc4       0x1c C:\Users\holger\Desktop\Eclipse Luna SR1\Workspace\rodos\Debug_STM32F4\librodos.a(stm32f4xx_dma.o)
                0x08009dc4                DMA_GetCurrDataCounter
 .text.DMA_GetCmdStatus
                0x08009de0       0x30 C:\Users\holger\Desktop\Eclipse Luna SR1\Workspace\rodos\Debug_STM32F4\librodos.a(stm32f4xx_dma.o)
                0x08009de0                DMA_GetCmdStatus
 .text.DMA_GetITStatus
                0x08009e10       0xb0 C:\Users\holger\Desktop\Eclipse Luna SR1\Workspace\rodos\Debug_STM32F4\librodos.a(stm32f4xx_dma.o)
                0x08009e10                DMA_GetITStatus
 .text.DMA_ClearITPendingBit
                0x08009ec0       0x5c C:\Users\holger\Desktop\Eclipse Luna SR1\Workspace\rodos\Debug_STM32F4\librodos.a(stm32f4xx_dma.o)
                0x08009ec0                DMA_ClearITPendingBit
 .text.GPIO_DeInit
                0x08009f1c      0x164 C:\Users\holger\Desktop\Eclipse Luna SR1\Workspace\rodos\Debug_STM32F4\librodos.a(stm32f4xx_gpio.o)
                0x08009f1c                GPIO_DeInit
 .text.GPIO_Init
                0x0800a080      0x11c C:\Users\holger\Desktop\Eclipse Luna SR1\Workspace\rodos\Debug_STM32F4\librodos.a(stm32f4xx_gpio.o)
                0x0800a080                GPIO_Init
 .text.GPIO_StructInit
                0x0800a19c       0x34 C:\Users\holger\Desktop\Eclipse Luna SR1\Workspace\rodos\Debug_STM32F4\librodos.a(stm32f4xx_gpio.o)
                0x0800a19c                GPIO_StructInit
 .text.GPIO_ReadOutputData
                0x0800a1d0       0x1c C:\Users\holger\Desktop\Eclipse Luna SR1\Workspace\rodos\Debug_STM32F4\librodos.a(stm32f4xx_gpio.o)
                0x0800a1d0                GPIO_ReadOutputData
 .text.GPIO_ResetBits
                0x0800a1ec       0x1c C:\Users\holger\Desktop\Eclipse Luna SR1\Workspace\rodos\Debug_STM32F4\librodos.a(stm32f4xx_gpio.o)
                0x0800a1ec                GPIO_ResetBits
 .text.GPIO_Write
                0x0800a208       0x1c C:\Users\holger\Desktop\Eclipse Luna SR1\Workspace\rodos\Debug_STM32F4\librodos.a(stm32f4xx_gpio.o)
                0x0800a208                GPIO_Write
 .text.GPIO_PinAFConfig
                0x0800a224       0x8c C:\Users\holger\Desktop\Eclipse Luna SR1\Workspace\rodos\Debug_STM32F4\librodos.a(stm32f4xx_gpio.o)
                0x0800a224                GPIO_PinAFConfig
 .text.I2C_DeInit
                0x0800a2b0       0x74 C:\Users\holger\Desktop\Eclipse Luna SR1\Workspace\rodos\Debug_STM32F4\librodos.a(stm32f4xx_i2c.o)
                0x0800a2b0                I2C_DeInit
 .text.I2C_Init
                0x0800a324      0x184 C:\Users\holger\Desktop\Eclipse Luna SR1\Workspace\rodos\Debug_STM32F4\librodos.a(stm32f4xx_i2c.o)
                0x0800a324                I2C_Init
 .text.I2C_Cmd  0x0800a4a8       0x40 C:\Users\holger\Desktop\Eclipse Luna SR1\Workspace\rodos\Debug_STM32F4\librodos.a(stm32f4xx_i2c.o)
                0x0800a4a8                I2C_Cmd
 .text.I2C_GenerateSTART
                0x0800a4e8       0x40 C:\Users\holger\Desktop\Eclipse Luna SR1\Workspace\rodos\Debug_STM32F4\librodos.a(stm32f4xx_i2c.o)
                0x0800a4e8                I2C_GenerateSTART
 .text.I2C_GenerateSTOP
                0x0800a528       0x40 C:\Users\holger\Desktop\Eclipse Luna SR1\Workspace\rodos\Debug_STM32F4\librodos.a(stm32f4xx_i2c.o)
                0x0800a528                I2C_GenerateSTOP
 .text.I2C_Send7bitAddress
                0x0800a568       0x3c C:\Users\holger\Desktop\Eclipse Luna SR1\Workspace\rodos\Debug_STM32F4\librodos.a(stm32f4xx_i2c.o)
                0x0800a568                I2C_Send7bitAddress
 .text.I2C_AcknowledgeConfig
                0x0800a5a4       0x40 C:\Users\holger\Desktop\Eclipse Luna SR1\Workspace\rodos\Debug_STM32F4\librodos.a(stm32f4xx_i2c.o)
                0x0800a5a4                I2C_AcknowledgeConfig
 .text.I2C_SendData
                0x0800a5e4       0x20 C:\Users\holger\Desktop\Eclipse Luna SR1\Workspace\rodos\Debug_STM32F4\librodos.a(stm32f4xx_i2c.o)
                0x0800a5e4                I2C_SendData
 .text.I2C_ReceiveData
                0x0800a604       0x1c C:\Users\holger\Desktop\Eclipse Luna SR1\Workspace\rodos\Debug_STM32F4\librodos.a(stm32f4xx_i2c.o)
                0x0800a604                I2C_ReceiveData
 .text.I2C_CheckEvent
                0x0800a620       0x60 C:\Users\holger\Desktop\Eclipse Luna SR1\Workspace\rodos\Debug_STM32F4\librodos.a(stm32f4xx_i2c.o)
                0x0800a620                I2C_CheckEvent
 .text.I2C_GetFlagStatus
                0x0800a680       0x68 C:\Users\holger\Desktop\Eclipse Luna SR1\Workspace\rodos\Debug_STM32F4\librodos.a(stm32f4xx_i2c.o)
                0x0800a680                I2C_GetFlagStatus
 .text.I2C_ClearFlag
                0x0800a6e8       0x2c C:\Users\holger\Desktop\Eclipse Luna SR1\Workspace\rodos\Debug_STM32F4\librodos.a(stm32f4xx_i2c.o)
                0x0800a6e8                I2C_ClearFlag
 .text.RCC_LSICmd
                0x0800a714       0x20 C:\Users\holger\Desktop\Eclipse Luna SR1\Workspace\rodos\Debug_STM32F4\librodos.a(stm32f4xx_rcc.o)
                0x0800a714                RCC_LSICmd
 .text.RCC_GetClocksFreq
                0x0800a734      0x154 C:\Users\holger\Desktop\Eclipse Luna SR1\Workspace\rodos\Debug_STM32F4\librodos.a(stm32f4xx_rcc.o)
                0x0800a734                RCC_GetClocksFreq
 .text.RCC_AHB1PeriphClockCmd
                0x0800a888       0x3c C:\Users\holger\Desktop\Eclipse Luna SR1\Workspace\rodos\Debug_STM32F4\librodos.a(stm32f4xx_rcc.o)